Component: ARM Compiler 5.06 update 5 (build 528) Tool: armlink [4d35e2]

==============================================================================

Section Cross References

    main.o(i.main) refers to ml_uart.o(i.uart_init) for uart_init
    main.o(i.main) refers to motor.o(i.control_speed) for control_speed
    main.o(i.main) refers to ml_delay.o(i.delay_ms) for delay_ms
    main.o(i.main) refers to motor.o(i.motor_init) for motor_init
    main.o(i.main) refers to ml_oled.o(i.OLED_Init) for OLED_Init
    main.o(i.main) refers to ml_oled.o(i.OLED_Clear) for OLED_Clear
    main.o(i.main) refers to ml_oled.o(i.OLED_ShowString) for OLED_ShowString
    main.o(i.main) refers to scs_servo.o(i.scs_init) for scs_init
    main.o(i.main) refers to scs_servo.o(i.scs_torque_enable) for scs_torque_enable
    main.o(i.main) refers to scs_servo.o(i.scs_write_pos) for scs_write_pos
    main.o(i.main) refers to app_key.o(i.app_key_init) for app_key_init
    main.o(i.main) refers to app_key.o(i.app_key_update) for app_key_update
    main.o(i.main) refers to app_key.o(i.app_key_is_pressed) for app_key_is_pressed
    main.o(i.main) refers to ml_oled.o(i.OLED_ShowNum) for OLED_ShowNum
    isr.o(i.EXTI2_IRQHandler) refers to ml_gpio.o(i.gpio_get) for gpio_get
    isr.o(i.EXTI2_IRQHandler) refers to motor.o(.data) for Encoder_count1
    isr.o(i.EXTI4_IRQHandler) refers to ml_gpio.o(i.gpio_get) for gpio_get
    isr.o(i.EXTI4_IRQHandler) refers to motor.o(.data) for Encoder_count2
    isr.o(i.EXTI9_5_IRQHandler) refers to ml_mpu6050.o(i.MPU6050_GetData) for MPU6050_GetData
    isr.o(i.EXTI9_5_IRQHandler) refers to ml_hmc5883l.o(i.HMC5883L_GetData) for HMC5883L_GetData
    isr.o(i.EXTI9_5_IRQHandler) refers to fflt_clz.o(x$fpl$fflt) for __aeabi_i2f
    isr.o(i.EXTI9_5_IRQHandler) refers to fdiv.o(x$fpl$fdiv) for __aeabi_fdiv
    isr.o(i.EXTI9_5_IRQHandler) refers to fmul.o(x$fpl$fmul) for __aeabi_fmul
    isr.o(i.EXTI9_5_IRQHandler) refers to faddsub_clz.o(x$fpl$fadd) for __aeabi_fadd
    isr.o(i.EXTI9_5_IRQHandler) refers to f2d.o(x$fpl$f2d) for __aeabi_f2d
    isr.o(i.EXTI9_5_IRQHandler) refers to atan.o(i.atan) for atan
    isr.o(i.EXTI9_5_IRQHandler) refers to dmul.o(x$fpl$dmul) for __aeabi_dmul
    isr.o(i.EXTI9_5_IRQHandler) refers to d2f.o(x$fpl$d2f) for __aeabi_d2f
    isr.o(i.EXTI9_5_IRQHandler) refers to atan2.o(i.atan2) for atan2
    isr.o(i.EXTI9_5_IRQHandler) refers to filter.o(i.Kalman_Filter) for Kalman_Filter
    isr.o(i.EXTI9_5_IRQHandler) refers to ml_mpu6050.o(.data) for gx
    isr.o(i.EXTI9_5_IRQHandler) refers to ml_hmc5883l.o(.data) for hmc_y
    isr.o(i.EXTI9_5_IRQHandler) refers to filter.o(.data) for KF_Roll
    isr.o(i.TIM3_IRQHandler) refers to pid.o(i.pid_control) for pid_control
    isr.o(i.USART1_IRQHandler) refers to track_control.o(i.track_uart_rx) for track_uart_rx
    isr.o(i.USART3_IRQHandler) refers to track_control.o(i.track_uart_rx) for track_uart_rx
    app_motor.o(i.app_motor_backward) refers to app_motor.o(i.app_motor_abs_i16) for app_motor_abs_i16
    app_motor.o(i.app_motor_backward) refers to app_motor.o(i.app_motor_set) for app_motor_set
    app_motor.o(i.app_motor_forward) refers to app_motor.o(i.app_motor_abs_i16) for app_motor_abs_i16
    app_motor.o(i.app_motor_forward) refers to app_motor.o(i.app_motor_set) for app_motor_set
    app_motor.o(i.app_motor_init) refers to motor.o(i.IIC_Motor_Init) for IIC_Motor_Init
    app_motor.o(i.app_motor_init) refers to app_motor.o(i.app_motor_stop) for app_motor_stop
    app_motor.o(i.app_motor_set) refers to motor.o(i.control_speed) for control_speed
    app_motor.o(i.app_motor_stop) refers to app_motor.o(i.app_motor_set) for app_motor_set
    app_motor.o(i.app_motor_turn_left) refers to app_motor.o(i.app_motor_abs_i16) for app_motor_abs_i16
    app_motor.o(i.app_motor_turn_left) refers to app_motor.o(i.app_motor_set) for app_motor_set
    app_motor.o(i.app_motor_turn_right) refers to app_motor.o(i.app_motor_abs_i16) for app_motor_abs_i16
    app_motor.o(i.app_motor_turn_right) refers to app_motor.o(i.app_motor_set) for app_motor_set
    app_module_test.o(i.app_test_adc_oled) refers to adc_filter_test.o(i.adc_filter_test_run) for adc_filter_test_run
    app_module_test.o(i.app_test_motor_basic) refers to motor_test.o(i.motor_test_run) for motor_test_run
    app_module_test.o(i.app_test_oled_basic) refers to oled_test.o(i.oled_test_run) for oled_test_run
    app_module_test.o(i.app_test_pwm_servo) refers to servo_test.o(i.servo_test_run) for servo_test_run
    app_module_test.o(i.app_test_uart_basic) refers to uart_test.o(i.uart_test_run) for uart_test_run
    oled_test.o(i.oled_test_run) refers to ml_oled.o(i.OLED_Init) for OLED_Init
    oled_test.o(i.oled_test_run) refers to ml_oled.o(i.OLED_Clear) for OLED_Clear
    oled_test.o(i.oled_test_run) refers to ml_oled.o(i.OLED_ShowString) for OLED_ShowString
    oled_test.o(i.oled_test_run) refers to ml_oled.o(i.OLED_ShowSignedNum) for OLED_ShowSignedNum
[...]
    .ARM.Collect$$rtentry$$0000000D          0x080001d2   Section        8  __rtentry2.o(.ARM.Collect$$rtentry$$0000000D)
    .ARM.Collect$$rtexit$$00000000           0x080001da   Section        2  rtexit.o(.ARM.Collect$$rtexit$$00000000)
    .ARM.Collect$$rtexit$$00000002           0x080001dc   Section        0  rtexit2.o(.ARM.Collect$$rtexit$$00000002)
    .ARM.Collect$$rtexit$$00000003           0x080001dc   Section        4  rtexit2.o(.ARM.Collect$$rtexit$$00000003)
    .ARM.Collect$$rtexit$$00000004           0x080001e0   Section        6  rtexit2.o(.ARM.Collect$$rtexit$$00000004)
    .text                                    0x080001e8   Section       64  startup_stm32f10x_md.o(.text)
    .text                                    0x08000228   Section        2  use_no_semi_2.o(.text)
    .text                                    0x0800022c   Section        0  __2sprintf.o(.text)
    .text                                    0x08000258   Section        0  _printf_dec.o(.text)
    .text                                    0x080002d0   Section        0  __printf_flags_ss_wp.o(.text)
    .text                                    0x08000458   Section        0  heapauxi.o(.text)
    .text                                    0x0800045e   Section        2  use_no_semi.o(.text)
    .text                                    0x08000460   Section        0  _printf_intcommon.o(.text)
    .text                                    0x08000512   Section        0  _printf_fp_dec.o(.text)
    _fp_digits                               0x08000515   Thumb Code   432  _printf_fp_dec.o(.text)
    .text                                    0x08000930   Section        0  _printf_char_common.o(.text)
    _printf_input_char                       0x08000931   Thumb Code    10  _printf_char_common.o(.text)
    .text                                    0x08000960   Section        0  _sputc.o(.text)
    .text                                    0x0800096c   Section        8  rt_locale_intlibspace.o(.text)
    .text                                    0x08000974   Section      138  lludiv10.o(.text)
    .text                                    0x08000a00   Section        0  _printf_fp_infnan.o(.text)
    .text                                    0x08000a80   Section        0  bigflt0.o(.text)
    .text                                    0x08000b64   Section        8  libspace.o(.text)
    .text                                    0x08000b6c   Section       74  sys_stackheap_outer.o(.text)
    .text                                    0x08000bb6   Section        0  exit.o(.text)
    .text                                    0x08000bc8   Section      128  strcmpv7m.o(.text)
    CL$$btod_d2e                             0x08000c48   Section       62  btod.o(CL$$btod_d2e)
    CL$$btod_d2e_denorm_low                  0x08000c86   Section       70  btod.o(CL$$btod_d2e_denorm_low)
    CL$$btod_d2e_norm_op1                    0x08000ccc   Section       96  btod.o(CL$$btod_d2e_norm_op1)
    CL$$btod_div_common                      0x08000d2c   Section      824  btod.o(CL$$btod_div_common)
    CL$$btod_e2e                             0x08001064   Section      220  btod.o(CL$$btod_e2e)
    CL$$btod_ediv                            0x08001140   Section       42  btod.o(CL$$btod_ediv)
    CL$$btod_emul                            0x0800116a   Section       42  btod.o(CL$$btod_emul)
    CL$$btod_mult_common                     0x08001194   Section      580  btod.o(CL$$btod_mult_common)
    i.EXTI0_IRQHandler                       0x080013d8   Section        0  isr.o(i.EXTI0_IRQHandler)
    i.EXTI1_IRQHandler                       0x080013f0   Section        0  isr.o(i.EXTI1_IRQHandler)
    i.EXTI2_IRQHandler                       0x08001408   Section        0  isr.o(i.EXTI2_IRQHandler)
    i.EXTI3_IRQHandler                       0x08001444   Section        0  isr.o(i.EXTI3_IRQHandler)
    i.EXTI4_IRQHandler                       0x0800145c   Section        0  isr.o(i.EXTI4_IRQHandler)
    i.EXTI9_5_IRQHandler                     0x08001498   Section        0  isr.o(i.EXTI9_5_IRQHandler)
    i.HMC5883L_GetData                       0x08001758   Section        0  ml_hmc5883l.o(i.HMC5883L_GetData)
    i.I2C_NotSendAck                         0x08001848   Section        0  ml_i2c.o(i.I2C_NotSendAck)
    i.I2C_ReceiveByte                        0x08001876   Section        0  ml_i2c.o(i.I2C_ReceiveByte)
    i.I2C_SendByte                           0x080018cc   Section        0  ml_i2c.o(i.I2C_SendByte)
    i.I2C_Start                              0x08001920   Section        0  ml_i2c.o(i.I2C_Start)
    i.I2C_Stop                               0x08001958   Section        0  ml_i2c.o(i.I2C_Stop)
    i.I2C_WaitAck                            0x08001986   Section        0  ml_i2c.o(i.I2C_WaitAck)
    i.IIC_Motor_Init                         0x080019e8   Section        0  motor.o(i.IIC_Motor_Init)
    i.Kalman_Filter                          0x08001a84   Section        0  filter.o(i.Kalman_Filter)
    i.MPU6050_GetData                        0x08001bc4   Section        0  ml_mpu6050.o(i.MPU6050_GetData)
    i.MPU6050_Read                           0x08001c7c   Section        0  ml_mpu6050.o(i.MPU6050_Read)
    i.NVIC_Group_Config                      0x08001cbc   Section        0  ml_nvic.o(i.NVIC_Group_Config)
    i.NVIC_init                              0x08001ce4   Section        0  ml_nvic.o(i.NVIC_init)
    i.OLED_Clear                             0x08001d30   Section        0  ml_oled.o(i.OLED_Clear)
    i.OLED_I2C_Init                          0x08001d5a   Section        0  ml_oled.o(i.OLED_I2C_Init)
    i.OLED_I2C_SendByte                      0x08001d86   Section        0  ml_oled.o(i.OLED_I2C_SendByte)
    i.OLED_I2C_Start                         0x08001dd0   Section        0  ml_oled.o(i.OLED_I2C_Start)
    i.OLED_I2C_Stop                          0x08001dfc   Section        0  ml_oled.o(i.OLED_I2C_Stop)
    i.OLED_Init                              0x08001e1e   Section        0  ml_oled.o(i.OLED_Init)
    i.OLED_Pow                               0x08001ecc   Section        0  ml_oled.o(i.OLED_Pow)
    i.OLED_SetCursor                         0x08001ee0   Section        0  ml_oled.o(i.OLED_SetCursor)
    i.OLED_ShowChar                          0x08001f04   Section        0  ml_oled.o(i.OLED_ShowChar)
    i.OLED_ShowNum                           0x08001f78   Section        0  ml_oled.o(i.OLED_ShowNum)
    i.OLED_ShowString                        0x08001fbc   Section        0  ml_oled.o(i.OLED_ShowString)
    i.OLED_WriteCommand                      0x08001fe4   Section        0  ml_oled.o(i.OLED_WriteCommand)
    i.OLED_WriteData                         0x08002004   Section        0  ml_oled.o(i.OLED_WriteData)
    i.PID_IR_Calc                            0x08002024   Section        0  gray_track.o(i.PID_IR_Calc)
    PID_IR_Calc                              0x08002025   Thumb Code    58  gray_track.o(i.PID_IR_Calc)
    i.SetSysClock                            0x08002068   Section        0  system_stm32f10x.o(i.SetSysClock)
    SetSysClock                              0x08002069   Thumb Code     8  system_stm32f10x.o(i.SetSysClock)
    i.SetSysClockTo72                        0x08002070   Section        0  system_stm32f10x.o(i.SetSysClockTo72)
    SetSysClockTo72                          0x08002071   Thumb Code   214  system_stm32f10x.o(i.SetSysClockTo72)
    i.Set_Pluse_Phase                        0x08002150   Section        0  motor.o(i.Set_Pluse_Phase)
    i.Set_Pluse_line                         0x08002178   Section        0  motor.o(i.Set_Pluse_line)
    i.Set_Wheel_dis                          0x080021a0   Section        0  motor.o(i.Set_Wheel_dis)
    i.Set_motor_deadzone                     0x080021d8   Section        0  motor.o(i.Set_motor_deadzone)
    i.Set_motor_type                         0x08002204   Section        0  motor.o(i.Set_motor_type)
    i.SystemInit                             0x0800222c   Section        0  system_stm32f10x.o(i.SystemInit)
    i.TIM2_IRQHandler                        0x0800228c   Section        0  isr.o(i.TIM2_IRQHandler)
    i.TIM3_IRQHandler                        0x080022ac   Section        0  isr.o(i.TIM3_IRQHandler)
    i.TIM4_IRQHandler                        0x080022d0   Section        0  isr.o(i.TIM4_IRQHandler)
    i.USART1_IRQHandler                      0x080022ec   Section        0  isr.o(i.USART1_IRQHandler)
    i.USART2_IRQHandler                      0x08002314   Section        0  isr.o(i.USART2_IRQHandler)
    i.USART3_IRQHandler                      0x08002330   Section        0  isr.o(i.USART3_IRQHandler)
    i.__ARM_fpclassify                       0x08002358   Section        0  fpclassify.o(i.__ARM_fpclassify)
    i.__kernel_poly                          0x08002380   Section        0  poly.o(i.__kernel_poly)
    i.__mathlib_dbl_infnan                   0x0800242a   Section        0  dunder.o(i.__mathlib_dbl_infnan)
    i.__mathlib_dbl_infnan2                  0x08002430   Section        0  dunder.o(i.__mathlib_dbl_infnan2)
    i.__mathlib_dbl_underflow                0x08002434   Section        0  dunder.o(i.__mathlib_dbl_underflow)
    i._is_digit                              0x08002444   Section        0  __printf_wp.o(i._is_digit)
    i._sys_exit                              0x08002452   Section        0  ml_uart.o(i._sys_exit)
    i.app_key_init                           0x08002456   Section        0  app_key.o(i.app_key_init)
    i.app_key_is_pressed                     0x080024aa   Section        0  app_key.o(i.app_key_is_pressed)
    i.app_key_update                         0x080024c2   Section        0  app_key.o(i.app_key_update)
    i.atan                                   0x08002510   Section        0  atan.o(i.atan)
    i.atan2                                  0x08002730   Section        0  atan2.o(i.atan2)
    i.control_speed                          0x080028b0   Section        0  motor.o(i.control_speed)
    i.deal_track_package                     0x080028f0   Section        0  track_control.o(i.deal_track_package)
    deal_track_package                       0x080028f1   Thumb Code   250  track_control.o(i.deal_track_package)
    i.delay_ms                               0x08002a08   Section        0  ml_delay.o(i.delay_ms)
    i.delay_us                               0x08002a20   Section        0  ml_delay.o(i.delay_us)
    i.digtal                                 0x08002a4e   Section        0  gray_track.o(i.digtal)
    i.duty_to_speed                          0x08002b0c   Section        0  motor.o(i.duty_to_speed)
    duty_to_speed                            0x08002b0d   Thumb Code    48  motor.o(i.duty_to_speed)
    i.gpio_get                               0x08002b3c   Section        0  ml_gpio.o(i.gpio_get)
    i.gpio_init                              0x08002b60   Section        0  ml_gpio.o(i.gpio_init)
    i.gpio_set                               0x08002d04   Section        0  ml_gpio.o(i.gpio_set)
    i.limit_int                              0x08002d44   Section        0  gray_track.o(i.limit_int)
    limit_int                                0x08002d45   Thumb Code    22  gray_track.o(i.limit_int)
    i.mag_read                               0x08002d5a   Section        0  ml_hmc5883l.o(i.mag_read)
    mag_read                                 0x08002d5b   Thumb Code    68  ml_hmc5883l.o(i.mag_read)
    i.main                                   0x08002da0   Section        0  main.o(i.main)
    i.motorA_duty                            0x08002f28   Section        0  motor.o(i.motorA_duty)
    i.motorB_duty                            0x08002f60   Section        0  motor.o(i.motorB_duty)
    i.motor_init                             0x08002f98   Section        0  motor.o(i.motor_init)
    i.motor_target_set                       0x08002fa0   Section        0  pid.o(i.motor_target_set)
    i.motor_uart_send_cmd                    0x08003004   Section        0  motor.o(i.motor_uart_send_cmd)
    motor_uart_send_cmd                      0x08003005   Thumb Code    14  motor.o(i.motor_uart_send_cmd)
    i.pid_cal                                0x08003012   Section        0  pid.o(i.pid_cal)
    i.pid_control                            0x080030d4   Section        0  pid.o(i.pid_control)
    i.pidout_limit                           0x08003178   Section        0  pid.o(i.pidout_limit)
    i.scs_init                               0x080031a0   Section        0  scs_servo.o(i.scs_init)
    i.scs_send_packet                        0x080031fc   Section        0  scs_servo.o(i.scs_send_packet)
    scs_send_packet                          0x080031fd   Thumb Code    94  scs_servo.o(i.scs_send_packet)
    i.scs_torque_enable                      0x0800325a   Section        0  scs_servo.o(i.scs_torque_enable)
    i.scs_write_pos                          0x08003280   Section        0  scs_servo.o(i.scs_write_pos)
    i.track                                  0x080032d0   Section        0  gray_track.o(i.track)
    i.track_uart_rx                          0x0800353c   Section        0  track_control.o(i.track_uart_rx)
    i.u3_send                                0x08003608   Section        0  scs_servo.o(i.u3_send)
    u3_send                                  0x08003609   Thumb Code    22  scs_servo.o(i.u3_send)
    i.uart_baud_config                       0x08003624   Section        0  ml_uart.o(i.uart_baud_config)
    i.uart_init                              0x080036c4   Section        0  ml_uart.o(i.uart_init)
    i.uart_pin_init                          0x08003728   Section        0  ml_uart.o(i.uart_pin_init)
    i.uart_sendbyte                          0x08003780   Section        0  ml_uart.o(i.uart_sendbyte)
    i.uart_sendstr                           0x080037a0   Section        0  ml_uart.o(i.uart_sendstr)
    locale$$code                             0x080037bc   Section       44  lc_numeric_c.o(locale$$code)
    x$fpl$d2f                                0x080037e8   Section       98  d2f.o(x$fpl$d2f)
    x$fpl$dadd                               0x0800384c   Section      336  daddsub_clz.o(x$fpl$dadd)
    _dadd1                                   0x0800385d   Thumb Code     0  daddsub_clz.o(x$fpl$dadd)
    x$fpl$dcheck1                            0x0800399c   Section       16  dcheck1.o(x$fpl$dcheck1)
    x$fpl$ddiv                               0x080039ac   Section      688  ddiv.o(x$fpl$ddiv)
    ddiv_entry                               0x080039b3   Thumb Code     0  ddiv.o(x$fpl$ddiv)
    x$fpl$dflt                               0x08003c5c   Section       46  dflt_clz.o(x$fpl$dflt)
    x$fpl$dfltu                              0x08003c8a   Section       38  dflt_clz.o(x$fpl$dfltu)
    x$fpl$dmul                               0x08003cb0   Section      340  dmul.o(x$fpl$dmul)
    x$fpl$dnaninf                            0x08003e04   Section      156  dnaninf.o(x$fpl$dnaninf)
    x$fpl$dretinf                            0x08003ea0   Section       12  dretinf.o(x$fpl$dretinf)
    x$fpl$drsb                               0x08003eac   Section       22  daddsub_clz.o(x$fpl$drsb)
    x$fpl$dsub                               0x08003ec4   Section      468  daddsub_clz.o(x$fpl$dsub)
    _dsub1                                   0x08003ed5   Thumb Code     0  daddsub_clz.o(x$fpl$dsub)
    x$fpl$f2d                                0x08004098   Section       86  f2d.o(x$fpl$f2d)
    x$fpl$fadd                               0x080040f0   Section      196  faddsub_clz.o(x$fpl$fadd)
    _fadd1                                   0x080040ff   Thumb Code     0  faddsub_clz.o(x$fpl$fadd)
    x$fpl$fcmpinf                            0x080041b4   Section       24  fcmpi.o(x$fpl$fcmpinf)
    x$fpl$fdiv                               0x080041cc   Section      388  fdiv.o(x$fpl$fdiv)
    _fdiv1                                   0x080041cd   Thumb Code     0  fdiv.o(x$fpl$fdiv)
    x$fpl$ffix                               0x08004350   Section       54  ffix.o(x$fpl$ffix)
    x$fpl$ffixu                              0x08004388   Section       62  ffixu.o(x$fpl$ffixu)
    x$fpl$fflt                               0x080043c8   Section       48  fflt_clz.o(x$fpl$fflt)
    x$fpl$fleqf                              0x080043f8   Section      104  fleqf.o(x$fpl$fleqf)
    x$fpl$fmul                               0x08004460   Section      258  fmul.o(x$fpl$fmul)
    x$fpl$fnaninf                            0x08004562   Section      140  fnaninf.o(x$fpl$fnaninf)
    x$fpl$fretinf                            0x080045ee   Section       10  fretinf.o(x$fpl$fretinf)
    x$fpl$frleqf                             0x080045f8   Section       98  frleqf.o(x$fpl$frleqf)
    x$fpl$frsb                               0x0800465a   Section       20  faddsub_clz.o(x$fpl$frsb)
    x$fpl$fsub                               0x08004670   Section      234  faddsub_clz.o(x$fpl$fsub)
    _fsub1                                   0x0800467f   Thumb Code     0  faddsub_clz.o(x$fpl$fsub)
    x$fpl$printf1                            0x0800475a   Section        4  printf1.o(x$fpl$printf1)
    x$fpl$retnan                             0x0800475e   Section      100  retnan.o(x$fpl$retnan)
    x$fpl$scalbn                             0x080047c2   Section       92  scalbn.o(x$fpl$scalbn)
    x$fpl$trapveneer                         0x0800481e   Section       48  trapv.o(x$fpl$trapveneer)
    .constdata                               0x0800484e   Section     1520  ml_oled.o(.constdata)
    x$fpl$usenofp                            0x0800484e   Section        0  usenofp.o(x$fpl$usenofp)
    .constdata                               0x08004e3e   Section       17  __printf_flags_ss_wp.o(.constdata)
    maptable                                 0x08004e3e   Data          17  __printf_flags_ss_wp.o(.constdata)
    .constdata                               0x08004e50   Section      152  atan.o(.constdata)
    atanhi                                   0x08004e50   Data          32  atan.o(.constdata)
    atanlo                                   0x08004e70   Data          32  atan.o(.constdata)
    aTodd                                    0x08004e90   Data          40  atan.o(.constdata)
    aTeven                                   0x08004eb8   Data          48  atan.o(.constdata)
    .constdata                               0x08004ee8   Section        8  qnan.o(.constdata)
    .constdata                               0x08004ef0   Section      148  bigflt0.o(.constdata)
    tenpwrs_x                                0x08004ef0   Data          60  bigflt0.o(.constdata)
    tenpwrs_i                                0x08004f2c   Data          64  bigflt0.o(.constdata)
    locale$$data                             0x08004fa4   Section       28  lc_numeric_c.o(locale$$data)
    __lcnum_c_name                           0x08004fa8   Data           2  lc_numeric_c.o(locale$$data)
    __lcnum_c_start                          0x08004fb0   Data           0  lc_numeric_c.o(locale$$data)
    __lcnum_c_point                          0x08004fbc   Data           0  lc_numeric_c.o(locale$$data)
    __lcnum_c_thousands                      0x08004fbe   Data           0  lc_numeric_c.o(locale$$data)
    __lcnum_c_grouping                       0x08004fbf   Data           0  lc_numeric_c.o(locale$$data)
    __lcnum_c_end                            0x08004fc0   Data           0  lc_numeric_c.o(locale$$data)
    .data                                    0x20000000   Section       62  track_control.o(.data)
    track_no_frame_count                     0x20000000   Data           1  track_control.o(.data)
    sensor_raw                               0x20000001   Data           1  track_control.o(.data)
    sensor_bits                              0x20000002   Data           1  track_control.o(.data)
    sensor_active_count                      0x20000003   Data           1  track_control.o(.data)
    track_frame_count                        0x20000004   Data           1  track_control.o(.data)
    track_d_frame_count                      0x20000005   Data           1  track_control.o(.data)
    track_a_frame_count                      0x20000006   Data           1  track_control.o(.data)
    track_lost_count                         0x20000007   Data           1  track_control.o(.data)
    track_error                              0x20000008   Data           4  track_control.o(.data)
    last_track_error                         0x2000000c   Data           4  track_control.o(.data)
    track_turn                               0x20000010   Data           4  track_control.o(.data)
    drive_left_now                           0x20000014   Data           4  track_control.o(.data)
    drive_right_now                          0x20000018   Data           4  track_control.o(.data)
    left_edge_count                          0x2000001c   Data           1  track_control.o(.data)
    right_edge_count                         0x2000001d   Data           1  track_control.o(.data)
    track_recovery_dir                       0x2000001e   Data           1  track_control.o(.data)
    track_recovery_center_count              0x2000001f   Data           1  track_control.o(.data)
    track_preferred_dir                      0x20000020   Data           1  track_control.o(.data)
    track_side_vote                          0x20000021   Data           1  track_control.o(.data)
    track_side_trend                         0x20000022   Data           1  track_control.o(.data)
    track_sweep_dir                          0x20000023   Data           1  track_control.o(.data)
    track_sweep_count                        0x20000024   Data           1  track_control.o(.data)
    track_weave_dir                          0x20000025   Data           1  track_control.o(.data)
    track_weave_count                        0x20000026   Data           1  track_control.o(.data)
    track_lock_count                         0x20000027   Data           1  track_control.o(.data)
    track_wide_pause_count                   0x20000028   Data           1  track_control.o(.data)
    track_kp_x100                            0x2000002c   Data           4  track_control.o(.data)
    track_kd_x100                            0x20000030   Data           4  track_control.o(.data)
    ir_data_number                           0x20000034   Data           8  track_control.o(.data)
    start                                    0x2000003c   Data           1  track_control.o(.data)
    step                                     0x2000003d   Data           1  track_control.o(.data)
    .data                                    0x20000040   Section       20  motor.o(.data)
    motorA_output                            0x20000050   Data           2  motor.o(.data)
    motorB_output                            0x20000052   Data           2  motor.o(.data)
    .data                                    0x20000054   Section      144  filter.o(.data)
    .data                                    0x200000e4   Section       12  gray_track.o(.data)
    pid_output_IRR                           0x200000e4   Data           4  gray_track.o(.data)
    error_last                               0x200000e8   Data           1  gray_track.o(.data)
    IRTrack_Integral                         0x200000ec   Data           4  gray_track.o(.data)
    .data                                    0x200000f0   Section        1  scs_servo.o(.data)
    g_id                                     0x200000f0   Data           1  scs_servo.o(.data)
    .data                                    0x200000f4   Section       12  ml_gpio.o(.data)
    .data                                    0x20000100   Section       16  ml_uart.o(.data)
    .data                                    0x20000110   Section       48  ml_mpu6050.o(.data)
    .data                                    0x20000140   Section       14  ml_hmc5883l.o(.data)
    hmc_addr                                 0x2000014c   Data           1  ml_hmc5883l.o(.data)
    hmc_type                                 0x2000014d   Data           1  ml_hmc5883l.o(.data)
    .bss                                     0x20000150   Section      216  track_control.o(.bss)
    ir_rx_buf                                0x20000150   Data         100  track_control.o(.bss)
    ir_package                               0x200001b4   Data         100  track_control.o(.bss)
    ir_data_analog                           0x20000218   Data          16  track_control.o(.bss)
    .bss                                     0x20000228   Section       82  motor.o(.bss)
    motor_send_buf                           0x20000248   Data          50  motor.o(.bss)
    .bss                                     0x2000027c   Section      156  pid.o(.bss)
    .bss                                     0x20000318   Section       96  libspace.o(.bss)
    HEAP                                     0x20000378   Section      512  startup_stm32f10x_md.o(HEAP)
    Heap_Mem                                 0x20000378   Data         512  startup_stm32f10x_md.o(HEAP)
    STACK                                    0x20000578   Section     1024  startup_stm32f10x_md.o(STACK)
    Stack_Mem                                0x20000578   Data        1024  startup_stm32f10x_md.o(STACK)
    __initial_sp                             0x20000978   Data           0  startup_stm32f10x_md.o(STACK)

    Global Symbols

    Symbol Name                              Value     Ov Type        Size  Object(Section)

    BuildAttributes$$THM_ISAv4$P$D$K$B$S$PE$A:L22UL41UL21$X:L11$S22US41US21$IEEE1$IW$USESV6$~STKCKD$USESV7$~SHL$OTIME$ROPI$IEEEX$EBA8$UX$STANDARDLIB$REQ8$PRES8$EABIv2 0x00000000   Number         0  anon$$obj.o ABSOLUTE
    __ARM_use_no_argv                        0x00000000   Number         0  main.o ABSOLUTE
    _printf_flags                            0x00000000   Number         0  printf_stubs.o ABSOLUTE
    _printf_return_value                     0x00000000   Number         0  printf_stubs.o ABSOLUTE
    _printf_sizespec                         0x00000000   Number         0  printf_stubs.o ABSOLUTE
    _printf_widthprec                        0x00000000   Number         0  printf_stubs.o ABSOLUTE
    __ARM_exceptions_init                     - Undefined Weak Reference
    __alloca_initialize                       - Undefined Weak Reference
    __arm_preinit_                            - Undefined Weak Reference
    __cpp_initialize__aeabi_                  - Undefined Weak Reference
    __cxa_finalize                            - Undefined Weak Reference
    __sigvec_lookup                           - Undefined Weak Reference
    _atexit_init                              - Undefined Weak Reference
    _call_atexit_fns                          - Undefined Weak Reference
    _clock_init                               - Undefined Weak Reference
    _fp_trap_init                             - Undefined Weak Reference
    _fp_trap_shutdown                         - Undefined Weak Reference
    _get_lc_collate                           - Undefined Weak Reference
    _get_lc_monetary                          - Undefined Weak Reference
    _get_lc_time                              - Undefined Weak Reference
    _getenv_init                              - Undefined Weak Reference
    _handle_redirection                       - Undefined Weak Reference
    _init_alloc                               - Undefined Weak Reference
    _init_user_alloc                          - Undefined Weak Reference
    _initio                                   - Undefined Weak Reference
    _printf_mbtowc                            - Undefined Weak Reference
    _printf_wc                                - Undefined Weak Reference
    _rand_init                                - Undefined Weak Reference
    _signal_finish                            - Undefined Weak Reference
    _signal_init                              - Undefined Weak Reference
    _terminate_alloc                          - Undefined Weak Reference
    _terminate_user_alloc                     - Undefined Weak Reference
    _terminateio                              - Undefined Weak Reference
    __Vectors_Size                           0x000000ec   Number         0  startup_stm32f10x_md.o ABSOLUTE
    __Vectors                                0x08000000   Data           4  startup_stm32f10x_md.o(RESET)
    __Vectors_End                            0x080000ec   Data           0  startup_stm32f10x_md.o(RESET)
    __main                                   0x080000ed   Thumb Code     8  __main.o(!!!main)
    __scatterload                            0x080000f5   Thumb Code     0  __scatter.o(!!!scatter)
    __scatterload_rt2                        0x080000f5   Thumb Code    44  __scatter.o(!!!scatter)
    __scatterload_rt2_thumb_only             0x080000f5   Thumb Code     0  __scatter.o(!!!scatter)
    __scatterload_null                       0x08000103   Thumb Code     0  __scatter.o(!!!scatter)
    __decompress                             0x08000129   Thumb Code    90  __dczerorl2.o(!!dczerorl2)
    __decompress1                            0x08000129   Thumb Code     0  __dczerorl2.o(!!dczerorl2)
    __scatterload_zeroinit                   0x08000185   Thumb Code    28  __scatter_zi.o(!!handler_zi)
    _printf_f                                0x080001a1   Thumb Code     0  _printf_f.o(.ARM.Collect$$_printf_percent$$00000003)
    _printf_percent                          0x080001a1   Thumb Code     0  _printf_percent.o(.ARM.Collect$$_printf_percent$$00000000)
    _printf_d                                0x080001a7   Thumb Code     0  _printf_d.o(.ARM.Collect$$_printf_percent$$00000009)
    _printf_percent_end                      0x080001ad   Thumb Code     0  _printf_percent_end.o(.ARM.Collect$$_printf_percent$$00000017)
    __rt_lib_init                            0x080001b1   Thumb Code     0  libinit.o(.ARM.Collect$$libinit$$00000000)
    __rt_lib_init_fp_1                       0x080001b3   Thumb Code     0  libinit2.o(.ARM.Collect$$libinit$$00000002)
    __rt_lib_init_heap_1                     0x080001b3   Thumb Code     0  libinit2.o(.ARM.Collect$$libinit$$0000000A)
    __rt_lib_init_lc_common                  0x080001b3   Thumb Code     0  libinit2.o(.ARM.Collect$$libinit$$0000000F)
    __rt_lib_init_preinit_1                  0x080001b3   Thumb Code     0  libinit2.o(.ARM.Collect$$libinit$$00000004)
    __rt_lib_init_rand_1                     0x080001b3   Thumb Code     0  libinit2.o(.ARM.Collect$$libinit$$0000000E)
    __rt_lib_init_user_alloc_1               0x080001b3   Thumb Code     0  libinit2.o(.ARM.Collect$$libinit$$0000000C)
    __rt_lib_init_lc_collate_1               0x080001b9   Thumb Code     0  libinit2.o(.ARM.Collect$$libinit$$00000011)
    __rt_lib_init_lc_ctype_1                 0x080001b9   Thumb Code     0  libinit2.o(.ARM.Collect$$libinit$$00000013)
    __rt_lib_init_lc_monetary_1              0x080001b9   Thumb Code     0  libinit2.o(.ARM.Collect$$libinit$$00000015)
    __rt_lib_init_lc_numeric_2               0x080001b9   Thumb Code     0  libinit2.o(.ARM.Collect$$libinit$$00000016)
    __rt_lib_init_alloca_1                   0x080001c3   Thumb Code     0  libinit2.o(.ARM.Collect$$libinit$$0000002E)
    __rt_lib_init_argv_1                     0x080001c3   Thumb Code     0  libinit2.o(.ARM.Collect$$libinit$$0000002C)
    __rt_lib_init_atexit_1                   0x080001c3   Thumb Code     0  libinit2.o(.ARM.Collect$$libinit$$0000001B)
    __rt_lib_init_clock_1                    0x080001c3   Thumb Code     0  libinit2.o(.ARM.Collect$$libinit$$00000021)
    __rt_lib_init_cpp_1                      0x080001c3   Thumb Code     0  libinit2.o(.ARM.Collect$$libinit$$00000032)
    __rt_lib_init_exceptions_1               0x080001c3   Thumb Code     0  libinit2.o(.ARM.Collect$$libinit$$00000030)
    __rt_lib_init_fp_trap_1                  0x080001c3   Thumb Code     0  libinit2.o(.ARM.Collect$$libinit$$0000001F)
    __rt_lib_init_getenv_1                   0x080001c3   Thumb Code     0  libinit2.o(.ARM.Collect$$libinit$$00000023)
    __rt_lib_init_lc_numeric_1               0x080001c3   Thumb Code     0  libinit2.o(.ARM.Collect$$libinit$$00000017)
    __rt_lib_init_lc_time_1                  0x080001c3   Thumb Code     0  libinit2.o(.ARM.Collect$$libinit$$00000019)
    __rt_lib_init_return                     0x080001c3   Thumb Code     0  libinit2.o(.ARM.Collect$$libinit$$00000033)
    __rt_lib_init_signal_1                   0x080001c3   Thumb Code     0  libinit2.o(.ARM.Collect$$libinit$$0000001D)
    __rt_lib_init_stdio_1                    0x080001c3   Thumb Code     0  libinit2.o(.ARM.Collect$$libinit$$00000025)
    __rt_lib_shutdown                        0x080001c5   Thumb Code     0  libshutdown.o(.ARM.Collect$$libshutdown$$00000000)
    __rt_lib_shutdown_cpp_1                  0x080001c7   Thumb Code     0  libshutdown2.o(.ARM.Collect$$libshutdown$$00000002)
    __rt_lib_shutdown_fp_trap_1              0x080001c7   Thumb Code     0  libshutdown2.o(.ARM.Collect$$libshutdown$$00000007)
    __rt_lib_shutdown_heap_1                 0x080001c7   Thumb Code     0  libshutdown2.o(.ARM.Collect$$libshutdown$$0000000F)
    __rt_lib_shutdown_return                 0x080001c7   Thumb Code     0  libshutdown2.o(.ARM.Collect$$libshutdown$$00000010)
    __rt_lib_shutdown_signal_1               0x080001c7   Thumb Code     0  libshutdown2.o(.ARM.Collect$$libshutdown$$0000000A)
    __rt_lib_shutdown_stdio_1                0x080001c7   Thumb Code     0  libshutdown2.o(.ARM.Collect$$libshutdown$$00000004)
    __rt_lib_shutdown_user_alloc_1           0x080001c7   Thumb Code     0  libshutdown2.o(.ARM.Collect$$libshutdown$$0000000C)
    __rt_entry                               0x080001c9   Thumb Code     0  __rtentry.o(.ARM.Collect$$rtentry$$00000000)
    __rt_entry_presh_1                       0x080001c9   Thumb Code     0  __rtentry2.o(.ARM.Collect$$rtentry$$00000002)
    __rt_entry_sh                            0x080001c9   Thumb Code     0  __rtentry4.o(.ARM.Collect$$rtentry$$00000004)
    __rt_entry_li                            0x080001cf   Thumb Code     0  __rtentry2.o(.ARM.Collect$$rtentry$$0000000A)
    __rt_entry_postsh_1                      0x080001cf   Thumb Code     0  __rtentry2.o(.ARM.Collect$$rtentry$$00000009)
    __rt_entry_main                          0x080001d3   Thumb Code     0  __rtentry2.o(.ARM.Collect$$rtentry$$0000000D)
    __rt_entry_postli_1                      0x080001d3   Thumb Code     0  __rtentry2.o(.ARM.Collect$$rtentry$$0000000C)
    __rt_exit                                0x080001db   Thumb Code     0  rtexit.o(.ARM.Collect$$rtexit$$00000000)
    __rt_exit_ls                             0x080001dd   Thumb Code     0  rtexit2.o(.ARM.Collect$$rtexit$$00000003)
    __rt_exit_prels_1                        0x080001dd   Thumb Code     0  rtexit2.o(.ARM.Collect$$rtexit$$00000002)
    __rt_exit_exit                           0x080001e1   Thumb Code     0  rtexit2.o(.ARM.Collect$$rtexit$$00000004)
    Reset_Handler                            0x080001e9   Thumb Code     8  startup_stm32f10x_md.o(.text)
    NMI_Handler                              0x080001f1   Thumb Code     2  startup_stm32f10x_md.o(.text)
    HardFault_Handler                        0x080001f3   Thumb Code     2  startup_stm32f10x_md.o(.text)
    MemManage_Handler                        0x080001f5   Thumb Code     2  startup_stm32f10x_md.o(.text)
    BusFault_Handler                         0x080001f7   Thumb Code     2  startup_stm32f10x_md.o(.text)
    UsageFault_Handler                       0x080001f9   Thumb Code     2  startup_stm32f10x_md.o(.text)
    SVC_Handler                              0x080001fb   Thumb Code     2  startup_stm32f10x_md.o(.text)
    DebugMon_Handler                         0x080001fd   Thumb Code     2  startup_stm32f10x_md.o(.text)
    PendSV_Handler                           0x080001ff   Thumb Code     2  startup_stm32f10x_md.o(.text)
    SysTick_Handler                          0x08000201   Thumb Code     2  startup_stm32f10x_md.o(.text)
    ADC1_2_IRQHandler                        0x08000203   Thumb Code     0  startup_stm32f10x_md.o(.text)
    CAN1_RX1_IRQHandler                      0x08000203   Thumb Code     0  startup_stm32f10x_md.o(.text)
    CAN1_SCE_IRQHandler                      0x08000203   Thumb Code     0  startup_stm32f10x_md.o(.text)
    DMA1_Channel1_IRQHandler                 0x08000203   Thumb Code     0  startup_stm32f10x_md.o(.text)
    DMA1_Channel2_IRQHandler                 0x08000203   Thumb Code     0  startup_stm32f10x_md.o(.text)
    DMA1_Channel3_IRQHandler                 0x08000203   Thumb Code     0  startup_stm32f10x_md.o(.text)
    DMA1_Channel4_IRQHandler                 0x08000203   Thumb Code     0  startup_stm32f10x_md.o(.text)
    DMA1_Channel5_IRQHandler                 0x08000203   Thumb Code     0  startup_stm32f10x_md.o(.text)
    DMA1_Channel6_IRQHandler                 0x08000203   Thumb Code     0  startup_stm32f10x_md.o(.text)
    DMA1_Channel7_IRQHandler                 0x08000203   Thumb Code     0  startup_stm32f10x_md.o(.text)
    EXTI15_10_IRQHandler                     0x08000203   Thumb Code     0  startup_stm32f10x_md.o(.text)
    FLASH_IRQHandler                         0x08000203   Thumb Code     0  startup_stm32f10x_md.o(.text)
    I2C1_ER_IRQHandler                       0x08000203   Thumb Code     0  startup_stm32f10x_md.o(.text)
    I2C1_EV_IRQHandler                       0x08000203   Thumb Code     0  startup_stm32f10x_md.o(.text)
    I2C2_ER_IRQHandler                       0x08000203   Thumb Code     0  startup_stm32f10x_md.o(.text)
    I2C2_EV_IRQHandler                       0x08000203   Thumb Code     0  startup_stm32f10x_md.o(.text)
    PVD_IRQHandler                           0x08000203   Thumb Code     0  startup_stm32f10x_md.o(.text)
    RCC_IRQHandler                           0x08000203   Thumb Code     0  startup_stm32f10x_md.o(.text)
    RTCAlarm_IRQHandler                      0x08000203   Thumb Code     0  startup_stm32f10x_md.o(.text)
    RTC_IRQHandler                           0x08000203   Thumb Code     0  startup_stm32f10x_md.o(.text)
    SPI1_IRQHandler                          0x08000203   Thumb Code     0  startup_stm32f10x_md.o(.text)
    SPI2_IRQHandler                          0x08000203   Thumb Code     0  startup_stm32f10x_md.o(.text)
    TAMPER_IRQHandler                        0x08000203   Thumb Code     0  startup_stm32f10x_md.o(.text)
    TIM1_BRK_IRQHandler                      0x08000203   Thumb Code     0  startup_stm32f10x_md.o(.text)
    TIM1_CC_IRQHandler                       0x08000203   Thumb Code     0  startup_stm32f10x_md.o(.text)
    TIM1_TRG_COM_IRQHandler                  0x08000203   Thumb Code     0  startup_stm32f10x_md.o(.text)
    TIM1_UP_IRQHandler                       0x08000203   Thumb Code     0  startup_stm32f10x_md.o(.text)
    USBWakeUp_IRQHandler                     0x08000203   Thumb Code     0  startup_stm32f10x_md.o(.text)
    USB_HP_CAN1_TX_IRQHandler                0x08000203   Thumb Code     0  startup_stm32f10x_md.o(.text)
    USB_LP_CAN1_RX0_IRQHandler               0x08000203   Thumb Code     0  startup_stm32f10x_md.o(.text)
    WWDG_IRQHandler                          0x08000203   Thumb Code     0  startup_stm32f10x_md.o(.text)
    __user_initial_stackheap                 0x08000205   Thumb Code     0  startup_stm32f10x_md.o(.text)
    __use_no_semihosting                     0x08000229   Thumb Code     2  use_no_semi_2.o(.text)
    __2sprintf                               0x0800022d   Thumb Code    38  __2sprintf.o(.text)
    _printf_int_dec                          0x08000259   Thumb Code   104  _printf_dec.o(.text)
    __printf                                 0x080002d1   Thumb Code   388  __printf_flags_ss_wp.o(.text)
    __use_two_region_memory                  0x08000459   Thumb Code     2  heapauxi.o(.text)
    __rt_heap_escrow$2region                 0x0800045b   Thumb Code     2  heapauxi.o(.text)
    __rt_heap_expand$2region                 0x0800045d   Thumb Code     2  heapauxi.o(.text)
    __I$use$semihosting                      0x0800045f   Thumb Code     0  use_no_semi.o(.text)
    __use_no_semihosting_swi                 0x0800045f   Thumb Code     2  use_no_semi.o(.text)
    _printf_int_common                       0x08000461   Thumb Code   178  _printf_intcommon.o(.text)
    __lib_sel_fp_printf                      0x08000513   Thumb Code     2  _printf_fp_dec.o(.text)
    _printf_fp_dec_real                      0x080006c5   Thumb Code   620  _printf_fp_dec.o(.text)
    _printf_char_common                      0x0800093b   Thumb Code    32  _printf_char_common.o(.text)
    _sputc                                   0x08000961   Thumb Code    10  _sputc.o(.text)
    __rt_locale                              0x0800096d   Thumb Code     8  rt_locale_intlibspace.o(.text)
    _ll_udiv10                               0x08000975   Thumb Code   138  lludiv10.o(.text)
    _printf_fp_infnan                        0x08000a01   Thumb Code   112  _printf_fp_infnan.o(.text)
    _btod_etento                             0x08000a81   Thumb Code   224  bigflt0.o(.text)
    __user_libspace                          0x08000b65   Thumb Code     8  libspace.o(.text)
    __user_perproc_libspace                  0x08000b65   Thumb Code     0  libspace.o(.text)
    __user_perthread_libspace                0x08000b65   Thumb Code     0  libspace.o(.text)
    __user_setup_stackheap                   0x08000b6d   Thumb Code    74  sys_stackheap_outer.o(.text)
    exit                                     0x08000bb7   Thumb Code    18  exit.o(.text)
    strcmp                                   0x08000bc9   Thumb Code   128  strcmpv7m.o(.text)
    _btod_d2e                                0x08000c49   Thumb Code    62  btod.o(CL$$btod_d2e)
    _d2e_denorm_low                          0x08000c87   Thumb Code    70  btod.o(CL$$btod_d2e_denorm_low)
    _d2e_norm_op1                            0x08000ccd   Thumb Code    96  btod.o(CL$$btod_d2e_norm_op1)
    __btod_div_common                        0x08000d2d   Thumb Code   696  btod.o(CL$$btod_div_common)
    _e2e                                     0x08001065   Thumb Code   220  btod.o(CL$$btod_e2e)
    _btod_ediv                               0x08001141   Thumb Code    42  btod.o(CL$$btod_ediv)
    _btod_emul                               0x0800116b   Thumb Code    42  btod.o(CL$$btod_emul)
    __btod_mult_common                       0x08001195   Thumb Code   580  btod.o(CL$$btod_mult_common)
    EXTI0_IRQHandler                         0x080013d9   Thumb Code    18  isr.o(i.EXTI0_IRQHandler)
    EXTI1_IRQHandler                         0x080013f1   Thumb Code    18  isr.o(i.EXTI1_IRQHandler)
    EXTI2_IRQHandler                         0x08001409   Thumb Code    52  isr.o(i.EXTI2_IRQHandler)
    EXTI3_IRQHandler                         0x08001445   Thumb Code    18  isr.o(i.EXTI3_IRQHandler)
    EXTI4_IRQHandler                         0x0800145d   Thumb Code    52  isr.o(i.EXTI4_IRQHandler)
    EXTI9_5_IRQHandler                       0x08001499   Thumb Code   604  isr.o(i.EXTI9_5_IRQHandler)
    HMC5883L_GetData                         0x08001759   Thumb Code   218  ml_hmc5883l.o(i.HMC5883L_GetData)
    I2C_NotSendAck                           0x08001849   Thumb Code    46  ml_i2c.o(i.I2C_NotSendAck)
    I2C_ReceiveByte                          0x08001877   Thumb Code    86  ml_i2c.o(i.I2C_ReceiveByte)
    I2C_SendByte                             0x080018cd   Thumb Code    84  ml_i2c.o(i.I2C_SendByte)
    I2C_Start                                0x08001921   Thumb Code    56  ml_i2c.o(i.I2C_Start)
    I2C_Stop                                 0x08001959   Thumb Code    46  ml_i2c.o(i.I2C_Stop)
    I2C_WaitAck                              0x08001987   Thumb Code    96  ml_i2c.o(i.I2C_WaitAck)
    IIC_Motor_Init                           0x080019e9   Thumb Code   132  motor.o(i.IIC_Motor_Init)
    Kalman_Filter                            0x08001a85   Thumb Code   320  filter.o(i.Kalman_Filter)
    MPU6050_GetData                          0x08001bc5   Thumb Code   160  ml_mpu6050.o(i.MPU6050_GetData)
    MPU6050_Read                             0x08001c7d   Thumb Code    64  ml_mpu6050.o(i.MPU6050_Read)
    NVIC_Group_Config                        0x08001cbd   Thumb Code    30  ml_nvic.o(i.NVIC_Group_Config)
    NVIC_init                                0x08001ce5   Thumb Code    70  ml_nvic.o(i.NVIC_init)
    OLED_Clear                               0x08001d31   Thumb Code    42  ml_oled.o(i.OLED_Clear)
    OLED_I2C_Init                            0x08001d5b   Thumb Code    44  ml_oled.o(i.OLED_I2C_Init)
    OLED_I2C_SendByte                        0x08001d87   Thumb Code    74  ml_oled.o(i.OLED_I2C_SendByte)
    OLED_I2C_Start                           0x08001dd1   Thumb Code    44  ml_oled.o(i.OLED_I2C_Start)
    OLED_I2C_Stop                            0x08001dfd   Thumb Code    34  ml_oled.o(i.OLED_I2C_Stop)
    OLED_Init                                0x08001e1f   Thumb Code   174  ml_oled.o(i.OLED_Init)
    OLED_Pow                                 0x08001ecd   Thumb Code    20  ml_oled.o(i.OLED_Pow)
    OLED_SetCursor                           0x08001ee1   Thumb Code    34  ml_oled.o(i.OLED_SetCursor)
    OLED_ShowChar                            0x08001f05   Thumb Code   110  ml_oled.o(i.OLED_ShowChar)
    OLED_ShowNum                             0x08001f79   Thumb Code    68  ml_oled.o(i.OLED_ShowNum)
    OLED_ShowString                          0x08001fbd   Thumb Code    40  ml_oled.o(i.OLED_ShowString)
    OLED_WriteCommand                        0x08001fe5   Thumb Code    32  ml_oled.o(i.OLED_WriteCommand)
    OLED_WriteData                           0x08002005   Thumb Code    32  ml_oled.o(i.OLED_WriteData)
    Set_Pluse_Phase                          0x08002151   Thumb Code    22  motor.o(i.Set_Pluse_Phase)
    Set_Pluse_line                           0x08002179   Thumb Code    22  motor.o(i.Set_Pluse_line)
    Set_Wheel_dis                            0x080021a1   Thumb Code    32  motor.o(i.Set_Wheel_dis)
    Set_motor_deadzone                       0x080021d9   Thumb Code    22  motor.o(i.Set_motor_deadzone)
    Set_motor_type                           0x08002205   Thumb Code    22  motor.o(i.Set_motor_type)
    SystemInit                               0x0800222d   Thumb Code    78  system_stm32f10x.o(i.SystemInit)
    TIM2_IRQHandler                          0x0800228d   Thumb Code    30  isr.o(i.TIM2_IRQHandler)
    TIM3_IRQHandler                          0x080022ad   Thumb Code    30  isr.o(i.TIM3_IRQHandler)
    TIM4_IRQHandler                          0x080022d1   Thumb Code    24  isr.o(i.TIM4_IRQHandler)
    USART1_IRQHandler                        0x080022ed   Thumb Code    34  isr.o(i.USART1_IRQHandler)
    USART2_IRQHandler                        0x08002315   Thumb Code    22  isr.o(i.USART2_IRQHandler)
    USART3_IRQHandler                        0x08002331   Thumb Code    34  isr.o(i.USART3_IRQHandler)
    __ARM_fpclassify                         0x08002359   Thumb Code    40  fpclassify.o(i.__ARM_fpclassify)
    __kernel_poly                            0x08002381   Thumb Code   170  poly.o(i.__kernel_poly)
    __mathlib_dbl_infnan                     0x0800242b   Thumb Code     6  dunder.o(i.__mathlib_dbl_infnan)
    __mathlib_dbl_infnan2                    0x08002431   Thumb Code     4  dunder.o(i.__mathlib_dbl_infnan2)
    __mathlib_dbl_underflow                  0x08002435   Thumb Code    10  dunder.o(i.__mathlib_dbl_underflow)
    _is_digit                                0x08002445   Thumb Code    14  __printf_wp.o(i._is_digit)
    _sys_exit                                0x08002453   Thumb Code     4  ml_uart.o(i._sys_exit)
    app_key_init                             0x08002457   Thumb Code    84  app_key.o(i.app_key_init)
    app_key_is_pressed                       0x080024ab   Thumb Code    24  app_key.o(i.app_key_is_pressed)
    app_key_update                           0x080024c3   Thumb Code    78  app_key.o(i.app_key_update)
    atan                                     0x08002511   Thumb Code   474  atan.o(i.atan)
    atan2                                    0x08002731   Thumb Code   346  atan2.o(i.atan2)
    control_speed                            0x080028b1   Thumb Code    38  motor.o(i.control_speed)
    delay_ms                                 0x08002a09   Thumb Code    24  ml_delay.o(i.delay_ms)
    delay_us                                 0x08002a21   Thumb Code    46  ml_delay.o(i.delay_us)
    digtal                                   0x08002a4f   Thumb Code   190  gray_track.o(i.digtal)
    gpio_get                                 0x08002b3d   Thumb Code    30  ml_gpio.o(i.gpio_get)
    gpio_init                                0x08002b61   Thumb Code   408  ml_gpio.o(i.gpio_init)
    gpio_set                                 0x08002d05   Thumb Code    60  ml_gpio.o(i.gpio_set)
    main                                     0x08002da1   Thumb Code   320  main.o(i.main)
    motorA_duty                              0x08002f29   Thumb Code    44  motor.o(i.motorA_duty)
    motorB_duty                              0x08002f61   Thumb Code    44  motor.o(i.motorB_duty)
    motor_init                               0x08002f99   Thumb Code     8  motor.o(i.motor_init)
    motor_target_set                         0x08002fa1   Thumb Code    84  pid.o(i.motor_target_set)
    pid_cal                                  0x08003013   Thumb Code   194  pid.o(i.pid_cal)
    pid_control                              0x080030d5   Thumb Code   138  pid.o(i.pid_control)
    pidout_limit                             0x08003179   Thumb Code    34  pid.o(i.pidout_limit)
    scs_init                                 0x080031a1   Thumb Code    74  scs_servo.o(i.scs_init)
    scs_torque_enable                        0x0800325b   Thumb Code    38  scs_servo.o(i.scs_torque_enable)
    scs_write_pos                            0x08003281   Thumb Code    80  scs_servo.o(i.scs_write_pos)
    track                                    0x080032d1   Thumb Code   614  gray_track.o(i.track)
    track_uart_rx                            0x0800353d   Thumb Code   186  track_control.o(i.track_uart_rx)
    uart_baud_config                         0x08003625   Thumb Code   142  ml_uart.o(i.uart_baud_config)
    uart_init                                0x080036c5   Thumb Code    92  ml_uart.o(i.uart_init)
    uart_pin_init                            0x08003729   Thumb Code    86  ml_uart.o(i.uart_pin_init)
    uart_sendbyte                            0x08003781   Thumb Code    28  ml_uart.o(i.uart_sendbyte)
    uart_sendstr                             0x080037a1   Thumb Code    26  ml_uart.o(i.uart_sendstr)
    _get_lc_numeric                          0x080037bd   Thumb Code    44  lc_numeric_c.o(locale$$code)
    __aeabi_d2f                              0x080037e9   Thumb Code     0  d2f.o(x$fpl$d2f)
    _d2f                                     0x080037e9   Thumb Code    98  d2f.o(x$fpl$d2f)
    __aeabi_dadd                             0x0800384d   Thumb Code     0  daddsub_clz.o(x$fpl$dadd)
    _dadd                                    0x0800384d   Thumb Code   332  daddsub_clz.o(x$fpl$dadd)
    __fpl_dcheck_NaN1                        0x0800399d   Thumb Code    10  dcheck1.o(x$fpl$dcheck1)
    __aeabi_ddiv                             0x080039ad   Thumb Code     0  ddiv.o(x$fpl$ddiv)
    _ddiv                                    0x080039ad   Thumb Code   552  ddiv.o(x$fpl$ddiv)
    __aeabi_i2d                              0x08003c5d   Thumb Code     0  dflt_clz.o(x$fpl$dflt)
    _dflt                                    0x08003c5d   Thumb Code    46  dflt_clz.o(x$fpl$dflt)
    __aeabi_ui2d                             0x08003c8b   Thumb Code     0  dflt_clz.o(x$fpl$dfltu)
    _dfltu                                   0x08003c8b   Thumb Code    38  dflt_clz.o(x$fpl$dfltu)
    __aeabi_dmul                             0x08003cb1   Thumb Code     0  dmul.o(x$fpl$dmul)
    _dmul                                    0x08003cb1   Thumb Code   332  dmul.o(x$fpl$dmul)
    __fpl_dnaninf                            0x08003e05   Thumb Code   156  dnaninf.o(x$fpl$dnaninf)
    __fpl_dretinf                            0x08003ea1   Thumb Code    12  dretinf.o(x$fpl$dretinf)
    __aeabi_drsub                            0x08003ead   Thumb Code     0  daddsub_clz.o(x$fpl$drsb)
    _drsb                                    0x08003ead   Thumb Code    22  daddsub_clz.o(x$fpl$drsb)
    __aeabi_dsub                             0x08003ec5   Thumb Code     0  daddsub_clz.o(x$fpl$dsub)
    _dsub                                    0x08003ec5   Thumb Code   464  daddsub_clz.o(x$fpl$dsub)
    __aeabi_f2d                              0x08004099   Thumb Code     0  f2d.o(x$fpl$f2d)
    _f2d                                     0x08004099   Thumb Code    86  f2d.o(x$fpl$f2d)
    __aeabi_fadd                             0x080040f1   Thumb Code     0  faddsub_clz.o(x$fpl$fadd)
    _fadd                                    0x080040f1   Thumb Code   196  faddsub_clz.o(x$fpl$fadd)
    __fpl_fcmp_Inf                           0x080041b5   Thumb Code    24  fcmpi.o(x$fpl$fcmpinf)
    __aeabi_fdiv                             0x080041cd   Thumb Code     0  fdiv.o(x$fpl$fdiv)
    _fdiv                                    0x080041cd   Thumb Code   384  fdiv.o(x$fpl$fdiv)
    __aeabi_f2iz                             0x08004351   Thumb Code     0  ffix.o(x$fpl$ffix)
    _ffix                                    0x08004351   Thumb Code    54  ffix.o(x$fpl$ffix)
    __aeabi_f2uiz                            0x08004389   Thumb Code     0  ffixu.o(x$fpl$ffixu)
    _ffixu                                   0x08004389   Thumb Code    62  ffixu.o(x$fpl$ffixu)
    __aeabi_i2f                              0x080043c9   Thumb Code     0  fflt_clz.o(x$fpl$fflt)
    _fflt                                    0x080043c9   Thumb Code    48  fflt_clz.o(x$fpl$fflt)
    __aeabi_cfcmple                          0x080043f9   Thumb Code     0  fleqf.o(x$fpl$fleqf)
    _fcmple                                  0x080043f9   Thumb Code   104  fleqf.o(x$fpl$fleqf)
    __fpl_fcmple_InfNaN                      0x0800444b   Thumb Code     0  fleqf.o(x$fpl$fleqf)
    __aeabi_fmul                             0x08004461   Thumb Code     0  fmul.o(x$fpl$fmul)
    _fmul                                    0x08004461   Thumb Code   258  fmul.o(x$fpl$fmul)
    __fpl_fnaninf                            0x08004563   Thumb Code   140  fnaninf.o(x$fpl$fnaninf)
    __fpl_fretinf                            0x080045ef   Thumb Code    10  fretinf.o(x$fpl$fretinf)
    __aeabi_cfrcmple                         0x080045f9   Thumb Code     0  frleqf.o(x$fpl$frleqf)
    _frcmple                                 0x080045f9   Thumb Code    98  frleqf.o(x$fpl$frleqf)
    __aeabi_frsub                            0x0800465b   Thumb Code     0  faddsub_clz.o(x$fpl$frsb)
    _frsb                                    0x0800465b   Thumb Code    20  faddsub_clz.o(x$fpl$frsb)
    __aeabi_fsub                             0x08004671   Thumb Code     0  faddsub_clz.o(x$fpl$fsub)
    _fsub                                    0x08004671   Thumb Code   234  faddsub_clz.o(x$fpl$fsub)
    _printf_fp_dec                           0x0800475b   Thumb Code     4  printf1.o(x$fpl$printf1)
    __fpl_return_NaN                         0x0800475f   Thumb Code   100  retnan.o(x$fpl$retnan)
    __ARM_scalbn                             0x080047c3   Thumb Code    92  scalbn.o(x$fpl$scalbn)
    __fpl_cmpreturn                          0x0800481f   Thumb Code    48  trapv.o(x$fpl$trapveneer)
    OLED_F8x16                               0x0800484e   Data        1520  ml_oled.o(.constdata)
    __I$use$fp                               0x0800484e   Number         0  usenofp.o(x$fpl$usenofp)
    __mathlib_zero                           0x08004ee8   Data           8  qnan.o(.constdata)
    Region$$Table$$Base                      0x08004f84   Number         0  anon$$obj.o(Region$$Table)
    Region$$Table$$Limit                     0x08004fa4   Number         0  anon$$obj.o(Region$$Table)
    motorA_dir                               0x20000040   Data           1  motor.o(.data)
    motorB_dir                               0x20000041   Data           1  motor.o(.data)
    Encoder_count1                           0x20000044   Data           4  motor.o(.data)
    Encoder_count2                           0x20000048   Data           4  motor.o(.data)
    speed_now                                0x2000004c   Data           4  motor.o(.data)
    KF_Yaw                                   0x20000054   Data          48  filter.o(.data)
    KF_Roll                                  0x20000084   Data          48  filter.o(.data)
    KF_Pitch                                 0x200000b4   Data          48  filter.o(.data)
    gpio_index                               0x200000f4   Data          12  ml_gpio.o(.data)
    uart_index                               0x20000100   Data          12  ml_uart.o(.data)
    __stdout                                 0x2000010c   Data           4  ml_uart.o(.data)
    ax                                       0x20000110   Data           2  ml_mpu6050.o(.data)
    ay                                       0x20000112   Data           2  ml_mpu6050.o(.data)
    az                                       0x20000114   Data           2  ml_mpu6050.o(.data)
    gx                                       0x20000116   Data           2  ml_mpu6050.o(.data)
    gy                                       0x20000118   Data           2  ml_mpu6050.o(.data)
    gz                                       0x2000011a   Data           2  ml_mpu6050.o(.data)
    roll_gyro                                0x2000011c   Data           4  ml_mpu6050.o(.data)
    pitch_gyro                               0x20000120   Data           4  ml_mpu6050.o(.data)
    yaw_gyro                                 0x20000124   Data           4  ml_mpu6050.o(.data)
    roll_acc                                 0x20000128   Data           4  ml_mpu6050.o(.data)
    pitch_acc                                0x2000012c   Data           4  ml_mpu6050.o(.data)
    yaw_acc                                  0x20000130   Data           4  ml_mpu6050.o(.data)
    roll_Kalman                              0x20000134   Data           4  ml_mpu6050.o(.data)
    pitch_Kalman                             0x20000138   Data           4  ml_mpu6050.o(.data)
    yaw_Kalman                               0x2000013c   Data           4  ml_mpu6050.o(.data)
    hmc_x                                    0x20000140   Data           2  ml_hmc5883l.o(.data)
    hmc_y                                    0x20000142   Data           2  ml_hmc5883l.o(.data)
    hmc_z                                    0x20000144   Data           2  ml_hmc5883l.o(.data)
    yaw_hmc                                  0x20000148   Data           4  ml_hmc5883l.o(.data)
    Encoder_Offset                           0x20000228   Data          16  motor.o(.bss)
    Encoder_Now                              0x20000238   Data          16  motor.o(.bss)
    motorA                                   0x2000027c   Data          52  pid.o(.bss)
    motorB                                   0x200002b0   Data          52  pid.o(.bss)
    angle                                    0x200002e4   Data          52  pid.o(.bss)
    __libspace_start                         0x20000318   Data          96  libspace.o(.bss)
    __temporary_stack_top$libspace           0x20000378   Data           0  libspace.o(.bss)



==============================================================================

Memory Map of the image

  Image Entry point : 0x080000ed

  Load Region LR_IROM1 (Base: 0x08000000, Size: 0x00005110, Max: 0x00010000, ABSOLUTE, COMPRESSED[0x00005008])

    Execution Region ER_IROM1 (Exec base: 0x08000000, Load base: 0x08000000, Size: 0x00004fc0, Max: 0x00010000, ABSOLUTE)

    Exec Addr    Load Addr    Size         Type   Attr      Idx    E Section Name        Object

    0x08000000   0x08000000   0x000000ec   Data   RO         1074    RESET               startup_stm32f10x_md.o
    0x080000ec   0x080000ec   0x00000008   Code   RO         2011  * !!!main             c_w.l(__main.o)
    0x080000f4   0x080000f4   0x00000034   Code   RO         2449    !!!scatter          c_w.l(__scatter.o)
    0x08000128   0x08000128   0x0000005a   Code   RO         2447    !!dczerorl2         c_w.l(__dczerorl2.o)
    0x08000182   0x08000182   0x00000002   PAD
    0x08000184   0x08000184   0x0000001c   Code   RO         2451    !!handler_zi        c_w.l(__scatter_zi.o)
    0x080001a0   0x080001a0   0x00000000   Code   RO         2006    .ARM.Collect$$_printf_percent$$00000000  c_w.l(_printf_percent.o)
    0x080001a0   0x080001a0   0x00000006   Code   RO         2005    .ARM.Collect$$_printf_percent$$00000003  c_w.l(_printf_f.o)
    0x080001a6   0x080001a6   0x00000006   Code   RO         2004    .ARM.Collect$$_printf_percent$$00000009  c_w.l(_printf_d.o)
    0x080001ac   0x080001ac   0x00000004   Code   RO         2165    .ARM.Collect$$_printf_percent$$00000017  c_w.l(_printf_percent_end.o)
    0x080001b0   0x080001b0   0x00000002   Code   RO         2315    .ARM.Collect$$libinit$$00000000  c_w.l(libinit.o)
    0x080001b2   0x080001b2   0x00000000   Code   RO         2317    .ARM.Collect$$libinit$$00000002  c_w.l(libinit2.o)
    0x080001b2   0x080001b2   0x00000000   Code   RO         2319    .ARM.Collect$$libinit$$00000004  c_w.l(libinit2.o)
    0x080001b2   0x080001b2   0x00000000   Code   RO         2322    .ARM.Collect$$libinit$$0000000A  c_w.l(libinit2.o)
    0x080001b2   0x080001b2   0x00000000   Code   RO         2324    .ARM.Collect$$libinit$$0000000C  c_w.l(libinit2.o)
    0x080001b2   0x080001b2   0x00000000   Code   RO         2326    .ARM.Collect$$libinit$$0000000E  c_w.l(libinit2.o)
    0x080001b2   0x080001b2   0x00000006   Code   RO         2327    .ARM.Collect$$libinit$$0000000F  c_w.l(libinit2.o)
    0x080001b8   0x080001b8   0x00000000   Code   RO         2329    .ARM.Collect$$libinit$$00000011  c_w.l(libinit2.o)
    0x080001b8   0x080001b8   0x00000000   Code   RO         2331    .ARM.Collect$$libinit$$00000013  c_w.l(libinit2.o)
    0x080001b8   0x080001b8   0x00000000   Code   RO         2333    .ARM.Collect$$libinit$$00000015  c_w.l(libinit2.o)
    0x080001b8   0x080001b8   0x0000000a   Code   RO         2334    .ARM.Collect$$libinit$$00000016  c_w.l(libinit2.o)
    0x080001c2   0x080001c2   0x00000000   Code   RO         2335    .ARM.Collect$$libinit$$00000017  c_w.l(libinit2.o)
    0x080001c2   0x080001c2   0x00000000   Code   RO         2337    .ARM.Collect$$libinit$$00000019  c_w.l(libinit2.o)
    0x080001c2   0x080001c2   0x00000000   Code   RO         2339    .ARM.Collect$$libinit$$0000001B  c_w.l(libinit2.o)
    0x080001c2   0x080001c2   0x00000000   Code   RO         2341    .ARM.Collect$$libinit$$0000001D  c_w.l(libinit2.o)
    0x080001c2   0x080001c2   0x00000000   Code   RO         2343    .ARM.Collect$$libinit$$0000001F  c_w.l(libinit2.o)
    0x080001c2   0x080001c2   0x00000000   Code   RO         2345    .ARM.Collect$$libinit$$00000021  c_w.l(libinit2.o)
    0x080001c2   0x080001c2   0x00000000   Code   RO         2347    .ARM.Collect$$libinit$$00000023  c_w.l(libinit2.o)
    0x080001c2   0x080001c2   0x00000000   Code   RO         2349    .ARM.Collect$$libinit$$00000025  c_w.l(libinit2.o)
    0x080001c2   0x080001c2   0x00000000   Code   RO         2353    .ARM.Collect$$libinit$$0000002C  c_w.l(libinit2.o)
    0x080001c2   0x080001c2   0x00000000   Code   RO         2355    .ARM.Collect$$libinit$$0000002E  c_w.l(libinit2.o)
    0x080001c2   0x080001c2   0x00000000   Code   RO         2357    .ARM.Collect$$libinit$$00000030  c_w.l(libinit2.o)
    0x080001c2   0x080001c2   0x00000000   Code   RO         2359    .ARM.Collect$$libinit$$00000032  c_w.l(libinit2.o)
    0x080001c2   0x080001c2   0x00000002   Code   RO         2360    .ARM.Collect$$libinit$$00000033  c_w.l(libinit2.o)
    0x080001c4   0x080001c4   0x00000002   Code   RO         2397    .ARM.Collect$$libshutdown$$00000000  c_w.l(libshutdown.o)
    0x080001c6   0x080001c6   0x00000000   Code   RO         2406    .ARM.Collect$$libshutdown$$00000002  c_w.l(libshutdown2.o)
    0x080001c6   0x080001c6   0x00000000   Code   RO         2408    .ARM.Collect$$libshutdown$$00000004  c_w.l(libshutdown2.o)
    0x080001c6   0x080001c6   0x00000000   Code   RO         2411    .ARM.Collect$$libshutdown$$00000007  c_w.l(libshutdown2.o)
    0x080001c6   0x080001c6   0x00000000   Code   RO         2414    .ARM.Collect$$libshutdown$$0000000A  c_w.l(libshutdown2.o)
    0x080001c6   0x080001c6   0x00000000   Code   RO         2416    .ARM.Collect$$libshutdown$$0000000C  c_w.l(libshutdown2.o)
    0x080001c6   0x080001c6   0x00000000   Code   RO         2419    .ARM.Collect$$libshutdown$$0000000F  c_w.l(libshutdown2.o)
    0x080001c6   0x080001c6   0x00000002   Code   RO         2420    .ARM.Collect$$libshutdown$$00000010  c_w.l(libshutdown2.o)
    0x080001c8   0x080001c8   0x00000000   Code   RO         2101    .ARM.Collect$$rtentry$$00000000  c_w.l(__rtentry.o)
    0x080001c8   0x080001c8   0x00000000   Code   RO         2224    .ARM.Collect$$rtentry$$00000002  c_w.l(__rtentry2.o)
    0x080001c8   0x080001c8   0x00000006   Code   RO         2236    .ARM.Collect$$rtentry$$00000004  c_w.l(__rtentry4.o)
    0x080001ce   0x080001ce   0x00000000   Code   RO         2226    .ARM.Collect$$rtentry$$00000009  c_w.l(__rtentry2.o)
    0x080001ce   0x080001ce   0x00000004   Code   RO         2227    .ARM.Collect$$rtentry$$0000000A  c_w.l(__rtentry2.o)
    0x080001d2   0x080001d2   0x00000000   Code   RO         2229    .ARM.Collect$$rtentry$$0000000C  c_w.l(__rtentry2.o)
    0x080001d2   0x080001d2   0x00000008   Code   RO         2230    .ARM.Collect$$rtentry$$0000000D  c_w.l(__rtentry2.o)
    0x080001da   0x080001da   0x00000002   Code   RO         2365    .ARM.Collect$$rtexit$$00000000  c_w.l(rtexit.o)
    0x080001dc   0x080001dc   0x00000000   Code   RO         2377    .ARM.Collect$$rtexit$$00000002  c_w.l(rtexit2.o)
    0x080001dc   0x080001dc   0x00000004   Code   RO         2378    .ARM.Collect$$rtexit$$00000003  c_w.l(rtexit2.o)
    0x080001e0   0x080001e0   0x00000006   Code   RO         2379    .ARM.Collect$$rtexit$$00000004  c_w.l(rtexit2.o)
    0x080001e6   0x080001e6   0x00000002   PAD
    0x080001e8   0x080001e8   0x00000040   Code   RO         1075    .text               startup_stm32f10x_md.o
    0x08000228   0x08000228   0x00000002   Code   RO         1972    .text               c_w.l(use_no_semi_2.o)
    0x0800022a   0x0800022a   0x00000002   PAD
    0x0800022c   0x0800022c   0x0000002c   Code   RO         1976    .text               c_w.l(__2sprintf.o)
    0x08000258   0x08000258   0x00000078   Code   RO         1982    .text               c_w.l(_printf_dec.o)
    0x080002d0   0x080002d0   0x00000188   Code   RO         2001    .text               c_w.l(__printf_flags_ss_wp.o)
    0x08000458   0x08000458   0x00000006   Code   RO         2009    .text               c_w.l(heapauxi.o)
    0x0800045e   0x0800045e   0x00000002   Code   RO         2099    .text               c_w.l(use_no_semi.o)
    0x08000460   0x08000460   0x000000b2   Code   RO         2110    .text               c_w.l(_printf_intcommon.o)
    0x08000512   0x08000512   0x0000041e   Code   RO         2114    .text               c_w.l(_printf_fp_dec.o)
    0x08000930   0x08000930   0x00000030   Code   RO         2116    .text               c_w.l(_printf_char_common.o)
    0x08000960   0x08000960   0x0000000a   Code   RO         2118    .text               c_w.l(_sputc.o)
    0x0800096a   0x0800096a   0x00000002   PAD
    0x0800096c   0x0800096c   0x00000008   Code   RO         2241    .text               c_w.l(rt_locale_intlibspace.o)
    0x08000974   0x08000974   0x0000008a   Code   RO         2248    .text               c_w.l(lludiv10.o)
    0x080009fe   0x080009fe   0x00000002   PAD
    0x08000a00   0x08000a00   0x00000080   Code   RO         2253    .text               c_w.l(_printf_fp_infnan.o)
    0x08000a80   0x08000a80   0x000000e4   Code   RO         2261    .text               c_w.l(bigflt0.o)
    0x08000b64   0x08000b64   0x00000008   Code   RO         2299    .text               c_w.l(libspace.o)
    0x08000b6c   0x08000b6c   0x0000004a   Code   RO         2302    .text               c_w.l(sys_stackheap_outer.o)
    0x08000bb6   0x08000bb6   0x00000012   Code   RO         2306    .text               c_w.l(exit.o)
    0x08000bc8   0x08000bc8   0x00000080   Code   RO         2308    .text               c_w.l(strcmpv7m.o)
    0x08000c48   0x08000c48   0x0000003e   Code   RO         2264    CL$$btod_d2e        c_w.l(btod.o)
    0x08000c86   0x08000c86   0x00000046   Code   RO         2266    CL$$btod_d2e_denorm_low  c_w.l(btod.o)
    0x08000ccc   0x08000ccc   0x00000060   Code   RO         2265    CL$$btod_d2e_norm_op1  c_w.l(btod.o)
    0x08000d2c   0x08000d2c   0x00000338   Code   RO         2274    CL$$btod_div_common  c_w.l(btod.o)
    0x08001064   0x08001064   0x000000dc   Code   RO         2271    CL$$btod_e2e        c_w.l(btod.o)
    0x08001140   0x08001140   0x0000002a   Code   RO         2268    CL$$btod_ediv       c_w.l(btod.o)
    0x0800116a   0x0800116a   0x0000002a   Code   RO         2267    CL$$btod_emul       c_w.l(btod.o)
    0x08001194   0x08001194   0x00000244   Code   RO         2273    CL$$btod_mult_common  c_w.l(btod.o)
    0x080013d8   0x080013d8   0x00000018   Code   RO          124    i.EXTI0_IRQHandler  isr.o
    0x080013f0   0x080013f0   0x00000018   Code   RO          125    i.EXTI1_IRQHandler  isr.o
    0x08001408   0x08001408   0x0000003c   Code   RO          126    i.EXTI2_IRQHandler  isr.o
    0x08001444   0x08001444   0x00000018   Code   RO          127    i.EXTI3_IRQHandler  isr.o
    0x0800145c   0x0800145c   0x0000003c   Code   RO          128    i.EXTI4_IRQHandler  isr.o
    0x08001498   0x08001498   0x000002c0   Code   RO          129    i.EXTI9_5_IRQHandler  isr.o
    0x08001758   0x08001758   0x000000f0   Code   RO         1609    i.HMC5883L_GetData  ml_hmc5883l.o
    0x08001848   0x08001848   0x0000002e   Code   RO         1428    i.I2C_NotSendAck    ml_i2c.o
    0x08001876   0x08001876   0x00000056   Code   RO         1429    i.I2C_ReceiveByte   ml_i2c.o
    0x080018cc   0x080018cc   0x00000054   Code   RO         1431    i.I2C_SendByte      ml_i2c.o
    0x08001920   0x08001920   0x00000038   Code   RO         1432    i.I2C_Start         ml_i2c.o
    0x08001958   0x08001958   0x0000002e   Code   RO         1433    i.I2C_Stop          ml_i2c.o
    0x08001986   0x08001986   0x00000060   Code   RO         1434    i.I2C_WaitAck       ml_i2c.o
    0x080019e6   0x080019e6   0x00000002   PAD
    0x080019e8   0x080019e8   0x0000009c   Code   RO          664    i.IIC_Motor_Init    motor.o
    0x08001a84   0x08001a84   0x00000140   Code   RO          827    i.Kalman_Filter     filter.o
    0x08001bc4   0x08001bc4   0x000000b8   Code   RO         1387    i.MPU6050_GetData   ml_mpu6050.o
    0x08001c7c   0x08001c7c   0x00000040   Code   RO         1389    i.MPU6050_Read      ml_mpu6050.o
    0x08001cbc   0x08001cbc   0x00000028   Code   RO         1198    i.NVIC_Group_Config  ml_nvic.o
    0x08001ce4   0x08001ce4   0x0000004c   Code   RO         1199    i.NVIC_init         ml_nvic.o
    0x08001d30   0x08001d30   0x0000002a   Code   RO         1485    i.OLED_Clear        ml_oled.o
    0x08001d5a   0x08001d5a   0x0000002c   Code   RO         1487    i.OLED_I2C_Init     ml_oled.o
    0x08001d86   0x08001d86   0x0000004a   Code   RO         1488    i.OLED_I2C_SendByte  ml_oled.o
    0x08001dd0   0x08001dd0   0x0000002c   Code   RO         1489    i.OLED_I2C_Start    ml_oled.o
    0x08001dfc   0x08001dfc   0x00000022   Code   RO         1490    i.OLED_I2C_Stop     ml_oled.o
    0x08001e1e   0x08001e1e   0x000000ae   Code   RO         1491    i.OLED_Init         ml_oled.o
    0x08001ecc   0x08001ecc   0x00000014   Code   RO         1492    i.OLED_Pow          ml_oled.o
    0x08001ee0   0x08001ee0   0x00000022   Code   RO         1493    i.OLED_SetCursor    ml_oled.o
    0x08001f02   0x08001f02   0x00000002   PAD
    0x08001f04   0x08001f04   0x00000074   Code   RO         1495    i.OLED_ShowChar     ml_oled.o
    0x08001f78   0x08001f78   0x00000044   Code   RO         1498    i.OLED_ShowNum      ml_oled.o
    0x08001fbc   0x08001fbc   0x00000028   Code   RO         1500    i.OLED_ShowString   ml_oled.o
    0x08001fe4   0x08001fe4   0x00000020   Code   RO         1501    i.OLED_WriteCommand  ml_oled.o
    0x08002004   0x08002004   0x00000020   Code   RO         1502    i.OLED_WriteData    ml_oled.o
    0x08002024   0x08002024   0x00000044   Code   RO          953    i.PID_IR_Calc       gray_track.o
    0x08002068   0x08002068   0x00000008   Code   RO         1038    i.SetSysClock       system_stm32f10x.o
    0x08002070   0x08002070   0x000000e0   Code   RO         1039    i.SetSysClockTo72   system_stm32f10x.o
    0x08002150   0x08002150   0x00000028   Code   RO          667    i.Set_Pluse_Phase   motor.o
    0x08002178   0x08002178   0x00000028   Code   RO          668    i.Set_Pluse_line    motor.o
    0x080021a0   0x080021a0   0x00000038   Code   RO          669    i.Set_Wheel_dis     motor.o
    0x080021d8   0x080021d8   0x0000002c   Code   RO          670    i.Set_motor_deadzone  motor.o
    0x08002204   0x08002204   0x00000028   Code   RO          671    i.Set_motor_type    motor.o
    0x0800222c   0x0800222c   0x00000060   Code   RO         1041    i.SystemInit        system_stm32f10x.o
    0x0800228c   0x0800228c   0x0000001e   Code   RO          130    i.TIM2_IRQHandler   isr.o
    0x080022aa   0x080022aa   0x00000002   PAD
    0x080022ac   0x080022ac   0x00000024   Code   RO          131    i.TIM3_IRQHandler   isr.o
    0x080022d0   0x080022d0   0x0000001c   Code   RO          132    i.TIM4_IRQHandler   isr.o
    0x080022ec   0x080022ec   0x00000028   Code   RO          133    i.USART1_IRQHandler  isr.o
    0x08002314   0x08002314   0x0000001c   Code   RO          134    i.USART2_IRQHandler  isr.o
    0x08002330   0x08002330   0x00000028   Code   RO          135    i.USART3_IRQHandler  isr.o
    0x08002358   0x08002358   0x00000028   Code   RO         2210    i.__ARM_fpclassify  m_ws.l(fpclassify.o)
    0x08002380   0x08002380   0x000000aa   Code   RO         2212    i.__kernel_poly     m_ws.l(poly.o)
    0x0800242a   0x0800242a   0x00000006   Code   RO         2197    i.__mathlib_dbl_infnan  m_ws.l(dunder.o)
    0x08002430   0x08002430   0x00000004   Code   RO         2198    i.__mathlib_dbl_infnan2  m_ws.l(dunder.o)
    0x08002434   0x08002434   0x00000010   Code   RO         2202    i.__mathlib_dbl_underflow  m_ws.l(dunder.o)
    0x08002444   0x08002444   0x0000000e   Code   RO         1994    i._is_digit         c_w.l(__printf_wp.o)
    0x08002452   0x08002452   0x00000004   Code   RO         1273    i._sys_exit         ml_uart.o
    0x08002456   0x08002456   0x00000054   Code   RO         1802    i.app_key_init      app_key.o
    0x080024aa   0x080024aa   0x00000018   Code   RO         1803    i.app_key_is_pressed  app_key.o
    0x080024c2   0x080024c2   0x0000004e   Code   RO         1806    i.app_key_update    app_key.o
    0x08002510   0x08002510   0x00000220   Code   RO         2072    i.atan              m_ws.l(atan.o)
    0x08002730   0x08002730   0x00000180   Code   RO         2082    i.atan2             m_ws.l(atan2.o)
    0x080028b0   0x080028b0   0x00000040   Code   RO          673    i.control_speed     motor.o
    0x080028f0   0x080028f0   0x00000118   Code   RO          463    i.deal_track_package  track_control.o
    0x08002a08   0x08002a08   0x00000018   Code   RO         1174    i.delay_ms          ml_delay.o
    0x08002a20   0x08002a20   0x0000002e   Code   RO         1176    i.delay_us          ml_delay.o
    0x08002a4e   0x08002a4e   0x000000be   Code   RO          954    i.digtal            gray_track.o
    0x08002b0c   0x08002b0c   0x00000030   Code   RO          674    i.duty_to_speed     motor.o
    0x08002b3c   0x08002b3c   0x00000024   Code   RO         1080    i.gpio_get          ml_gpio.o
    0x08002b60   0x08002b60   0x000001a4   Code   RO         1081    i.gpio_init         ml_gpio.o
    0x08002d04   0x08002d04   0x00000040   Code   RO         1082    i.gpio_set          ml_gpio.o
    0x08002d44   0x08002d44   0x00000016   Code   RO          956    i.limit_int         gray_track.o
    0x08002d5a   0x08002d5a   0x00000044   Code   RO         1613    i.mag_read          ml_hmc5883l.o
    0x08002d9e   0x08002d9e   0x00000002   PAD
    0x08002da0   0x08002da0   0x00000188   Code   RO            1    i.main              main.o
    0x08002f28   0x08002f28   0x00000038   Code   RO          676    i.motorA_duty       motor.o
    0x08002f60   0x08002f60   0x00000038   Code   RO          677    i.motorB_duty       motor.o
    0x08002f98   0x08002f98   0x00000008   Code   RO          678    i.motor_init        motor.o
    0x08002fa0   0x08002fa0   0x00000064   Code   RO          776    i.motor_target_set  pid.o
    0x08003004   0x08003004   0x0000000e   Code   RO          679    i.motor_uart_send_cmd  motor.o
    0x08003012   0x08003012   0x000000c2   Code   RO          777    i.pid_cal           pid.o
    0x080030d4   0x080030d4   0x000000a4   Code   RO          778    i.pid_control       pid.o
    0x08003178   0x08003178   0x00000028   Code   RO          780    i.pidout_limit      pid.o
    0x080031a0   0x080031a0   0x0000005c   Code   RO          998    i.scs_init          scs_servo.o
    0x080031fc   0x080031fc   0x0000005e   Code   RO          999    i.scs_send_packet   scs_servo.o
    0x0800325a   0x0800325a   0x00000026   Code   RO         1000    i.scs_torque_enable  scs_servo.o
    0x08003280   0x08003280   0x00000050   Code   RO         1001    i.scs_write_pos     scs_servo.o
    0x080032d0   0x080032d0   0x0000026c   Code   RO          957    i.track             gray_track.o
    0x0800353c   0x0800353c   0x000000cc   Code   RO          489    i.track_uart_rx     track_control.o
    0x08003608   0x08003608   0x0000001c   Code   RO         1002    i.u3_send           scs_servo.o
    0x08003624   0x08003624   0x000000a0   Code   RO         1275    i.uart_baud_config  ml_uart.o
    0x080036c4   0x080036c4   0x00000064   Code   RO         1277    i.uart_init         ml_uart.o
    0x08003728   0x08003728   0x00000056   Code   RO         1278    i.uart_pin_init     ml_uart.o
    0x0800377e   0x0800377e   0x00000002   PAD
    0x08003780   0x08003780   0x00000020   Code   RO         1279    i.uart_sendbyte     ml_uart.o
    0x080037a0   0x080037a0   0x0000001a   Code   RO         1280    i.uart_sendstr      ml_uart.o
    0x080037ba   0x080037ba   0x00000002   PAD
    0x080037bc   0x080037bc   0x0000002c   Code   RO         2289    locale$$code        c_w.l(lc_numeric_c.o)
    0x080037e8   0x080037e8   0x00000062   Code   RO         2013    x$fpl$d2f           fz_ws.l(d2f.o)
    0x0800384a   0x0800384a   0x00000002   PAD
    0x0800384c   0x0800384c   0x00000150   Code   RO         2015    x$fpl$dadd          fz_ws.l(daddsub_clz.o)
    0x0800399c   0x0800399c   0x00000010   Code   RO         2291    x$fpl$dcheck1       fz_ws.l(dcheck1.o)
    0x080039ac   0x080039ac   0x000002b0   Code   RO         2022    x$fpl$ddiv          fz_ws.l(ddiv.o)
    0x08003c5c   0x08003c5c   0x0000002e   Code   RO         2030    x$fpl$dflt          fz_ws.l(dflt_clz.o)
    0x08003c8a   0x08003c8a   0x00000026   Code   RO         2029    x$fpl$dfltu         fz_ws.l(dflt_clz.o)
    0x08003cb0   0x08003cb0   0x00000154   Code   RO         2035    x$fpl$dmul          fz_ws.l(dmul.o)
    0x08003e04   0x08003e04   0x0000009c   Code   RO         2175    x$fpl$dnaninf       fz_ws.l(dnaninf.o)
    0x08003ea0   0x08003ea0   0x0000000c   Code   RO         2177    x$fpl$dretinf       fz_ws.l(dretinf.o)
    0x08003eac   0x08003eac   0x00000016   Code   RO         2016    x$fpl$drsb          fz_ws.l(daddsub_clz.o)
    0x08003ec2   0x08003ec2   0x00000002   PAD
    0x08003ec4   0x08003ec4   0x000001d4   Code   RO         2017    x$fpl$dsub          fz_ws.l(daddsub_clz.o)
    0x08004098   0x08004098   0x00000056   Code   RO         2037    x$fpl$f2d           fz_ws.l(f2d.o)
    0x080040ee   0x080040ee   0x00000002   PAD
    0x080040f0   0x080040f0   0x000000c4   Code   RO         2039    x$fpl$fadd          fz_ws.l(faddsub_clz.o)
    0x080041b4   0x080041b4   0x00000018   Code   RO         2181    x$fpl$fcmpinf       fz_ws.l(fcmpi.o)
    0x080041cc   0x080041cc   0x00000184   Code   RO         2046    x$fpl$fdiv          fz_ws.l(fdiv.o)
    0x08004350   0x08004350   0x00000036   Code   RO         2049    x$fpl$ffix          fz_ws.l(ffix.o)
    0x08004386   0x08004386   0x00000002   PAD
    0x08004388   0x08004388   0x0000003e   Code   RO         2053    x$fpl$ffixu         fz_ws.l(ffixu.o)
    0x080043c6   0x080043c6   0x00000002   PAD
    0x080043c8   0x080043c8   0x00000030   Code   RO         2058    x$fpl$fflt          fz_ws.l(fflt_clz.o)
    0x080043f8   0x080043f8   0x00000068   Code   RO         2063    x$fpl$fleqf         fz_ws.l(fleqf.o)
    0x08004460   0x08004460   0x00000102   Code   RO         2065    x$fpl$fmul          fz_ws.l(fmul.o)
    0x08004562   0x08004562   0x0000008c   Code   RO         2183    x$fpl$fnaninf       fz_ws.l(fnaninf.o)
    0x080045ee   0x080045ee   0x0000000a   Code   RO         2185    x$fpl$fretinf       fz_ws.l(fretinf.o)
    0x080045f8   0x080045f8   0x00000062   Code   RO         2067    x$fpl$frleqf        fz_ws.l(frleqf.o)
    0x0800465a   0x0800465a   0x00000014   Code   RO         2040    x$fpl$frsb          fz_ws.l(faddsub_clz.o)
    0x0800466e   0x0800466e   0x00000002   PAD
    0x08004670   0x08004670   0x000000ea   Code   RO         2041    x$fpl$fsub          fz_ws.l(faddsub_clz.o)
    0x0800475a   0x0800475a   0x00000004   Code   RO         2069    x$fpl$printf1       fz_ws.l(printf1.o)
    0x0800475e   0x0800475e   0x00000064   Code   RO         2363    x$fpl$retnan        fz_ws.l(retnan.o)
    0x080047c2   0x080047c2   0x0000005c   Code   RO         2193    x$fpl$scalbn        fz_ws.l(scalbn.o)
    0x0800481e   0x0800481e   0x00000030   Code   RO         2374    x$fpl$trapveneer    fz_ws.l(trapv.o)
    0x0800484e   0x0800484e   0x00000000   Code   RO         2195    x$fpl$usenofp       fz_ws.l(usenofp.o)
    0x0800484e   0x0800484e   0x000005f0   Data   RO         1503    .constdata          ml_oled.o
    0x08004e3e   0x08004e3e   0x00000011   Data   RO         2002    .constdata          c_w.l(__printf_flags_ss_wp.o)
    0x08004e4f   0x08004e4f   0x00000001   PAD
    0x08004e50   0x08004e50   0x00000098   Data   RO         2073    .constdata          m_ws.l(atan.o)
    0x08004ee8   0x08004ee8   0x00000008   Data   RO         2214    .constdata          m_ws.l(qnan.o)
    0x08004ef0   0x08004ef0   0x00000094   Data   RO         2262    .constdata          c_w.l(bigflt0.o)
    0x08004f84   0x08004f84   0x00000020   Data   RO         2445    Region$$Table       anon$$obj.o
    0x08004fa4   0x08004fa4   0x0000001c   Data   RO         2288    locale$$data        c_w.l(lc_numeric_c.o)


    Execution Region RW_IRAM1 (Exec base: 0x20000000, Load base: 0x08004fc0, Size: 0x00000978, Max: 0x00005000, ABSOLUTE, COMPRESSED[0x00000048])

    Exec Addr    Load Addr    Size         Type   Attr      Idx    E Section Name        Object

    0x20000000   COMPRESSED   0x0000003e   Data   RW          494    .data               track_control.o
    0x2000003e   COMPRESSED   0x00000002   PAD
    0x20000040   COMPRESSED   0x00000014   Data   RW          681    .data               motor.o
    0x20000054   COMPRESSED   0x00000090   Data   RW          829    .data               filter.o
    0x200000e4   COMPRESSED   0x0000000c   Data   RW          958    .data               gray_track.o
    0x200000f0   COMPRESSED   0x00000001   Data   RW         1003    .data               scs_servo.o
    0x200000f1   COMPRESSED   0x00000003   PAD
    0x200000f4   COMPRESSED   0x0000000c   Data   RW         1083    .data               ml_gpio.o
    0x20000100   COMPRESSED   0x00000010   Data   RW         1281    .data               ml_uart.o
    0x20000110   COMPRESSED   0x00000030   Data   RW         1391    .data               ml_mpu6050.o
    0x20000140   COMPRESSED   0x0000000e   Data   RW         1615    .data               ml_hmc5883l.o
    0x2000014e   COMPRESSED   0x00000002   PAD
    0x20000150        -       0x000000d8   Zero   RW          492    .bss                track_control.o
    0x20000228        -       0x00000052   Zero   RW          680    .bss                motor.o
    0x2000027a   COMPRESSED   0x00000002   PAD
    0x2000027c        -       0x0000009c   Zero   RW          781    .bss                pid.o
    0x20000318        -       0x00000060   Zero   RW         2300    .bss                c_w.l(libspace.o)
    0x20000378        -       0x00000200   Zero   RW         1073    HEAP                startup_stm32f10x_md.o
    0x20000578        -       0x00000400   Zero   RW         1072    STACK               startup_stm32f10x_md.o


==============================================================================

Image component sizes


      Code (inc. data)   RO Data    RW Data    ZI Data      Debug   Object Name

       186          0          0          0          0       2145   app_key.o
       320          0          0        144          0       1658   filter.o
       900         26          0         12          0       3013   gray_track.o
      1098        162          0          0          0       4858   isr.o
       392         72          0          0          0     207739   main.o
        70          0          0          0          0        874   ml_delay.o
       520         22          0         12          0       3179   ml_gpio.o
       308         22          0         14          0       1463   ml_hmc5883l.o
       414          0          0          0          0       2851   ml_i2c.o
       248         24          0         48          0       1674   ml_mpu6050.o
       116         16          0          0          0       1020   ml_nvic.o
       754          6       1520          0          0       7089   ml_oled.o
       408         30          0         16          0       4939   ml_uart.o
       622        174          0         20         82       6590   motor.o
       498         48          0          0        156       2940   pid.o
       332         24          0          1          0       3267   scs_servo.o
        64         26        236          0       1536        784   startup_stm32f10x_md.o
       328         28          0          0          0       1797   system_stm32f10x.o
       484         48          0         62        216       4356   track_control.o

    ----------------------------------------------------------------------
      8074        728       1788        336       1992     262236   Object Totals
         0          0         32          0          0          0   (incl. Generated)
        12          0          0          7          2          0   (incl. Padding)

    ----------------------------------------------------------------------

      Code (inc. data)   RO Data    RW Data    ZI Data      Debug   Library Member Name

        44          6          0          0          0         84   __2sprintf.o
        90          0          0          0          0          0   __dczerorl2.o
         8          0          0          0          0         68   __main.o
       392          4         17          0          0         92   __printf_flags_ss_wp.o
        14          0          0          0          0         68   __printf_wp.o
         0          0          0          0          0          0   __rtentry.o
        12          0          0          0          0          0   __rtentry2.o
         6          0          0          0          0          0   __rtentry4.o
        52          8          0          0          0          0   __scatter.o
        28          0          0          0          0          0   __scatter_zi.o
        48          6          0          0          0         96   _printf_char_common.o
         6          0          0          0          0          0   _printf_d.o
       120         16          0          0          0         92   _printf_dec.o
         6          0          0          0          0          0   _printf_f.o
      1054          0          0          0          0        216   _printf_fp_dec.o
       128         16          0          0          0         84   _printf_fp_infnan.o
       178          0          0          0          0         88   _printf_intcommon.o
         0          0          0          0          0          0   _printf_percent.o
         4          0          0          0          0          0   _printf_percent_end.o
        10          0          0          0          0         68   _sputc.o
       228          4        148          0          0         96   bigflt0.o
      1936        128          0          0          0        672   btod.o
        18          0          0          0          0         80   exit.o
         6          0          0          0          0        152   heapauxi.o
        44         10         28          0          0         76   lc_numeric_c.o
         2          0          0          0          0          0   libinit.o
        18          0          0          0          0          0   libinit2.o
         2          0          0          0          0          0   libshutdown.o
         2          0          0          0          0          0   libshutdown2.o
         8          4          0          0         96         68   libspace.o
       138          0          0          0          0         80   lludiv10.o
         8          4          0          0          0         68   rt_locale_intlibspace.o
         2          0          0          0          0          0   rtexit.o
        10          0          0          0          0          0   rtexit2.o
       128          0          0          0          0         68   strcmpv7m.o
        74          0          0          0          0         80   sys_stackheap_outer.o
         2          0          0          0          0         68   use_no_semi.o
         2          0          0          0          0         68   use_no_semi_2.o
        98          4          0          0          0         92   d2f.o
       826         16          0          0          0        348   daddsub_clz.o
        16          4          0          0          0         68   dcheck1.o
       688        140          0          0          0        208   ddiv.o
        84          0          0          0          0        136   dflt_clz.o
       340         12          0          0          0        104   dmul.o
       156          4          0          0          0         92   dnaninf.o
        12          0          0          0          0         68   dretinf.o
        86          4          0          0          0         84   f2d.o
       450          8          0          0          0        236   faddsub_clz.o
        24          0          0          0          0         68   fcmpi.o
       388         76          0          0          0         96   fdiv.o
        54          4          0          0          0         84   ffix.o
        62          4          0          0          0         84   ffixu.o
        48          0          0          0          0         68   fflt_clz.o
       104          4          0          0          0         84   fleqf.o
       258          4          0          0          0         84   fmul.o
       140          4          0          0          0         84   fnaninf.o
        10          0          0          0          0         68   fretinf.o
        98          0          0          0          0         68   frleqf.o
         4          0          0          0          0         68   printf1.o
       100          0          0          0          0         68   retnan.o
        92          0          0          0          0         68   scalbn.o
        48          0          0          0          0         68   trapv.o
         0          0          0          0          0          0   usenofp.o
       544         70        152          0          0        124   atan.o
       384         38          0          0          0        144   atan2.o
        26          6          0          0          0        204   dunder.o
        40          0          0          0          0         68   fpclassify.o
       170          0          0          0          0         96   poly.o
         0          0          8          0          0          0   qnan.o

    ----------------------------------------------------------------------
     10200        608        354          0         96       5664   Library Totals
        22          0          1          0          0          0   (incl. Padding)

    ----------------------------------------------------------------------

      Code (inc. data)   RO Data    RW Data    ZI Data      Debug   Library Name

      4828        206        193          0         96       2532   c_w.l
      4186        288          0          0          0       2496   fz_ws.l
      1164        114        160          0          0        636   m_ws.l

    ----------------------------------------------------------------------
     10200        608        354          0         96       5664   Library Totals

    ----------------------------------------------------------------------

==============================================================================


      Code (inc. data)   RO Data    RW Data    ZI Data      Debug   

     18274       1336       2142        336       2088     260564   Grand Totals
     18274       1336       2142         72       2088     260564   ELF Image Totals (compressed)
     18274       1336       2142         72          0          0   ROM Totals

==============================================================================

    Total RO  Size (Code + RO Data)                20416 (  19.94kB)
    Total RW  Size (RW Data + ZI Data)              2424 (   2.37kB)
    Total ROM Size (Code + RO Data + RW Data)      20488 (  20.01kB)

==============================================================================

