Component: ARM Compiler 5.06 update 5 (build 528) Tool: armlink [4d35e2]

==============================================================================

Section Cross References

    main.o(i.calc_track_error) refers to main.o(i.count_bits) for count_bits
    main.o(i.calc_track_error) refers to main.o(.data) for sensor_active_count
    main.o(i.calc_track_error) refers to main.o(.constdata) for sensor_weight
    main.o(i.choose_sweep_dir) refers to main.o(i.normalize_dir) for normalize_dir
    main.o(i.choose_sweep_dir) refers to main.o(.data) for track_side_trend
    main.o(i.choose_track_dir) refers to main.o(i.normalize_dir) for normalize_dir
    main.o(i.choose_track_dir) refers to main.o(.data) for track_side_trend
    main.o(i.choose_wide_recovery_dir) refers to main.o(i.track_dir_from_error) for track_dir_from_error
    main.o(i.choose_wide_recovery_dir) refers to main.o(i.choose_track_dir) for choose_track_dir
    main.o(i.choose_wide_recovery_dir) refers to main.o(.data) for track_error
    main.o(i.deal_track_package) refers to main.o(.bss) for ir_package
    main.o(i.deal_track_package) refers to main.o(.data) for ir_data_number
    main.o(i.detect_stop_line) refers to main.o(i.track_get_info) for track_get_info
    main.o(i.detect_stop_line) refers to main.o(.data) for stop_line_hold
    main.o(i.drive_seek_dir) refers to main.o(i.track_car_drive) for track_car_drive
    main.o(i.imu_init) refers to ml_i2c.o(i.I2C_Init) for I2C_Init
    main.o(i.imu_init) refers to ml_mpu6050.o(i.MPU6050_Init) for MPU6050_Init
    main.o(i.imu_init) refers to ml_hmc5883l.o(i.HMC5883L_Init) for HMC5883L_Init
    main.o(i.imu_init) refers to ml_exti.o(i.exti_init) for exti_init
    main.o(i.imu_init) refers to ml_delay.o(i.delay_ms) for delay_ms
    main.o(i.imu_init) refers to ml_mpu6050.o(.data) for yaw_gyro
    main.o(i.keep_min_turn_for_error) refers to main.o(i.track_dir_from_error) for track_dir_from_error
    main.o(i.keep_min_turn_for_error) refers to main.o(.data) for track_turn
    main.o(i.keys_init) refers to app_key.o(i.app_key_init) for app_key_init
    main.o(i.keys_init) refers to main.o(.bss) for start_key
    main.o(i.main) refers to main.o(i.system_init) for system_init
    main.o(i.main) refers to camera.o(i.camera_update_timeout) for camera_update_timeout
    main.o(i.main) refers to app_key.o(i.app_key_update) for app_key_update
    main.o(i.main) refers to app_key.o(i.app_key_take_pressed) for app_key_take_pressed
    main.o(i.main) refers to main.o(i.task_2_start) for task_2_start
    main.o(i.main) refers to main.o(i.task_3_start) for task_3_start
    main.o(i.main) refers to main.o(i.task_4_start) for task_4_start
    main.o(i.main) refers to main.o(i.task_5_start) for task_5_start
    main.o(i.main) refers to main.o(i.task_6_start) for task_6_start
    main.o(i.main) refers to main.o(i.task_2_update) for task_2_update
    main.o(i.main) refers to main.o(i.task_3_update) for task_3_update
    main.o(i.main) refers to main.o(i.task_4_update) for task_4_update
    main.o(i.main) refers to main.o(i.task_5_update) for task_5_update
    main.o(i.main) refers to main.o(i.task_6_update) for task_6_update
    main.o(i.main) refers to main.o(i.oled_show_task_select) for oled_show_task_select
    main.o(i.main) refers to main.o(i.oled_show_task_run) for oled_show_task_run
    main.o(i.main) refers to main.o(i.oled_show_task_result) for oled_show_task_result
    main.o(i.main) refers to ml_delay.o(i.delay_ms) for delay_ms
    main.o(i.main) refers to main.o(.data) for sys_time_ms
    main.o(i.main) refers to main.o(.bss) for start_key
    main.o(i.motor_stop_on_boot) refers to ml_uart.o(i.uart_init) for uart_init
    main.o(i.motor_stop_on_boot) refers to motor.o(i.control_speed) for control_speed
    main.o(i.motor_stop_on_boot) refers to ml_delay.o(i.delay_ms) for delay_ms
    main.o(i.oled_show_task_result) refers to ml_oled.o(i.OLED_ShowString) for OLED_ShowString
    main.o(i.oled_show_task_result) refers to main.o(i.show_time) for show_time
    main.o(i.oled_show_task_result) refers to ball_balance.o(i.ball_balance_pos_error) for ball_balance_pos_error
    main.o(i.oled_show_task_result) refers to main.o(i.show_signed_num) for show_signed_num
    main.o(i.oled_show_task_result) refers to main.o(.data) for task_elapsed_ms
    main.o(i.oled_show_task_run) refers to main.o(i.track_get_info) for track_get_info
    main.o(i.oled_show_task_run) refers to ml_oled.o(i.OLED_ShowString) for OLED_ShowString
    main.o(i.oled_show_task_run) refers to ml_oled.o(i.OLED_ShowNum) for OLED_ShowNum
    main.o(i.oled_show_task_run) refers to main.o(i.show_time) for show_time
    main.o(i.oled_show_task_run) refers to main.o(i.show_signed_num) for show_signed_num
    main.o(i.oled_show_task_run) refers to ball_balance.o(i.ball_balance_pos_error) for ball_balance_pos_error
    main.o(i.oled_show_task_run) refers to main.o(i.signed_to_int) for signed_to_int
[...]
    i.uart_sendbyte                          0x080055cc   Section        0  ml_uart.o(i.uart_sendbyte)
    i.uart_sendstr                           0x080055ec   Section        0  ml_uart.o(i.uart_sendstr)
    i.update_side_trend                      0x08005608   Section        0  main.o(i.update_side_trend)
    update_side_trend                        0x08005609   Thumb Code   212  main.o(i.update_side_trend)
    locale$$code                             0x080056e4   Section       44  lc_numeric_c.o(locale$$code)
    x$fpl$d2f                                0x08005710   Section       98  d2f.o(x$fpl$d2f)
    x$fpl$dadd                               0x08005774   Section      336  daddsub_clz.o(x$fpl$dadd)
    _dadd1                                   0x08005785   Thumb Code     0  daddsub_clz.o(x$fpl$dadd)
    x$fpl$dcheck1                            0x080058c4   Section       16  dcheck1.o(x$fpl$dcheck1)
    x$fpl$ddiv                               0x080058d4   Section      688  ddiv.o(x$fpl$ddiv)
    ddiv_entry                               0x080058db   Thumb Code     0  ddiv.o(x$fpl$ddiv)
    x$fpl$dflt                               0x08005b84   Section       46  dflt_clz.o(x$fpl$dflt)
    x$fpl$dfltu                              0x08005bb2   Section       38  dflt_clz.o(x$fpl$dfltu)
    x$fpl$dmul                               0x08005bd8   Section      340  dmul.o(x$fpl$dmul)
    x$fpl$dnaninf                            0x08005d2c   Section      156  dnaninf.o(x$fpl$dnaninf)
    x$fpl$dretinf                            0x08005dc8   Section       12  dretinf.o(x$fpl$dretinf)
    x$fpl$drsb                               0x08005dd4   Section       22  daddsub_clz.o(x$fpl$drsb)
    x$fpl$dsub                               0x08005dec   Section      468  daddsub_clz.o(x$fpl$dsub)
    _dsub1                                   0x08005dfd   Thumb Code     0  daddsub_clz.o(x$fpl$dsub)
    x$fpl$f2d                                0x08005fc0   Section       86  f2d.o(x$fpl$f2d)
    x$fpl$fadd                               0x08006018   Section      196  faddsub_clz.o(x$fpl$fadd)
    _fadd1                                   0x08006027   Thumb Code     0  faddsub_clz.o(x$fpl$fadd)
    x$fpl$fcmpinf                            0x080060dc   Section       24  fcmpi.o(x$fpl$fcmpinf)
    x$fpl$fdiv                               0x080060f4   Section      388  fdiv.o(x$fpl$fdiv)
    _fdiv1                                   0x080060f5   Thumb Code     0  fdiv.o(x$fpl$fdiv)
    x$fpl$ffix                               0x08006278   Section       54  ffix.o(x$fpl$ffix)
    x$fpl$ffixu                              0x080062b0   Section       62  ffixu.o(x$fpl$ffixu)
    x$fpl$fflt                               0x080062f0   Section       48  fflt_clz.o(x$fpl$fflt)
    x$fpl$ffltu                              0x08006320   Section       38  fflt_clz.o(x$fpl$ffltu)
    x$fpl$fleqf                              0x08006348   Section      104  fleqf.o(x$fpl$fleqf)
    x$fpl$fmul                               0x080063b0   Section      258  fmul.o(x$fpl$fmul)
    x$fpl$fnaninf                            0x080064b2   Section      140  fnaninf.o(x$fpl$fnaninf)
    x$fpl$fretinf                            0x0800653e   Section       10  fretinf.o(x$fpl$fretinf)
    x$fpl$frleqf                             0x08006548   Section       98  frleqf.o(x$fpl$frleqf)
    x$fpl$frsb                               0x080065aa   Section       20  faddsub_clz.o(x$fpl$frsb)
    x$fpl$fsub                               0x080065c0   Section      234  faddsub_clz.o(x$fpl$fsub)
    _fsub1                                   0x080065cf   Thumb Code     0  faddsub_clz.o(x$fpl$fsub)
    x$fpl$printf1                            0x080066aa   Section        4  printf1.o(x$fpl$printf1)
    x$fpl$retnan                             0x080066ae   Section      100  retnan.o(x$fpl$retnan)
    x$fpl$scalbn                             0x08006712   Section       92  scalbn.o(x$fpl$scalbn)
    x$fpl$trapveneer                         0x0800676e   Section       48  trapv.o(x$fpl$trapveneer)
    x$fpl$usenofp                            0x0800679e   Section        0  usenofp.o(x$fpl$usenofp)
    .constdata                               0x080067a0   Section       32  main.o(.constdata)
    sensor_weight                            0x080067a0   Data          32  main.o(.constdata)
    .constdata                               0x080067c0   Section     1520  ml_oled.o(.constdata)
    .constdata                               0x08006db0   Section       17  __printf_flags_ss_wp.o(.constdata)
    maptable                                 0x08006db0   Data          17  __printf_flags_ss_wp.o(.constdata)
    .constdata                               0x08006dc8   Section      152  atan.o(.constdata)
    atanhi                                   0x08006dc8   Data          32  atan.o(.constdata)
    atanlo                                   0x08006de8   Data          32  atan.o(.constdata)
    aTodd                                    0x08006e08   Data          40  atan.o(.constdata)
    aTeven                                   0x08006e30   Data          48  atan.o(.constdata)
    .constdata                               0x08006e60   Section        8  qnan.o(.constdata)
    .constdata                               0x08006e68   Section      148  bigflt0.o(.constdata)
    tenpwrs_x                                0x08006e68   Data          60  bigflt0.o(.constdata)
    tenpwrs_i                                0x08006ea4   Data          64  bigflt0.o(.constdata)
    locale$$data                             0x08006f1c   Section       28  lc_numeric_c.o(locale$$data)
    __lcnum_c_name                           0x08006f20   Data           2  lc_numeric_c.o(locale$$data)
    __lcnum_c_start                          0x08006f28   Data           0  lc_numeric_c.o(locale$$data)
    __lcnum_c_point                          0x08006f34   Data           0  lc_numeric_c.o(locale$$data)
    __lcnum_c_thousands                      0x08006f36   Data           0  lc_numeric_c.o(locale$$data)
    __lcnum_c_grouping                       0x08006f37   Data           0  lc_numeric_c.o(locale$$data)
    __lcnum_c_end                            0x08006f38   Data           0  lc_numeric_c.o(locale$$data)
    .data                                    0x20000000   Section      102  main.o(.data)
    sys_state                                0x20000000   Data           1  main.o(.data)
    current_task                             0x20000001   Data           1  main.o(.data)
    sys_time_ms                              0x20000004   Data           4  main.o(.data)
    task_start_time_ms                       0x20000008   Data           4  main.o(.data)
    task_elapsed_ms                          0x2000000c   Data           4  main.o(.data)
    lap_count                                0x20000010   Data           1  main.o(.data)
    target_laps                              0x20000011   Data           1  main.o(.data)
    stop_line_hold                           0x20000012   Data           1  main.o(.data)
    last_stop_line_time_ms                   0x20000014   Data           4  main.o(.data)
    t3_phase                                 0x20000018   Data           1  main.o(.data)
    t3_phase_start_ms                        0x2000001c   Data           4  main.o(.data)
    task6_ball_target                        0x20000020   Data           4  main.o(.data)
    oled_tick                                0x20000024   Data           4  main.o(.data)
    track_no_frame_count                     0x20000028   Data           1  main.o(.data)
    sensor_raw                               0x20000029   Data           1  main.o(.data)
    sensor_bits                              0x2000002a   Data           1  main.o(.data)
    sensor_active_count                      0x2000002b   Data           1  main.o(.data)
    track_frame_count                        0x2000002c   Data           1  main.o(.data)
    track_d_frame_count                      0x2000002d   Data           1  main.o(.data)
    track_a_frame_count                      0x2000002e   Data           1  main.o(.data)
    track_lost_count                         0x2000002f   Data           1  main.o(.data)
    track_error                              0x20000030   Data           4  main.o(.data)
    last_track_error                         0x20000034   Data           4  main.o(.data)
    track_turn                               0x20000038   Data           4  main.o(.data)
    drive_left_now                           0x2000003c   Data           4  main.o(.data)
    drive_right_now                          0x20000040   Data           4  main.o(.data)
    left_edge_count                          0x20000044   Data           1  main.o(.data)
    right_edge_count                         0x20000045   Data           1  main.o(.data)
    track_recovery_dir                       0x20000046   Data           1  main.o(.data)
    track_recovery_center_count              0x20000047   Data           1  main.o(.data)
    track_preferred_dir                      0x20000048   Data           1  main.o(.data)
    track_side_vote                          0x20000049   Data           1  main.o(.data)
    track_side_trend                         0x2000004a   Data           1  main.o(.data)
    track_sweep_dir                          0x2000004b   Data           1  main.o(.data)
    track_sweep_count                        0x2000004c   Data           1  main.o(.data)
    track_weave_dir                          0x2000004d   Data           1  main.o(.data)
    track_weave_count                        0x2000004e   Data           1  main.o(.data)
    track_lock_count                         0x2000004f   Data           1  main.o(.data)
    track_wide_pause_count                   0x20000050   Data           1  main.o(.data)
    track_kp_x100                            0x20000054   Data           4  main.o(.data)
    track_kd_x100                            0x20000058   Data           4  main.o(.data)
    ir_data_number                           0x2000005c   Data           8  main.o(.data)
    start                                    0x20000064   Data           1  main.o(.data)
    step                                     0x20000065   Data           1  main.o(.data)
    .data                                    0x20000068   Section       20  motor.o(.data)
    motorA_output                            0x20000078   Data           2  motor.o(.data)
    motorB_output                            0x2000007a   Data           2  motor.o(.data)
    .data                                    0x2000007c   Section       12  gray_track.o(.data)
    pid_output_IRR                           0x2000007c   Data           4  gray_track.o(.data)
    error_last                               0x20000080   Data           1  gray_track.o(.data)
    IRTrack_Integral                         0x20000084   Data           4  gray_track.o(.data)
    .data                                    0x20000088   Section      144  filter.o(.data)
    .data                                    0x20000118   Section       18  ball_balance.o(.data)
    ball_target_raw                          0x20000120   Data           4  ball_balance.o(.data)
    last_pos_error                           0x20000124   Data           4  ball_balance.o(.data)
    servo_pulse_us                           0x20000128   Data           2  ball_balance.o(.data)
    .data                                    0x2000012a   Section        4  camera.o(.data)
    cam_rx_idx                               0x2000012a   Data           1  camera.o(.data)
    cam_frame_start                          0x2000012b   Data           1  camera.o(.data)
    cam_timeout_ms                           0x2000012c   Data           2  camera.o(.data)
    .data                                    0x20000130   Section       12  ml_gpio.o(.data)
    .data                                    0x2000013c   Section       12  ml_tim.o(.data)
    .data                                    0x20000148   Section       16  ml_uart.o(.data)
    .data                                    0x20000158   Section       48  ml_mpu6050.o(.data)
    .data                                    0x20000188   Section       14  ml_hmc5883l.o(.data)
    hmc_addr                                 0x20000194   Data           1  ml_hmc5883l.o(.data)
    hmc_type                                 0x20000195   Data           1  ml_hmc5883l.o(.data)
    .bss                                     0x20000198   Section      240  main.o(.bss)
    start_key                                0x20000198   Data          12  main.o(.bss)
    task_key                                 0x200001a4   Data          12  main.o(.bss)
    ir_rx_buf                                0x200001b0   Data         100  main.o(.bss)
    ir_package                               0x20000214   Data         100  main.o(.bss)
    ir_data_analog                           0x20000278   Data          16  main.o(.bss)
    .bss                                     0x20000288   Section       82  motor.o(.bss)
    motor_send_buf                           0x200002a8   Data          50  motor.o(.bss)
    .bss                                     0x200002dc   Section      156  pid.o(.bss)
    .bss                                     0x20000378   Section       20  ball_balance.o(.bss)
    balance_servo                            0x20000378   Data          20  ball_balance.o(.bss)
    .bss                                     0x2000038c   Section       32  camera.o(.bss)
    cam_rx_buf                               0x2000038c   Data          32  camera.o(.bss)
    .bss                                     0x200003ac   Section       96  libspace.o(.bss)
    HEAP                                     0x20000410   Section      512  startup_stm32f10x_md.o(HEAP)
    Heap_Mem                                 0x20000410   Data         512  startup_stm32f10x_md.o(HEAP)
    STACK                                    0x20000610   Section     1024  startup_stm32f10x_md.o(STACK)
    Stack_Mem                                0x20000610   Data        1024  startup_stm32f10x_md.o(STACK)
    __initial_sp                             0x20000a10   Data           0  startup_stm32f10x_md.o(STACK)

    Global Symbols

    Symbol Name                              Value     Ov Type        Size  Object(Section)

    BuildAttributes$$THM_ISAv4$P$D$K$B$S$PE$A:L22UL41UL21$X:L11$S22US41US21$IEEE1$IW$USESV6$~STKCKD$USESV7$~SHL$OTIME$ROPI$IEEEX$EBA8$UX$STANDARDLIB$REQ8$PRES8$EABIv2 0x00000000   Number         0  anon$$obj.o ABSOLUTE
    __ARM_use_no_argv                        0x00000000   Number         0  main.o ABSOLUTE
    _printf_flags                            0x00000000   Number         0  printf_stubs.o ABSOLUTE
    _printf_return_value                     0x00000000   Number         0  printf_stubs.o ABSOLUTE
    _printf_sizespec                         0x00000000   Number         0  printf_stubs.o ABSOLUTE
    _printf_widthprec                        0x00000000   Number         0  printf_stubs.o ABSOLUTE
    __ARM_exceptions_init                     - Undefined Weak Reference
    __alloca_initialize                       - Undefined Weak Reference
    __arm_preinit_                            - Undefined Weak Reference
    __cpp_initialize__aeabi_                  - Undefined Weak Reference
    __cxa_finalize                            - Undefined Weak Reference
    __sigvec_lookup                           - Undefined Weak Reference
    _atexit_init                              - Undefined Weak Reference
    _call_atexit_fns                          - Undefined Weak Reference
    _clock_init                               - Undefined Weak Reference
    _fp_trap_init                             - Undefined Weak Reference
    _fp_trap_shutdown                         - Undefined Weak Reference
    _get_lc_collate                           - Undefined Weak Reference
    _get_lc_monetary                          - Undefined Weak Reference
    _get_lc_time                              - Undefined Weak Reference
    _getenv_init                              - Undefined Weak Reference
    _handle_redirection                       - Undefined Weak Reference
    _init_alloc                               - Undefined Weak Reference
    _init_user_alloc                          - Undefined Weak Reference
    _initio                                   - Undefined Weak Reference
    _printf_mbtowc                            - Undefined Weak Reference
    _printf_wc                                - Undefined Weak Reference
    _rand_init                                - Undefined Weak Reference
    _signal_finish                            - Undefined Weak Reference
    _signal_init                              - Undefined Weak Reference
    _terminate_alloc                          - Undefined Weak Reference
    _terminate_user_alloc                     - Undefined Weak Reference
    _terminateio                              - Undefined Weak Reference
    __Vectors_Size                           0x000000ec   Number         0  startup_stm32f10x_md.o ABSOLUTE
    __Vectors                                0x08000000   Data           4  startup_stm32f10x_md.o(RESET)
    __Vectors_End                            0x080000ec   Data           0  startup_stm32f10x_md.o(RESET)
    __main                                   0x080000ed   Thumb Code     8  __main.o(!!!main)
    __scatterload                            0x080000f5   Thumb Code     0  __scatter.o(!!!scatter)
    __scatterload_rt2                        0x080000f5   Thumb Code    44  __scatter.o(!!!scatter)
    __scatterload_rt2_thumb_only             0x080000f5   Thumb Code     0  __scatter.o(!!!scatter)
    __scatterload_null                       0x08000103   Thumb Code     0  __scatter.o(!!!scatter)
    __decompress                             0x08000129   Thumb Code    90  __dczerorl2.o(!!dczerorl2)
    __decompress1                            0x08000129   Thumb Code     0  __dczerorl2.o(!!dczerorl2)
    __scatterload_zeroinit                   0x08000185   Thumb Code    28  __scatter_zi.o(!!handler_zi)
    _printf_f                                0x080001a1   Thumb Code     0  _printf_f.o(.ARM.Collect$$_printf_percent$$00000003)
    _printf_percent                          0x080001a1   Thumb Code     0  _printf_percent.o(.ARM.Collect$$_printf_percent$$00000000)
    _printf_d                                0x080001a7   Thumb Code     0  _printf_d.o(.ARM.Collect$$_printf_percent$$00000009)
    _printf_percent_end                      0x080001ad   Thumb Code     0  _printf_percent_end.o(.ARM.Collect$$_printf_percent$$00000017)
    __rt_lib_init                            0x080001b1   Thumb Code     0  libinit.o(.ARM.Collect$$libinit$$00000000)
    __rt_lib_init_fp_1                       0x080001b3   Thumb Code     0  libinit2.o(.ARM.Collect$$libinit$$00000002)
    __rt_lib_init_heap_1                     0x080001b3   Thumb Code     0  libinit2.o(.ARM.Collect$$libinit$$0000000A)
    __rt_lib_init_lc_common                  0x080001b3   Thumb Code     0  libinit2.o(.ARM.Collect$$libinit$$0000000F)
    __rt_lib_init_preinit_1                  0x080001b3   Thumb Code     0  libinit2.o(.ARM.Collect$$libinit$$00000004)
    __rt_lib_init_rand_1                     0x080001b3   Thumb Code     0  libinit2.o(.ARM.Collect$$libinit$$0000000E)
    __rt_lib_init_user_alloc_1               0x080001b3   Thumb Code     0  libinit2.o(.ARM.Collect$$libinit$$0000000C)
    __rt_lib_init_lc_collate_1               0x080001b9   Thumb Code     0  libinit2.o(.ARM.Collect$$libinit$$00000011)
    __rt_lib_init_lc_ctype_1                 0x080001b9   Thumb Code     0  libinit2.o(.ARM.Collect$$libinit$$00000013)
    __rt_lib_init_lc_monetary_1              0x080001b9   Thumb Code     0  libinit2.o(.ARM.Collect$$libinit$$00000015)
    __rt_lib_init_lc_numeric_2               0x080001b9   Thumb Code     0  libinit2.o(.ARM.Collect$$libinit$$00000016)
    __rt_lib_init_alloca_1                   0x080001c3   Thumb Code     0  libinit2.o(.ARM.Collect$$libinit$$0000002E)
    __rt_lib_init_argv_1                     0x080001c3   Thumb Code     0  libinit2.o(.ARM.Collect$$libinit$$0000002C)
    __rt_lib_init_atexit_1                   0x080001c3   Thumb Code     0  libinit2.o(.ARM.Collect$$libinit$$0000001B)
    __rt_lib_init_clock_1                    0x080001c3   Thumb Code     0  libinit2.o(.ARM.Collect$$libinit$$00000021)
    __rt_lib_init_cpp_1                      0x080001c3   Thumb Code     0  libinit2.o(.ARM.Collect$$libinit$$00000032)
    __rt_lib_init_exceptions_1               0x080001c3   Thumb Code     0  libinit2.o(.ARM.Collect$$libinit$$00000030)
    __rt_lib_init_fp_trap_1                  0x080001c3   Thumb Code     0  libinit2.o(.ARM.Collect$$libinit$$0000001F)
    __rt_lib_init_getenv_1                   0x080001c3   Thumb Code     0  libinit2.o(.ARM.Collect$$libinit$$00000023)
    __rt_lib_init_lc_numeric_1               0x080001c3   Thumb Code     0  libinit2.o(.ARM.Collect$$libinit$$00000017)
    __rt_lib_init_lc_time_1                  0x080001c3   Thumb Code     0  libinit2.o(.ARM.Collect$$libinit$$00000019)
    __rt_lib_init_return                     0x080001c3   Thumb Code     0  libinit2.o(.ARM.Collect$$libinit$$00000033)
    __rt_lib_init_signal_1                   0x080001c3   Thumb Code     0  libinit2.o(.ARM.Collect$$libinit$$0000001D)
    __rt_lib_init_stdio_1                    0x080001c3   Thumb Code     0  libinit2.o(.ARM.Collect$$libinit$$00000025)
    __rt_lib_shutdown                        0x080001c5   Thumb Code     0  libshutdown.o(.ARM.Collect$$libshutdown$$00000000)
    __rt_lib_shutdown_cpp_1                  0x080001c7   Thumb Code     0  libshutdown2.o(.ARM.Collect$$libshutdown$$00000002)
    __rt_lib_shutdown_fp_trap_1              0x080001c7   Thumb Code     0  libshutdown2.o(.ARM.Collect$$libshutdown$$00000007)
    __rt_lib_shutdown_heap_1                 0x080001c7   Thumb Code     0  libshutdown2.o(.ARM.Collect$$libshutdown$$0000000F)
    __rt_lib_shutdown_return                 0x080001c7   Thumb Code     0  libshutdown2.o(.ARM.Collect$$libshutdown$$00000010)
    __rt_lib_shutdown_signal_1               0x080001c7   Thumb Code     0  libshutdown2.o(.ARM.Collect$$libshutdown$$0000000A)
    __rt_lib_shutdown_stdio_1                0x080001c7   Thumb Code     0  libshutdown2.o(.ARM.Collect$$libshutdown$$00000004)
    __rt_lib_shutdown_user_alloc_1           0x080001c7   Thumb Code     0  libshutdown2.o(.ARM.Collect$$libshutdown$$0000000C)
    __rt_entry                               0x080001c9   Thumb Code     0  __rtentry.o(.ARM.Collect$$rtentry$$00000000)
    __rt_entry_presh_1                       0x080001c9   Thumb Code     0  __rtentry2.o(.ARM.Collect$$rtentry$$00000002)
    __rt_entry_sh                            0x080001c9   Thumb Code     0  __rtentry4.o(.ARM.Collect$$rtentry$$00000004)
    __rt_entry_li                            0x080001cf   Thumb Code     0  __rtentry2.o(.ARM.Collect$$rtentry$$0000000A)
    __rt_entry_postsh_1                      0x080001cf   Thumb Code     0  __rtentry2.o(.ARM.Collect$$rtentry$$00000009)
    __rt_entry_main                          0x080001d3   Thumb Code     0  __rtentry2.o(.ARM.Collect$$rtentry$$0000000D)
    __rt_entry_postli_1                      0x080001d3   Thumb Code     0  __rtentry2.o(.ARM.Collect$$rtentry$$0000000C)
    __rt_exit                                0x080001db   Thumb Code     0  rtexit.o(.ARM.Collect$$rtexit$$00000000)
    __rt_exit_ls                             0x080001dd   Thumb Code     0  rtexit2.o(.ARM.Collect$$rtexit$$00000003)
    __rt_exit_prels_1                        0x080001dd   Thumb Code     0  rtexit2.o(.ARM.Collect$$rtexit$$00000002)
    __rt_exit_exit                           0x080001e1   Thumb Code     0  rtexit2.o(.ARM.Collect$$rtexit$$00000004)
    Reset_Handler                            0x080001e9   Thumb Code     8  startup_stm32f10x_md.o(.text)
    NMI_Handler                              0x080001f1   Thumb Code     2  startup_stm32f10x_md.o(.text)
    HardFault_Handler                        0x080001f3   Thumb Code     2  startup_stm32f10x_md.o(.text)
    MemManage_Handler                        0x080001f5   Thumb Code     2  startup_stm32f10x_md.o(.text)
    BusFault_Handler                         0x080001f7   Thumb Code     2  startup_stm32f10x_md.o(.text)
    UsageFault_Handler                       0x080001f9   Thumb Code     2  startup_stm32f10x_md.o(.text)
    SVC_Handler                              0x080001fb   Thumb Code     2  startup_stm32f10x_md.o(.text)
    DebugMon_Handler                         0x080001fd   Thumb Code     2  startup_stm32f10x_md.o(.text)
    PendSV_Handler                           0x080001ff   Thumb Code     2  startup_stm32f10x_md.o(.text)
    SysTick_Handler                          0x08000201   Thumb Code     2  startup_stm32f10x_md.o(.text)
    ADC1_2_IRQHandler                        0x08000203   Thumb Code     0  startup_stm32f10x_md.o(.text)
    CAN1_RX1_IRQHandler                      0x08000203   Thumb Code     0  startup_stm32f10x_md.o(.text)
    CAN1_SCE_IRQHandler                      0x08000203   Thumb Code     0  startup_stm32f10x_md.o(.text)
    DMA1_Channel1_IRQHandler                 0x08000203   Thumb Code     0  startup_stm32f10x_md.o(.text)
    DMA1_Channel2_IRQHandler                 0x08000203   Thumb Code     0  startup_stm32f10x_md.o(.text)
    DMA1_Channel3_IRQHandler                 0x08000203   Thumb Code     0  startup_stm32f10x_md.o(.text)
    DMA1_Channel4_IRQHandler                 0x08000203   Thumb Code     0  startup_stm32f10x_md.o(.text)
    DMA1_Channel5_IRQHandler                 0x08000203   Thumb Code     0  startup_stm32f10x_md.o(.text)
    DMA1_Channel6_IRQHandler                 0x08000203   Thumb Code     0  startup_stm32f10x_md.o(.text)
    DMA1_Channel7_IRQHandler                 0x08000203   Thumb Code     0  startup_stm32f10x_md.o(.text)
    EXTI15_10_IRQHandler                     0x08000203   Thumb Code     0  startup_stm32f10x_md.o(.text)
    FLASH_IRQHandler                         0x08000203   Thumb Code     0  startup_stm32f10x_md.o(.text)
    I2C1_ER_IRQHandler                       0x08000203   Thumb Code     0  startup_stm32f10x_md.o(.text)
    I2C1_EV_IRQHandler                       0x08000203   Thumb Code     0  startup_stm32f10x_md.o(.text)
    I2C2_ER_IRQHandler                       0x08000203   Thumb Code     0  startup_stm32f10x_md.o(.text)
    I2C2_EV_IRQHandler                       0x08000203   Thumb Code     0  startup_stm32f10x_md.o(.text)
    PVD_IRQHandler                           0x08000203   Thumb Code     0  startup_stm32f10x_md.o(.text)
    RCC_IRQHandler                           0x08000203   Thumb Code     0  startup_stm32f10x_md.o(.text)
    RTCAlarm_IRQHandler                      0x08000203   Thumb Code     0  startup_stm32f10x_md.o(.text)
    RTC_IRQHandler                           0x08000203   Thumb Code     0  startup_stm32f10x_md.o(.text)
    SPI1_IRQHandler                          0x08000203   Thumb Code     0  startup_stm32f10x_md.o(.text)
    SPI2_IRQHandler                          0x08000203   Thumb Code     0  startup_stm32f10x_md.o(.text)
    TAMPER_IRQHandler                        0x08000203   Thumb Code     0  startup_stm32f10x_md.o(.text)
    TIM1_BRK_IRQHandler                      0x08000203   Thumb Code     0  startup_stm32f10x_md.o(.text)
    TIM1_CC_IRQHandler                       0x08000203   Thumb Code     0  startup_stm32f10x_md.o(.text)
    TIM1_TRG_COM_IRQHandler                  0x08000203   Thumb Code     0  startup_stm32f10x_md.o(.text)
    TIM1_UP_IRQHandler                       0x08000203   Thumb Code     0  startup_stm32f10x_md.o(.text)
    USBWakeUp_IRQHandler                     0x08000203   Thumb Code     0  startup_stm32f10x_md.o(.text)
    USB_HP_CAN1_TX_IRQHandler                0x08000203   Thumb Code     0  startup_stm32f10x_md.o(.text)
    USB_LP_CAN1_RX0_IRQHandler               0x08000203   Thumb Code     0  startup_stm32f10x_md.o(.text)
    WWDG_IRQHandler                          0x08000203   Thumb Code     0  startup_stm32f10x_md.o(.text)
    __user_initial_stackheap                 0x08000205   Thumb Code     0  startup_stm32f10x_md.o(.text)
    __use_no_semihosting                     0x08000229   Thumb Code     2  use_no_semi_2.o(.text)
    __2sprintf                               0x0800022d   Thumb Code    38  __2sprintf.o(.text)
    _printf_int_dec                          0x08000259   Thumb Code   104  _printf_dec.o(.text)
    __printf                                 0x080002d1   Thumb Code   388  __printf_flags_ss_wp.o(.text)
    __aeabi_memcpy4                          0x08000459   Thumb Code     0  rt_memcpy_w.o(.text)
    __aeabi_memcpy8                          0x08000459   Thumb Code     0  rt_memcpy_w.o(.text)
    __rt_memcpy_w                            0x08000459   Thumb Code   100  rt_memcpy_w.o(.text)
    _memcpy_lastbytes_aligned                0x080004a1   Thumb Code     0  rt_memcpy_w.o(.text)
    __use_two_region_memory                  0x080004bd   Thumb Code     2  heapauxi.o(.text)
    __rt_heap_escrow$2region                 0x080004bf   Thumb Code     2  heapauxi.o(.text)
    __rt_heap_expand$2region                 0x080004c1   Thumb Code     2  heapauxi.o(.text)
    __I$use$semihosting                      0x080004c3   Thumb Code     0  use_no_semi.o(.text)
    __use_no_semihosting_swi                 0x080004c3   Thumb Code     2  use_no_semi.o(.text)
    _printf_int_common                       0x080004c5   Thumb Code   178  _printf_intcommon.o(.text)
    __lib_sel_fp_printf                      0x08000577   Thumb Code     2  _printf_fp_dec.o(.text)
    _printf_fp_dec_real                      0x08000729   Thumb Code   620  _printf_fp_dec.o(.text)
    _printf_char_common                      0x0800099f   Thumb Code    32  _printf_char_common.o(.text)
    _sputc                                   0x080009c5   Thumb Code    10  _sputc.o(.text)
    __rt_locale                              0x080009d1   Thumb Code     8  rt_locale_intlibspace.o(.text)
    _ll_udiv10                               0x080009d9   Thumb Code   138  lludiv10.o(.text)
    _printf_fp_infnan                        0x08000a65   Thumb Code   112  _printf_fp_infnan.o(.text)
    _btod_etento                             0x08000ae5   Thumb Code   224  bigflt0.o(.text)
    __user_libspace                          0x08000bc9   Thumb Code     8  libspace.o(.text)
    __user_perproc_libspace                  0x08000bc9   Thumb Code     0  libspace.o(.text)
    __user_perthread_libspace                0x08000bc9   Thumb Code     0  libspace.o(.text)
    __user_setup_stackheap                   0x08000bd1   Thumb Code    74  sys_stackheap_outer.o(.text)
    exit                                     0x08000c1b   Thumb Code    18  exit.o(.text)
    strcmp                                   0x08000c2d   Thumb Code   128  strcmpv7m.o(.text)
    _btod_d2e                                0x08000cad   Thumb Code    62  btod.o(CL$$btod_d2e)
    _d2e_denorm_low                          0x08000ceb   Thumb Code    70  btod.o(CL$$btod_d2e_denorm_low)
    _d2e_norm_op1                            0x08000d31   Thumb Code    96  btod.o(CL$$btod_d2e_norm_op1)
    __btod_div_common                        0x08000d91   Thumb Code   696  btod.o(CL$$btod_div_common)
    _e2e                                     0x080010c9   Thumb Code   220  btod.o(CL$$btod_e2e)
    _btod_ediv                               0x080011a5   Thumb Code    42  btod.o(CL$$btod_ediv)
    _btod_emul                               0x080011cf   Thumb Code    42  btod.o(CL$$btod_emul)
    __btod_mult_common                       0x080011f9   Thumb Code   580  btod.o(CL$$btod_mult_common)
    EXTI0_IRQHandler                         0x0800143d   Thumb Code    18  isr.o(i.EXTI0_IRQHandler)
    EXTI1_IRQHandler                         0x08001455   Thumb Code    18  isr.o(i.EXTI1_IRQHandler)
    EXTI2_IRQHandler                         0x0800146d   Thumb Code    52  isr.o(i.EXTI2_IRQHandler)
    EXTI3_IRQHandler                         0x080014a9   Thumb Code    18  isr.o(i.EXTI3_IRQHandler)
    EXTI4_IRQHandler                         0x080014c1   Thumb Code    52  isr.o(i.EXTI4_IRQHandler)
    EXTI9_5_IRQHandler                       0x080014fd   Thumb Code   604  isr.o(i.EXTI9_5_IRQHandler)
    HMC5883L_GetData                         0x080017bd   Thumb Code   218  ml_hmc5883l.o(i.HMC5883L_GetData)
    HMC5883L_Init                            0x080018ad   Thumb Code   148  ml_hmc5883l.o(i.HMC5883L_Init)
    I2C_Init                                 0x08001949   Thumb Code    44  ml_i2c.o(i.I2C_Init)
    I2C_NotSendAck                           0x08001975   Thumb Code    46  ml_i2c.o(i.I2C_NotSendAck)
    I2C_ReceiveByte                          0x080019a3   Thumb Code    86  ml_i2c.o(i.I2C_ReceiveByte)
    I2C_SendByte                             0x080019f9   Thumb Code    84  ml_i2c.o(i.I2C_SendByte)
    I2C_Start                                0x08001a4d   Thumb Code    56  ml_i2c.o(i.I2C_Start)
    I2C_Stop                                 0x08001a85   Thumb Code    46  ml_i2c.o(i.I2C_Stop)
    I2C_WaitAck                              0x08001ab3   Thumb Code    96  ml_i2c.o(i.I2C_WaitAck)
    IIC_Motor_Init                           0x08001b15   Thumb Code   132  motor.o(i.IIC_Motor_Init)
    Kalman_Filter                            0x08001bb1   Thumb Code   320  filter.o(i.Kalman_Filter)
    MPU6050_GetData                          0x08001cf1   Thumb Code   160  ml_mpu6050.o(i.MPU6050_GetData)
    MPU6050_Init                             0x08001da9   Thumb Code    52  ml_mpu6050.o(i.MPU6050_Init)
    MPU6050_Read                             0x08001ddd   Thumb Code    64  ml_mpu6050.o(i.MPU6050_Read)
    MPU6050_Write                            0x08001e1d   Thumb Code    46  ml_mpu6050.o(i.MPU6050_Write)
    NVIC_Group_Config                        0x08001e4d   Thumb Code    30  ml_nvic.o(i.NVIC_Group_Config)
    NVIC_init                                0x08001e75   Thumb Code    70  ml_nvic.o(i.NVIC_init)
    OLED_Clear                               0x08001ec1   Thumb Code    42  ml_oled.o(i.OLED_Clear)
    OLED_I2C_Init                            0x08001eeb   Thumb Code    44  ml_oled.o(i.OLED_I2C_Init)
    OLED_I2C_SendByte                        0x08001f17   Thumb Code    74  ml_oled.o(i.OLED_I2C_SendByte)
    OLED_I2C_Start                           0x08001f61   Thumb Code    44  ml_oled.o(i.OLED_I2C_Start)
    OLED_I2C_Stop                            0x08001f8d   Thumb Code    34  ml_oled.o(i.OLED_I2C_Stop)
    OLED_Init                                0x08001faf   Thumb Code   174  ml_oled.o(i.OLED_Init)
    OLED_Pow                                 0x0800205d   Thumb Code    20  ml_oled.o(i.OLED_Pow)
    OLED_SetCursor                           0x08002071   Thumb Code    34  ml_oled.o(i.OLED_SetCursor)
    OLED_ShowChar                            0x08002095   Thumb Code   110  ml_oled.o(i.OLED_ShowChar)
    OLED_ShowNum                             0x08002109   Thumb Code    68  ml_oled.o(i.OLED_ShowNum)
    OLED_ShowString                          0x0800214d   Thumb Code    40  ml_oled.o(i.OLED_ShowString)
    OLED_WriteCommand                        0x08002175   Thumb Code    32  ml_oled.o(i.OLED_WriteCommand)
    OLED_WriteData                           0x08002195   Thumb Code    32  ml_oled.o(i.OLED_WriteData)
    Set_Pluse_Phase                          0x080022e1   Thumb Code    22  motor.o(i.Set_Pluse_Phase)
    Set_Pluse_line                           0x08002309   Thumb Code    22  motor.o(i.Set_Pluse_line)
    Set_Wheel_dis                            0x08002331   Thumb Code    32  motor.o(i.Set_Wheel_dis)
    Set_motor_deadzone                       0x08002369   Thumb Code    22  motor.o(i.Set_motor_deadzone)
    Set_motor_type                           0x08002395   Thumb Code    22  motor.o(i.Set_motor_type)
    SystemInit                               0x080023bd   Thumb Code    78  system_stm32f10x.o(i.SystemInit)
    TIM2_IRQHandler                          0x0800241d   Thumb Code    30  isr.o(i.TIM2_IRQHandler)
    TIM3_IRQHandler                          0x0800243d   Thumb Code    30  isr.o(i.TIM3_IRQHandler)
    TIM4_IRQHandler                          0x08002461   Thumb Code    24  isr.o(i.TIM4_IRQHandler)
    USART1_IRQHandler                        0x0800247d   Thumb Code    34  isr.o(i.USART1_IRQHandler)
    USART2_IRQHandler                        0x080024a5   Thumb Code    22  isr.o(i.USART2_IRQHandler)
    USART3_IRQHandler                        0x080024c1   Thumb Code    34  isr.o(i.USART3_IRQHandler)
    __ARM_fpclassify                         0x080024e9   Thumb Code    40  fpclassify.o(i.__ARM_fpclassify)
    __kernel_poly                            0x08002511   Thumb Code   170  poly.o(i.__kernel_poly)
    __mathlib_dbl_infnan                     0x080025bb   Thumb Code     6  dunder.o(i.__mathlib_dbl_infnan)
    __mathlib_dbl_infnan2                    0x080025c1   Thumb Code     4  dunder.o(i.__mathlib_dbl_infnan2)
    __mathlib_dbl_underflow                  0x080025c5   Thumb Code    10  dunder.o(i.__mathlib_dbl_underflow)
    _is_digit                                0x080025d5   Thumb Code    14  __printf_wp.o(i._is_digit)
    _sys_exit                                0x080025e3   Thumb Code     4  ml_uart.o(i._sys_exit)
    app_key_init                             0x080025e7   Thumb Code    84  app_key.o(i.app_key_init)
    app_key_take_pressed                     0x0800263b   Thumb Code    18  app_key.o(i.app_key_take_pressed)
    app_key_update                           0x0800264d   Thumb Code    78  app_key.o(i.app_key_update)
    app_servo_config_pulse                   0x0800269b   Thumb Code    14  app_servo.o(i.app_servo_config_pulse)
    app_servo_init                           0x080026a9   Thumb Code    68  app_servo.o(i.app_servo_init)
    app_servo_set_pulse_us                   0x08002709   Thumb Code    72  app_servo.o(i.app_servo_set_pulse_us)
    atan                                     0x08002755   Thumb Code   474  atan.o(i.atan)
    atan2                                    0x08002975   Thumb Code   346  atan2.o(i.atan2)
    ball_balance_init                        0x08002af5   Thumb Code    68  ball_balance.o(i.ball_balance_init)
    ball_balance_pos_error                   0x08002b51   Thumb Code    12  ball_balance.o(i.ball_balance_pos_error)
    ball_balance_servo_center                0x08002b65   Thumb Code    26  ball_balance.o(i.ball_balance_servo_center)
    ball_balance_set_target                  0x08002b8d   Thumb Code     6  ball_balance.o(i.ball_balance_set_target)
    ball_balance_update                      0x08002b99   Thumb Code   114  ball_balance.o(i.ball_balance_update)
    camera_init                              0x08002ccd   Thumb Code    34  camera.o(i.camera_init)
    camera_uart_rx                           0x08002db9   Thumb Code   104  camera.o(i.camera_uart_rx)
    camera_update_timeout                    0x08002e2d   Thumb Code    46  camera.o(i.camera_update_timeout)
    control_speed                            0x08002f99   Thumb Code    38  motor.o(i.control_speed)
    delay_ms                                 0x08003109   Thumb Code    24  ml_delay.o(i.delay_ms)
    delay_us                                 0x08003121   Thumb Code    46  ml_delay.o(i.delay_us)
    digtal                                   0x080031c5   Thumb Code   190  gray_track.o(i.digtal)
    exti_init                                0x080032d9   Thumb Code   254  ml_exti.o(i.exti_init)
    exti_pin_init                            0x080033e5   Thumb Code   328  ml_exti.o(i.exti_pin_init)
    gpio_get                                 0x0800352d   Thumb Code    30  ml_gpio.o(i.gpio_get)
    gpio_init                                0x08003551   Thumb Code   408  ml_gpio.o(i.gpio_init)
    gpio_set                                 0x080036f5   Thumb Code    60  ml_gpio.o(i.gpio_set)
    main                                     0x08003881   Thumb Code   418  main.o(i.main)
    motorA_duty                              0x08003a3d   Thumb Code    44  motor.o(i.motorA_duty)
    motorB_duty                              0x08003a75   Thumb Code    44  motor.o(i.motorB_duty)
    motor_init                               0x08003aad   Thumb Code     8  motor.o(i.motor_init)
    motor_target_set                         0x08003af5   Thumb Code    84  pid.o(i.motor_target_set)
    pid_cal                                  0x08003df5   Thumb Code   194  pid.o(i.pid_cal)
    pid_control                              0x08003eb9   Thumb Code   138  pid.o(i.pid_control)
    pidout_limit                             0x08003f5d   Thumb Code    34  pid.o(i.pidout_limit)
    pwm_init                                 0x08003f85   Thumb Code   354  ml_pwm.o(i.pwm_init)
    pwm_pin_init                             0x080040f5   Thumb Code   172  ml_pwm.o(i.pwm_pin_init)
    pwm_update                               0x080041a1   Thumb Code   266  ml_pwm.o(i.pwm_update)
    tim_interrupt_ms_init                    0x080049fd   Thumb Code   104  ml_tim.o(i.tim_interrupt_ms_init)
    track                                    0x08004a6d   Thumb Code   614  gray_track.o(i.track)
    track_car_drive                          0x08004cd9   Thumb Code   132  main.o(i.track_car_drive)
    track_car_stop                           0x08004d65   Thumb Code    42  main.o(i.track_car_stop)
    track_control_init                       0x08004da9   Thumb Code    20  main.o(i.track_control_init)
    track_control_request_data               0x08004dbd   Thumb Code    12  main.o(i.track_control_request_data)
    track_follow_update                      0x08004df5   Thumb Code  1178  main.o(i.track_follow_update)
    track_get_info                           0x080052a1   Thumb Code   120  main.o(i.track_get_info)
    track_uart_rx                            0x08005369   Thumb Code   186  main.o(i.track_uart_rx)
    uart_baud_config                         0x08005471   Thumb Code   142  ml_uart.o(i.uart_baud_config)
    uart_init                                0x08005511   Thumb Code    92  ml_uart.o(i.uart_init)
    uart_pin_init                            0x08005575   Thumb Code    86  ml_uart.o(i.uart_pin_init)
    uart_sendbyte                            0x080055cd   Thumb Code    28  ml_uart.o(i.uart_sendbyte)
    uart_sendstr                             0x080055ed   Thumb Code    26  ml_uart.o(i.uart_sendstr)
    _get_lc_numeric                          0x080056e5   Thumb Code    44  lc_numeric_c.o(locale$$code)
    __aeabi_d2f                              0x08005711   Thumb Code     0  d2f.o(x$fpl$d2f)
    _d2f                                     0x08005711   Thumb Code    98  d2f.o(x$fpl$d2f)
    __aeabi_dadd                             0x08005775   Thumb Code     0  daddsub_clz.o(x$fpl$dadd)
    _dadd                                    0x08005775   Thumb Code   332  daddsub_clz.o(x$fpl$dadd)
    __fpl_dcheck_NaN1                        0x080058c5   Thumb Code    10  dcheck1.o(x$fpl$dcheck1)
    __aeabi_ddiv                             0x080058d5   Thumb Code     0  ddiv.o(x$fpl$ddiv)
    _ddiv                                    0x080058d5   Thumb Code   552  ddiv.o(x$fpl$ddiv)
    __aeabi_i2d                              0x08005b85   Thumb Code     0  dflt_clz.o(x$fpl$dflt)
    _dflt                                    0x08005b85   Thumb Code    46  dflt_clz.o(x$fpl$dflt)
    __aeabi_ui2d                             0x08005bb3   Thumb Code     0  dflt_clz.o(x$fpl$dfltu)
    _dfltu                                   0x08005bb3   Thumb Code    38  dflt_clz.o(x$fpl$dfltu)
    __aeabi_dmul                             0x08005bd9   Thumb Code     0  dmul.o(x$fpl$dmul)
    _dmul                                    0x08005bd9   Thumb Code   332  dmul.o(x$fpl$dmul)
    __fpl_dnaninf                            0x08005d2d   Thumb Code   156  dnaninf.o(x$fpl$dnaninf)
    __fpl_dretinf                            0x08005dc9   Thumb Code    12  dretinf.o(x$fpl$dretinf)
    __aeabi_drsub                            0x08005dd5   Thumb Code     0  daddsub_clz.o(x$fpl$drsb)
    _drsb                                    0x08005dd5   Thumb Code    22  daddsub_clz.o(x$fpl$drsb)
    __aeabi_dsub                             0x08005ded   Thumb Code     0  daddsub_clz.o(x$fpl$dsub)
    _dsub                                    0x08005ded   Thumb Code   464  daddsub_clz.o(x$fpl$dsub)
    __aeabi_f2d                              0x08005fc1   Thumb Code     0  f2d.o(x$fpl$f2d)
    _f2d                                     0x08005fc1   Thumb Code    86  f2d.o(x$fpl$f2d)
    __aeabi_fadd                             0x08006019   Thumb Code     0  faddsub_clz.o(x$fpl$fadd)
    _fadd                                    0x08006019   Thumb Code   196  faddsub_clz.o(x$fpl$fadd)
    __fpl_fcmp_Inf                           0x080060dd   Thumb Code    24  fcmpi.o(x$fpl$fcmpinf)
    __aeabi_fdiv                             0x080060f5   Thumb Code     0  fdiv.o(x$fpl$fdiv)
    _fdiv                                    0x080060f5   Thumb Code   384  fdiv.o(x$fpl$fdiv)
    __aeabi_f2iz                             0x08006279   Thumb Code     0  ffix.o(x$fpl$ffix)
    _ffix                                    0x08006279   Thumb Code    54  ffix.o(x$fpl$ffix)
    __aeabi_f2uiz                            0x080062b1   Thumb Code     0  ffixu.o(x$fpl$ffixu)
    _ffixu                                   0x080062b1   Thumb Code    62  ffixu.o(x$fpl$ffixu)
    __aeabi_i2f                              0x080062f1   Thumb Code     0  fflt_clz.o(x$fpl$fflt)
    _fflt                                    0x080062f1   Thumb Code    48  fflt_clz.o(x$fpl$fflt)
    __aeabi_ui2f                             0x08006321   Thumb Code     0  fflt_clz.o(x$fpl$ffltu)
    _ffltu                                   0x08006321   Thumb Code    38  fflt_clz.o(x$fpl$ffltu)
    __aeabi_cfcmple                          0x08006349   Thumb Code     0  fleqf.o(x$fpl$fleqf)
    _fcmple                                  0x08006349   Thumb Code   104  fleqf.o(x$fpl$fleqf)
    __fpl_fcmple_InfNaN                      0x0800639b   Thumb Code     0  fleqf.o(x$fpl$fleqf)
    __aeabi_fmul                             0x080063b1   Thumb Code     0  fmul.o(x$fpl$fmul)
    _fmul                                    0x080063b1   Thumb Code   258  fmul.o(x$fpl$fmul)
    __fpl_fnaninf                            0x080064b3   Thumb Code   140  fnaninf.o(x$fpl$fnaninf)
    __fpl_fretinf                            0x0800653f   Thumb Code    10  fretinf.o(x$fpl$fretinf)
    __aeabi_cfrcmple                         0x08006549   Thumb Code     0  frleqf.o(x$fpl$frleqf)
    _frcmple                                 0x08006549   Thumb Code    98  frleqf.o(x$fpl$frleqf)
    __aeabi_frsub                            0x080065ab   Thumb Code     0  faddsub_clz.o(x$fpl$frsb)
    _frsb                                    0x080065ab   Thumb Code    20  faddsub_clz.o(x$fpl$frsb)
    __aeabi_fsub                             0x080065c1   Thumb Code     0  faddsub_clz.o(x$fpl$fsub)
    _fsub                                    0x080065c1   Thumb Code   234  faddsub_clz.o(x$fpl$fsub)
    _printf_fp_dec                           0x080066ab   Thumb Code     4  printf1.o(x$fpl$printf1)
    __fpl_return_NaN                         0x080066af   Thumb Code   100  retnan.o(x$fpl$retnan)
    __ARM_scalbn                             0x08006713   Thumb Code    92  scalbn.o(x$fpl$scalbn)
    __fpl_cmpreturn                          0x0800676f   Thumb Code    48  trapv.o(x$fpl$trapveneer)
    __I$use$fp                               0x0800679e   Number         0  usenofp.o(x$fpl$usenofp)
    OLED_F8x16                               0x080067c0   Data        1520  ml_oled.o(.constdata)
    __mathlib_zero                           0x08006e60   Data           8  qnan.o(.constdata)
    Region$$Table$$Base                      0x08006efc   Number         0  anon$$obj.o(Region$$Table)
    Region$$Table$$Limit                     0x08006f1c   Number         0  anon$$obj.o(Region$$Table)
    motorA_dir                               0x20000068   Data           1  motor.o(.data)
    motorB_dir                               0x20000069   Data           1  motor.o(.data)
    Encoder_count1                           0x2000006c   Data           4  motor.o(.data)
    Encoder_count2                           0x20000070   Data           4  motor.o(.data)
    speed_now                                0x20000074   Data           4  motor.o(.data)
    KF_Yaw                                   0x20000088   Data          48  filter.o(.data)
    KF_Roll                                  0x200000b8   Data          48  filter.o(.data)
    KF_Pitch                                 0x200000e8   Data          48  filter.o(.data)
    ball_position_raw                        0x20000118   Data           4  ball_balance.o(.data)
    ball_position_valid                      0x2000011c   Data           1  ball_balance.o(.data)
    gpio_index                               0x20000130   Data          12  ml_gpio.o(.data)
    tim_index                                0x2000013c   Data          12  ml_tim.o(.data)
    uart_index                               0x20000148   Data          12  ml_uart.o(.data)
    __stdout                                 0x20000154   Data           4  ml_uart.o(.data)
    ax                                       0x20000158   Data           2  ml_mpu6050.o(.data)
    ay                                       0x2000015a   Data           2  ml_mpu6050.o(.data)
    az                                       0x2000015c   Data           2  ml_mpu6050.o(.data)
    gx                                       0x2000015e   Data           2  ml_mpu6050.o(.data)
    gy                                       0x20000160   Data           2  ml_mpu6050.o(.data)
    gz                                       0x20000162   Data           2  ml_mpu6050.o(.data)
    roll_gyro                                0x20000164   Data           4  ml_mpu6050.o(.data)
    pitch_gyro                               0x20000168   Data           4  ml_mpu6050.o(.data)
    yaw_gyro                                 0x2000016c   Data           4  ml_mpu6050.o(.data)
    roll_acc                                 0x20000170   Data           4  ml_mpu6050.o(.data)
    pitch_acc                                0x20000174   Data           4  ml_mpu6050.o(.data)
    yaw_acc                                  0x20000178   Data           4  ml_mpu6050.o(.data)
    roll_Kalman                              0x2000017c   Data           4  ml_mpu6050.o(.data)
    pitch_Kalman                             0x20000180   Data           4  ml_mpu6050.o(.data)
    yaw_Kalman                               0x20000184   Data           4  ml_mpu6050.o(.data)
    hmc_x                                    0x20000188   Data           2  ml_hmc5883l.o(.data)
    hmc_y                                    0x2000018a   Data           2  ml_hmc5883l.o(.data)
    hmc_z                                    0x2000018c   Data           2  ml_hmc5883l.o(.data)
    yaw_hmc                                  0x20000190   Data           4  ml_hmc5883l.o(.data)
    Encoder_Offset                           0x20000288   Data          16  motor.o(.bss)
    Encoder_Now                              0x20000298   Data          16  motor.o(.bss)
    motorA                                   0x200002dc   Data          52  pid.o(.bss)
    motorB                                   0x20000310   Data          52  pid.o(.bss)
    angle                                    0x20000344   Data          52  pid.o(.bss)
    __libspace_start                         0x200003ac   Data          96  libspace.o(.bss)
    __temporary_stack_top$libspace           0x2000040c   Data           0  libspace.o(.bss)



==============================================================================

Memory Map of the image

  Image Entry point : 0x080000ed

  Load Region LR_IROM1 (Base: 0x08000000, Size: 0x000070d0, Max: 0x00010000, ABSOLUTE, COMPRESSED[0x00006f90])

    Execution Region ER_IROM1 (Exec base: 0x08000000, Load base: 0x08000000, Size: 0x00006f38, Max: 0x00010000, ABSOLUTE)

    Exec Addr    Load Addr    Size         Type   Attr      Idx    E Section Name        Object

    0x08000000   0x08000000   0x000000ec   Data   RO         1129    RESET               startup_stm32f10x_md.o
    0x080000ec   0x080000ec   0x00000008   Code   RO         2066  * !!!main             c_w.l(__main.o)
    0x080000f4   0x080000f4   0x00000034   Code   RO         2504    !!!scatter          c_w.l(__scatter.o)
    0x08000128   0x08000128   0x0000005a   Code   RO         2502    !!dczerorl2         c_w.l(__dczerorl2.o)
    0x08000182   0x08000182   0x00000002   PAD
    0x08000184   0x08000184   0x0000001c   Code   RO         2506    !!handler_zi        c_w.l(__scatter_zi.o)
    0x080001a0   0x080001a0   0x00000000   Code   RO         2061    .ARM.Collect$$_printf_percent$$00000000  c_w.l(_printf_percent.o)
    0x080001a0   0x080001a0   0x00000006   Code   RO         2060    .ARM.Collect$$_printf_percent$$00000003  c_w.l(_printf_f.o)
    0x080001a6   0x080001a6   0x00000006   Code   RO         2059    .ARM.Collect$$_printf_percent$$00000009  c_w.l(_printf_d.o)
    0x080001ac   0x080001ac   0x00000004   Code   RO         2220    .ARM.Collect$$_printf_percent$$00000017  c_w.l(_printf_percent_end.o)
    0x080001b0   0x080001b0   0x00000002   Code   RO         2370    .ARM.Collect$$libinit$$00000000  c_w.l(libinit.o)
    0x080001b2   0x080001b2   0x00000000   Code   RO         2372    .ARM.Collect$$libinit$$00000002  c_w.l(libinit2.o)
    0x080001b2   0x080001b2   0x00000000   Code   RO         2374    .ARM.Collect$$libinit$$00000004  c_w.l(libinit2.o)
    0x080001b2   0x080001b2   0x00000000   Code   RO         2377    .ARM.Collect$$libinit$$0000000A  c_w.l(libinit2.o)
    0x080001b2   0x080001b2   0x00000000   Code   RO         2379    .ARM.Collect$$libinit$$0000000C  c_w.l(libinit2.o)
    0x080001b2   0x080001b2   0x00000000   Code   RO         2381    .ARM.Collect$$libinit$$0000000E  c_w.l(libinit2.o)
    0x080001b2   0x080001b2   0x00000006   Code   RO         2382    .ARM.Collect$$libinit$$0000000F  c_w.l(libinit2.o)
    0x080001b8   0x080001b8   0x00000000   Code   RO         2384    .ARM.Collect$$libinit$$00000011  c_w.l(libinit2.o)
    0x080001b8   0x080001b8   0x00000000   Code   RO         2386    .ARM.Collect$$libinit$$00000013  c_w.l(libinit2.o)
    0x080001b8   0x080001b8   0x00000000   Code   RO         2388    .ARM.Collect$$libinit$$00000015  c_w.l(libinit2.o)
    0x080001b8   0x080001b8   0x0000000a   Code   RO         2389    .ARM.Collect$$libinit$$00000016  c_w.l(libinit2.o)
    0x080001c2   0x080001c2   0x00000000   Code   RO         2390    .ARM.Collect$$libinit$$00000017  c_w.l(libinit2.o)
    0x080001c2   0x080001c2   0x00000000   Code   RO         2392    .ARM.Collect$$libinit$$00000019  c_w.l(libinit2.o)
    0x080001c2   0x080001c2   0x00000000   Code   RO         2394    .ARM.Collect$$libinit$$0000001B  c_w.l(libinit2.o)
    0x080001c2   0x080001c2   0x00000000   Code   RO         2396    .ARM.Collect$$libinit$$0000001D  c_w.l(libinit2.o)
    0x080001c2   0x080001c2   0x00000000   Code   RO         2398    .ARM.Collect$$libinit$$0000001F  c_w.l(libinit2.o)
    0x080001c2   0x080001c2   0x00000000   Code   RO         2400    .ARM.Collect$$libinit$$00000021  c_w.l(libinit2.o)
    0x080001c2   0x080001c2   0x00000000   Code   RO         2402    .ARM.Collect$$libinit$$00000023  c_w.l(libinit2.o)
    0x080001c2   0x080001c2   0x00000000   Code   RO         2404    .ARM.Collect$$libinit$$00000025  c_w.l(libinit2.o)
    0x080001c2   0x080001c2   0x00000000   Code   RO         2408    .ARM.Collect$$libinit$$0000002C  c_w.l(libinit2.o)
    0x080001c2   0x080001c2   0x00000000   Code   RO         2410    .ARM.Collect$$libinit$$0000002E  c_w.l(libinit2.o)
    0x080001c2   0x080001c2   0x00000000   Code   RO         2412    .ARM.Collect$$libinit$$00000030  c_w.l(libinit2.o)
    0x080001c2   0x080001c2   0x00000000   Code   RO         2414    .ARM.Collect$$libinit$$00000032  c_w.l(libinit2.o)
    0x080001c2   0x080001c2   0x00000002   Code   RO         2415    .ARM.Collect$$libinit$$00000033  c_w.l(libinit2.o)
    0x080001c4   0x080001c4   0x00000002   Code   RO         2452    .ARM.Collect$$libshutdown$$00000000  c_w.l(libshutdown.o)
    0x080001c6   0x080001c6   0x00000000   Code   RO         2461    .ARM.Collect$$libshutdown$$00000002  c_w.l(libshutdown2.o)
    0x080001c6   0x080001c6   0x00000000   Code   RO         2463    .ARM.Collect$$libshutdown$$00000004  c_w.l(libshutdown2.o)
    0x080001c6   0x080001c6   0x00000000   Code   RO         2466    .ARM.Collect$$libshutdown$$00000007  c_w.l(libshutdown2.o)
    0x080001c6   0x080001c6   0x00000000   Code   RO         2469    .ARM.Collect$$libshutdown$$0000000A  c_w.l(libshutdown2.o)
    0x080001c6   0x080001c6   0x00000000   Code   RO         2471    .ARM.Collect$$libshutdown$$0000000C  c_w.l(libshutdown2.o)
    0x080001c6   0x080001c6   0x00000000   Code   RO         2474    .ARM.Collect$$libshutdown$$0000000F  c_w.l(libshutdown2.o)
    0x080001c6   0x080001c6   0x00000002   Code   RO         2475    .ARM.Collect$$libshutdown$$00000010  c_w.l(libshutdown2.o)
    0x080001c8   0x080001c8   0x00000000   Code   RO         2156    .ARM.Collect$$rtentry$$00000000  c_w.l(__rtentry.o)
    0x080001c8   0x080001c8   0x00000000   Code   RO         2279    .ARM.Collect$$rtentry$$00000002  c_w.l(__rtentry2.o)
    0x080001c8   0x080001c8   0x00000006   Code   RO         2291    .ARM.Collect$$rtentry$$00000004  c_w.l(__rtentry4.o)
    0x080001ce   0x080001ce   0x00000000   Code   RO         2281    .ARM.Collect$$rtentry$$00000009  c_w.l(__rtentry2.o)
    0x080001ce   0x080001ce   0x00000004   Code   RO         2282    .ARM.Collect$$rtentry$$0000000A  c_w.l(__rtentry2.o)
    0x080001d2   0x080001d2   0x00000000   Code   RO         2284    .ARM.Collect$$rtentry$$0000000C  c_w.l(__rtentry2.o)
    0x080001d2   0x080001d2   0x00000008   Code   RO         2285    .ARM.Collect$$rtentry$$0000000D  c_w.l(__rtentry2.o)
    0x080001da   0x080001da   0x00000002   Code   RO         2420    .ARM.Collect$$rtexit$$00000000  c_w.l(rtexit.o)
    0x080001dc   0x080001dc   0x00000000   Code   RO         2432    .ARM.Collect$$rtexit$$00000002  c_w.l(rtexit2.o)
    0x080001dc   0x080001dc   0x00000004   Code   RO         2433    .ARM.Collect$$rtexit$$00000003  c_w.l(rtexit2.o)
    0x080001e0   0x080001e0   0x00000006   Code   RO         2434    .ARM.Collect$$rtexit$$00000004  c_w.l(rtexit2.o)
    0x080001e6   0x080001e6   0x00000002   PAD
    0x080001e8   0x080001e8   0x00000040   Code   RO         1130    .text               startup_stm32f10x_md.o
    0x08000228   0x08000228   0x00000002   Code   RO         2027    .text               c_w.l(use_no_semi_2.o)
    0x0800022a   0x0800022a   0x00000002   PAD
    0x0800022c   0x0800022c   0x0000002c   Code   RO         2031    .text               c_w.l(__2sprintf.o)
    0x08000258   0x08000258   0x00000078   Code   RO         2037    .text               c_w.l(_printf_dec.o)
    0x080002d0   0x080002d0   0x00000188   Code   RO         2056    .text               c_w.l(__printf_flags_ss_wp.o)
    0x08000458   0x08000458   0x00000064   Code   RO         2062    .text               c_w.l(rt_memcpy_w.o)
    0x080004bc   0x080004bc   0x00000006   Code   RO         2064    .text               c_w.l(heapauxi.o)
    0x080004c2   0x080004c2   0x00000002   Code   RO         2154    .text               c_w.l(use_no_semi.o)
    0x080004c4   0x080004c4   0x000000b2   Code   RO         2165    .text               c_w.l(_printf_intcommon.o)
    0x08000576   0x08000576   0x0000041e   Code   RO         2169    .text               c_w.l(_printf_fp_dec.o)
    0x08000994   0x08000994   0x00000030   Code   RO         2171    .text               c_w.l(_printf_char_common.o)
    0x080009c4   0x080009c4   0x0000000a   Code   RO         2173    .text               c_w.l(_sputc.o)
    0x080009ce   0x080009ce   0x00000002   PAD
    0x080009d0   0x080009d0   0x00000008   Code   RO         2296    .text               c_w.l(rt_locale_intlibspace.o)
    0x080009d8   0x080009d8   0x0000008a   Code   RO         2303    .text               c_w.l(lludiv10.o)
    0x08000a62   0x08000a62   0x00000002   PAD
    0x08000a64   0x08000a64   0x00000080   Code   RO         2308    .text               c_w.l(_printf_fp_infnan.o)
    0x08000ae4   0x08000ae4   0x000000e4   Code   RO         2316    .text               c_w.l(bigflt0.o)
    0x08000bc8   0x08000bc8   0x00000008   Code   RO         2354    .text               c_w.l(libspace.o)
    0x08000bd0   0x08000bd0   0x0000004a   Code   RO         2357    .text               c_w.l(sys_stackheap_outer.o)
    0x08000c1a   0x08000c1a   0x00000012   Code   RO         2361    .text               c_w.l(exit.o)
    0x08000c2c   0x08000c2c   0x00000080   Code   RO         2363    .text               c_w.l(strcmpv7m.o)
    0x08000cac   0x08000cac   0x0000003e   Code   RO         2319    CL$$btod_d2e        c_w.l(btod.o)
    0x08000cea   0x08000cea   0x00000046   Code   RO         2321    CL$$btod_d2e_denorm_low  c_w.l(btod.o)
    0x08000d30   0x08000d30   0x00000060   Code   RO         2320    CL$$btod_d2e_norm_op1  c_w.l(btod.o)
    0x08000d90   0x08000d90   0x00000338   Code   RO         2329    CL$$btod_div_common  c_w.l(btod.o)
    0x080010c8   0x080010c8   0x000000dc   Code   RO         2326    CL$$btod_e2e        c_w.l(btod.o)
    0x080011a4   0x080011a4   0x0000002a   Code   RO         2323    CL$$btod_ediv       c_w.l(btod.o)
    0x080011ce   0x080011ce   0x0000002a   Code   RO         2322    CL$$btod_emul       c_w.l(btod.o)
    0x080011f8   0x080011f8   0x00000244   Code   RO         2328    CL$$btod_mult_common  c_w.l(btod.o)
    0x0800143c   0x0800143c   0x00000018   Code   RO          432    i.EXTI0_IRQHandler  isr.o
    0x08001454   0x08001454   0x00000018   Code   RO          433    i.EXTI1_IRQHandler  isr.o
    0x0800146c   0x0800146c   0x0000003c   Code   RO          434    i.EXTI2_IRQHandler  isr.o
    0x080014a8   0x080014a8   0x00000018   Code   RO          435    i.EXTI3_IRQHandler  isr.o
    0x080014c0   0x080014c0   0x0000003c   Code   RO          436    i.EXTI4_IRQHandler  isr.o
    0x080014fc   0x080014fc   0x000002c0   Code   RO          437    i.EXTI9_5_IRQHandler  isr.o
    0x080017bc   0x080017bc   0x000000f0   Code   RO         1664    i.HMC5883L_GetData  ml_hmc5883l.o
    0x080018ac   0x080018ac   0x0000009c   Code   RO         1665    i.HMC5883L_Init     ml_hmc5883l.o
    0x08001948   0x08001948   0x0000002c   Code   RO         1482    i.I2C_Init          ml_i2c.o
    0x08001974   0x08001974   0x0000002e   Code   RO         1483    i.I2C_NotSendAck    ml_i2c.o
    0x080019a2   0x080019a2   0x00000056   Code   RO         1484    i.I2C_ReceiveByte   ml_i2c.o
    0x080019f8   0x080019f8   0x00000054   Code   RO         1486    i.I2C_SendByte      ml_i2c.o
    0x08001a4c   0x08001a4c   0x00000038   Code   RO         1487    i.I2C_Start         ml_i2c.o
    0x08001a84   0x08001a84   0x0000002e   Code   RO         1488    i.I2C_Stop          ml_i2c.o
    0x08001ab2   0x08001ab2   0x00000060   Code   RO         1489    i.I2C_WaitAck       ml_i2c.o
    0x08001b12   0x08001b12   0x00000002   PAD
    0x08001b14   0x08001b14   0x0000009c   Code   RO          766    i.IIC_Motor_Init    motor.o
    0x08001bb0   0x08001bb0   0x00000140   Code   RO          975    i.Kalman_Filter     filter.o
    0x08001cf0   0x08001cf0   0x000000b8   Code   RO         1442    i.MPU6050_GetData   ml_mpu6050.o
    0x08001da8   0x08001da8   0x00000034   Code   RO         1443    i.MPU6050_Init      ml_mpu6050.o
    0x08001ddc   0x08001ddc   0x00000040   Code   RO         1444    i.MPU6050_Read      ml_mpu6050.o
    0x08001e1c   0x08001e1c   0x0000002e   Code   RO         1445    i.MPU6050_Write     ml_mpu6050.o
    0x08001e4a   0x08001e4a   0x00000002   PAD
    0x08001e4c   0x08001e4c   0x00000028   Code   RO         1253    i.NVIC_Group_Config  ml_nvic.o
    0x08001e74   0x08001e74   0x0000004c   Code   RO         1254    i.NVIC_init         ml_nvic.o
    0x08001ec0   0x08001ec0   0x0000002a   Code   RO         1540    i.OLED_Clear        ml_oled.o
    0x08001eea   0x08001eea   0x0000002c   Code   RO         1542    i.OLED_I2C_Init     ml_oled.o
    0x08001f16   0x08001f16   0x0000004a   Code   RO         1543    i.OLED_I2C_SendByte  ml_oled.o
    0x08001f60   0x08001f60   0x0000002c   Code   RO         1544    i.OLED_I2C_Start    ml_oled.o
    0x08001f8c   0x08001f8c   0x00000022   Code   RO         1545    i.OLED_I2C_Stop     ml_oled.o
    0x08001fae   0x08001fae   0x000000ae   Code   RO         1546    i.OLED_Init         ml_oled.o
    0x0800205c   0x0800205c   0x00000014   Code   RO         1547    i.OLED_Pow          ml_oled.o
    0x08002070   0x08002070   0x00000022   Code   RO         1548    i.OLED_SetCursor    ml_oled.o
    0x08002092   0x08002092   0x00000002   PAD
    0x08002094   0x08002094   0x00000074   Code   RO         1550    i.OLED_ShowChar     ml_oled.o
    0x08002108   0x08002108   0x00000044   Code   RO         1553    i.OLED_ShowNum      ml_oled.o
    0x0800214c   0x0800214c   0x00000028   Code   RO         1555    i.OLED_ShowString   ml_oled.o
    0x08002174   0x08002174   0x00000020   Code   RO         1556    i.OLED_WriteCommand  ml_oled.o
    0x08002194   0x08002194   0x00000020   Code   RO         1557    i.OLED_WriteData    ml_oled.o
    0x080021b4   0x080021b4   0x00000044   Code   RO          930    i.PID_IR_Calc       gray_track.o
    0x080021f8   0x080021f8   0x00000008   Code   RO         1093    i.SetSysClock       system_stm32f10x.o
    0x08002200   0x08002200   0x000000e0   Code   RO         1094    i.SetSysClockTo72   system_stm32f10x.o
    0x080022e0   0x080022e0   0x00000028   Code   RO          769    i.Set_Pluse_Phase   motor.o
    0x08002308   0x08002308   0x00000028   Code   RO          770    i.Set_Pluse_line    motor.o
    0x08002330   0x08002330   0x00000038   Code   RO          771    i.Set_Wheel_dis     motor.o
    0x08002368   0x08002368   0x0000002c   Code   RO          772    i.Set_motor_deadzone  motor.o
    0x08002394   0x08002394   0x00000028   Code   RO          773    i.Set_motor_type    motor.o
    0x080023bc   0x080023bc   0x00000060   Code   RO         1096    i.SystemInit        system_stm32f10x.o
    0x0800241c   0x0800241c   0x0000001e   Code   RO          438    i.TIM2_IRQHandler   isr.o
    0x0800243a   0x0800243a   0x00000002   PAD
    0x0800243c   0x0800243c   0x00000024   Code   RO          439    i.TIM3_IRQHandler   isr.o
    0x08002460   0x08002460   0x0000001c   Code   RO          440    i.TIM4_IRQHandler   isr.o
    0x0800247c   0x0800247c   0x00000028   Code   RO          441    i.USART1_IRQHandler  isr.o
    0x080024a4   0x080024a4   0x0000001c   Code   RO          442    i.USART2_IRQHandler  isr.o
    0x080024c0   0x080024c0   0x00000028   Code   RO          443    i.USART3_IRQHandler  isr.o
    0x080024e8   0x080024e8   0x00000028   Code   RO         2265    i.__ARM_fpclassify  m_ws.l(fpclassify.o)
    0x08002510   0x08002510   0x000000aa   Code   RO         2267    i.__kernel_poly     m_ws.l(poly.o)
    0x080025ba   0x080025ba   0x00000006   Code   RO         2252    i.__mathlib_dbl_infnan  m_ws.l(dunder.o)
    0x080025c0   0x080025c0   0x00000004   Code   RO         2253    i.__mathlib_dbl_infnan2  m_ws.l(dunder.o)
    0x080025c4   0x080025c4   0x00000010   Code   RO         2257    i.__mathlib_dbl_underflow  m_ws.l(dunder.o)
    0x080025d4   0x080025d4   0x0000000e   Code   RO         2049    i._is_digit         c_w.l(__printf_wp.o)
    0x080025e2   0x080025e2   0x00000004   Code   RO         1328    i._sys_exit         ml_uart.o
    0x080025e6   0x080025e6   0x00000054   Code   RO         1857    i.app_key_init      app_key.o
    0x0800263a   0x0800263a   0x00000012   Code   RO         1859    i.app_key_take_pressed  app_key.o
    0x0800264c   0x0800264c   0x0000004e   Code   RO         1861    i.app_key_update    app_key.o
    0x0800269a   0x0800269a   0x0000000e   Code   RO         1897    i.app_servo_config_pulse  app_servo.o
    0x080026a8   0x080026a8   0x00000048   Code   RO         1898    i.app_servo_init    app_servo.o
    0x080026f0   0x080026f0   0x00000016   Code   RO         1899    i.app_servo_limit_u16  app_servo.o
    0x08002706   0x08002706   0x00000002   PAD
    0x08002708   0x08002708   0x0000004c   Code   RO         1901    i.app_servo_set_pulse_us  app_servo.o
    0x08002754   0x08002754   0x00000220   Code   RO         2127    i.atan              m_ws.l(atan.o)
    0x08002974   0x08002974   0x00000180   Code   RO         2137    i.atan2             m_ws.l(atan2.o)
    0x08002af4   0x08002af4   0x0000005c   Code   RO          999    i.ball_balance_init  ball_balance.o
    0x08002b50   0x08002b50   0x00000014   Code   RO         1000    i.ball_balance_pos_error  ball_balance.o
    0x08002b64   0x08002b64   0x00000028   Code   RO         1001    i.ball_balance_servo_center  ball_balance.o
    0x08002b8c   0x08002b8c   0x0000000c   Code   RO         1002    i.ball_balance_set_target  ball_balance.o
    0x08002b98   0x08002b98   0x0000008c   Code   RO         1003    i.ball_balance_update  ball_balance.o
    0x08002c24   0x08002c24   0x000000a8   Code   RO            1    i.calc_track_error  main.o
    0x08002ccc   0x08002ccc   0x00000034   Code   RO         1051    i.camera_init       camera.o
    0x08002d00   0x08002d00   0x000000b8   Code   RO         1053    i.camera_parse_packet  camera.o
    0x08002db8   0x08002db8   0x00000074   Code   RO         1054    i.camera_uart_rx    camera.o
    0x08002e2c   0x08002e2c   0x00000038   Code   RO         1055    i.camera_update_timeout  camera.o
    0x08002e64   0x08002e64   0x00000084   Code   RO            2    i.choose_sweep_dir  main.o
    0x08002ee8   0x08002ee8   0x00000060   Code   RO            3    i.choose_track_dir  main.o
    0x08002f48   0x08002f48   0x00000050   Code   RO            4    i.choose_wide_recovery_dir  main.o
    0x08002f98   0x08002f98   0x00000040   Code   RO          775    i.control_speed     motor.o
    0x08002fd8   0x08002fd8   0x00000016   Code   RO            5    i.count_bits        main.o
    0x08002fee   0x08002fee   0x00000002   PAD
    0x08002ff0   0x08002ff0   0x00000118   Code   RO            6    i.deal_track_package  main.o
    0x08003108   0x08003108   0x00000018   Code   RO         1229    i.delay_ms          ml_delay.o
    0x08003120   0x08003120   0x0000002e   Code   RO         1231    i.delay_us          ml_delay.o
    0x0800314e   0x0800314e   0x00000002   PAD
    0x08003150   0x08003150   0x00000074   Code   RO            7    i.detect_stop_line  main.o
    0x080031c4   0x080031c4   0x000000be   Code   RO          931    i.digtal            gray_track.o
    0x08003282   0x08003282   0x00000024   Code   RO            8    i.drive_seek_dir    main.o
    0x080032a6   0x080032a6   0x00000030   Code   RO          776    i.duty_to_speed     motor.o
    0x080032d6   0x080032d6   0x00000002   PAD
    0x080032d8   0x080032d8   0x0000010c   Code   RO         1420    i.exti_init         ml_exti.o
    0x080033e4   0x080033e4   0x00000148   Code   RO         1421    i.exti_pin_init     ml_exti.o
    0x0800352c   0x0800352c   0x00000024   Code   RO         1135    i.gpio_get          ml_gpio.o
    0x08003550   0x08003550   0x000001a4   Code   RO         1136    i.gpio_init         ml_gpio.o
    0x080036f4   0x080036f4   0x00000040   Code   RO         1137    i.gpio_set          ml_gpio.o
    0x08003734   0x08003734   0x0000002c   Code   RO            9    i.imu_init          main.o
    0x08003760   0x08003760   0x0000003c   Code   RO           10    i.keep_min_turn_for_error  main.o
    0x0800379c   0x0800379c   0x0000002c   Code   RO           11    i.keys_init         main.o
    0x080037c8   0x080037c8   0x00000016   Code   RO           12    i.limit_int         main.o
    0x080037de   0x080037de   0x00000016   Code   RO          933    i.limit_int         gray_track.o
    0x080037f4   0x080037f4   0x00000016   Code   RO         1004    i.limit_int_bb      ball_balance.o
    0x0800380a   0x0800380a   0x00000044   Code   RO         1668    i.mag_read          ml_hmc5883l.o
    0x0800384e   0x0800384e   0x00000030   Code   RO         1669    i.mag_write         ml_hmc5883l.o
    0x0800387e   0x0800387e   0x00000002   PAD
    0x08003880   0x08003880   0x000001bc   Code   RO           13    i.main              main.o
    0x08003a3c   0x08003a3c   0x00000038   Code   RO          778    i.motorA_duty       motor.o
    0x08003a74   0x08003a74   0x00000038   Code   RO          779    i.motorB_duty       motor.o
    0x08003aac   0x08003aac   0x00000008   Code   RO          780    i.motor_init        motor.o
    0x08003ab4   0x08003ab4   0x00000040   Code   RO           14    i.motor_stop_on_boot  main.o
    0x08003af4   0x08003af4   0x00000064   Code   RO          878    i.motor_target_set  pid.o
    0x08003b58   0x08003b58   0x0000000e   Code   RO          781    i.motor_uart_send_cmd  motor.o
    0x08003b66   0x08003b66   0x00000018   Code   RO           15    i.normalize_dir     main.o
    0x08003b7e   0x08003b7e   0x00000002   PAD
    0x08003b80   0x08003b80   0x00000090   Code   RO           16    i.oled_show_task_result  main.o
    0x08003c10   0x08003c10   0x0000013c   Code   RO           17    i.oled_show_task_run  main.o
    0x08003d4c   0x08003d4c   0x000000a8   Code   RO           18    i.oled_show_task_select  main.o
    0x08003df4   0x08003df4   0x000000c2   Code   RO          879    i.pid_cal           pid.o
    0x08003eb6   0x08003eb6   0x00000002   PAD
    0x08003eb8   0x08003eb8   0x000000a4   Code   RO          880    i.pid_control       pid.o
    0x08003f5c   0x08003f5c   0x00000028   Code   RO          882    i.pidout_limit      pid.o
    0x08003f84   0x08003f84   0x00000170   Code   RO         1275    i.pwm_init          ml_pwm.o
    0x080040f4   0x080040f4   0x000000ac   Code   RO         1276    i.pwm_pin_init      ml_pwm.o
    0x080041a0   0x080041a0   0x00000114   Code   RO         1277    i.pwm_update        ml_pwm.o
    0x080042b4   0x080042b4   0x00000050   Code   RO           19    i.read_track_sensors  main.o
    0x08004304   0x08004304   0x00000050   Code   RO           20    i.show_signed_num   main.o
    0x08004354   0x08004354   0x00000054   Code   RO           21    i.show_time         main.o
    0x080043a8   0x080043a8   0x00000032   Code   RO           22    i.signed_to_int     main.o
    0x080043da   0x080043da   0x00000002   PAD
    0x080043dc   0x080043dc   0x000001e0   Code   RO           23    i.system_init       main.o
    0x080045bc   0x080045bc   0x00000054   Code   RO           24    i.task_2_start      main.o
    0x08004610   0x08004610   0x00000074   Code   RO           25    i.task_2_update     main.o
    0x08004684   0x08004684   0x00000044   Code   RO           26    i.task_3_start      main.o
    0x080046c8   0x080046c8   0x000000e4   Code   RO           27    i.task_3_update     main.o
    0x080047ac   0x080047ac   0x00000050   Code   RO           28    i.task_4_start      main.o
    0x080047fc   0x080047fc   0x0000006c   Code   RO           29    i.task_4_update     main.o
    0x08004868   0x08004868   0x00000054   Code   RO           30    i.task_5_start      main.o
    0x080048bc   0x080048bc   0x00000074   Code   RO           31    i.task_5_update     main.o
    0x08004930   0x08004930   0x00000058   Code   RO           32    i.task_6_start      main.o
    0x08004988   0x08004988   0x00000074   Code   RO           33    i.task_6_update     main.o
    0x080049fc   0x080049fc   0x00000070   Code   RO         1303    i.tim_interrupt_ms_init  ml_tim.o
    0x08004a6c   0x08004a6c   0x0000026c   Code   RO          934    i.track             gray_track.o
    0x08004cd8   0x08004cd8   0x0000008c   Code   RO           35    i.track_car_drive   main.o
    0x08004d64   0x08004d64   0x00000044   Code   RO           36    i.track_car_stop    main.o
    0x08004da8   0x08004da8   0x00000014   Code   RO           38    i.track_control_init  main.o
    0x08004dbc   0x08004dbc   0x00000014   Code   RO           39    i.track_control_request_data  main.o
    0x08004dd0   0x08004dd0   0x00000024   Code   RO           40    i.track_dir_from_error  main.o
    0x08004df4   0x08004df4   0x000004ac   Code   RO           41    i.track_follow_update  main.o
    0x080052a0   0x080052a0   0x000000a4   Code   RO           42    i.track_get_info    main.o
    0x08005344   0x08005344   0x00000024   Code   RO           49    i.track_quick_stop_keep_state  main.o
    0x08005368   0x08005368   0x000000cc   Code   RO           54    i.track_uart_rx     main.o
    0x08005434   0x08005434   0x0000003c   Code   RO           55    i.track_weave_turn  main.o
    0x08005470   0x08005470   0x000000a0   Code   RO         1330    i.uart_baud_config  ml_uart.o
    0x08005510   0x08005510   0x00000064   Code   RO         1332    i.uart_init         ml_uart.o
    0x08005574   0x08005574   0x00000056   Code   RO         1333    i.uart_pin_init     ml_uart.o
    0x080055ca   0x080055ca   0x00000002   PAD
    0x080055cc   0x080055cc   0x00000020   Code   RO         1334    i.uart_sendbyte     ml_uart.o
    0x080055ec   0x080055ec   0x0000001a   Code   RO         1335    i.uart_sendstr      ml_uart.o
    0x08005606   0x08005606   0x00000002   PAD
    0x08005608   0x08005608   0x000000dc   Code   RO           56    i.update_side_trend  main.o
    0x080056e4   0x080056e4   0x0000002c   Code   RO         2344    locale$$code        c_w.l(lc_numeric_c.o)
    0x08005710   0x08005710   0x00000062   Code   RO         2068    x$fpl$d2f           fz_ws.l(d2f.o)
    0x08005772   0x08005772   0x00000002   PAD
    0x08005774   0x08005774   0x00000150   Code   RO         2070    x$fpl$dadd          fz_ws.l(daddsub_clz.o)
    0x080058c4   0x080058c4   0x00000010   Code   RO         2346    x$fpl$dcheck1       fz_ws.l(dcheck1.o)
    0x080058d4   0x080058d4   0x000002b0   Code   RO         2077    x$fpl$ddiv          fz_ws.l(ddiv.o)
    0x08005b84   0x08005b84   0x0000002e   Code   RO         2085    x$fpl$dflt          fz_ws.l(dflt_clz.o)
    0x08005bb2   0x08005bb2   0x00000026   Code   RO         2084    x$fpl$dfltu         fz_ws.l(dflt_clz.o)
    0x08005bd8   0x08005bd8   0x00000154   Code   RO         2090    x$fpl$dmul          fz_ws.l(dmul.o)
    0x08005d2c   0x08005d2c   0x0000009c   Code   RO         2230    x$fpl$dnaninf       fz_ws.l(dnaninf.o)
    0x08005dc8   0x08005dc8   0x0000000c   Code   RO         2232    x$fpl$dretinf       fz_ws.l(dretinf.o)
    0x08005dd4   0x08005dd4   0x00000016   Code   RO         2071    x$fpl$drsb          fz_ws.l(daddsub_clz.o)
    0x08005dea   0x08005dea   0x00000002   PAD
    0x08005dec   0x08005dec   0x000001d4   Code   RO         2072    x$fpl$dsub          fz_ws.l(daddsub_clz.o)
    0x08005fc0   0x08005fc0   0x00000056   Code   RO         2092    x$fpl$f2d           fz_ws.l(f2d.o)
    0x08006016   0x08006016   0x00000002   PAD
    0x08006018   0x08006018   0x000000c4   Code   RO         2094    x$fpl$fadd          fz_ws.l(faddsub_clz.o)
    0x080060dc   0x080060dc   0x00000018   Code   RO         2236    x$fpl$fcmpinf       fz_ws.l(fcmpi.o)
    0x080060f4   0x080060f4   0x00000184   Code   RO         2101    x$fpl$fdiv          fz_ws.l(fdiv.o)
    0x08006278   0x08006278   0x00000036   Code   RO         2104    x$fpl$ffix          fz_ws.l(ffix.o)
    0x080062ae   0x080062ae   0x00000002   PAD
    0x080062b0   0x080062b0   0x0000003e   Code   RO         2108    x$fpl$ffixu         fz_ws.l(ffixu.o)
    0x080062ee   0x080062ee   0x00000002   PAD
    0x080062f0   0x080062f0   0x00000030   Code   RO         2113    x$fpl$fflt          fz_ws.l(fflt_clz.o)
    0x08006320   0x08006320   0x00000026   Code   RO         2112    x$fpl$ffltu         fz_ws.l(fflt_clz.o)
    0x08006346   0x08006346   0x00000002   PAD
    0x08006348   0x08006348   0x00000068   Code   RO         2118    x$fpl$fleqf         fz_ws.l(fleqf.o)
    0x080063b0   0x080063b0   0x00000102   Code   RO         2120    x$fpl$fmul          fz_ws.l(fmul.o)
    0x080064b2   0x080064b2   0x0000008c   Code   RO         2238    x$fpl$fnaninf       fz_ws.l(fnaninf.o)
    0x0800653e   0x0800653e   0x0000000a   Code   RO         2240    x$fpl$fretinf       fz_ws.l(fretinf.o)
    0x08006548   0x08006548   0x00000062   Code   RO         2122    x$fpl$frleqf        fz_ws.l(frleqf.o)
    0x080065aa   0x080065aa   0x00000014   Code   RO         2095    x$fpl$frsb          fz_ws.l(faddsub_clz.o)
    0x080065be   0x080065be   0x00000002   PAD
    0x080065c0   0x080065c0   0x000000ea   Code   RO         2096    x$fpl$fsub          fz_ws.l(faddsub_clz.o)
    0x080066aa   0x080066aa   0x00000004   Code   RO         2124    x$fpl$printf1       fz_ws.l(printf1.o)
    0x080066ae   0x080066ae   0x00000064   Code   RO         2418    x$fpl$retnan        fz_ws.l(retnan.o)
    0x08006712   0x08006712   0x0000005c   Code   RO         2248    x$fpl$scalbn        fz_ws.l(scalbn.o)
    0x0800676e   0x0800676e   0x00000030   Code   RO         2429    x$fpl$trapveneer    fz_ws.l(trapv.o)
    0x0800679e   0x0800679e   0x00000000   Code   RO         2250    x$fpl$usenofp       fz_ws.l(usenofp.o)
    0x0800679e   0x0800679e   0x00000002   PAD
    0x080067a0   0x080067a0   0x00000020   Data   RO           58    .constdata          main.o
    0x080067c0   0x080067c0   0x000005f0   Data   RO         1558    .constdata          ml_oled.o
    0x08006db0   0x08006db0   0x00000011   Data   RO         2057    .constdata          c_w.l(__printf_flags_ss_wp.o)
    0x08006dc1   0x08006dc1   0x00000007   PAD
    0x08006dc8   0x08006dc8   0x00000098   Data   RO         2128    .constdata          m_ws.l(atan.o)
    0x08006e60   0x08006e60   0x00000008   Data   RO         2269    .constdata          m_ws.l(qnan.o)
    0x08006e68   0x08006e68   0x00000094   Data   RO         2317    .constdata          c_w.l(bigflt0.o)
    0x08006efc   0x08006efc   0x00000020   Data   RO         2500    Region$$Table       anon$$obj.o
    0x08006f1c   0x08006f1c   0x0000001c   Data   RO         2343    locale$$data        c_w.l(lc_numeric_c.o)


    Execution Region RW_IRAM1 (Exec base: 0x20000000, Load base: 0x08006f38, Size: 0x00000a10, Max: 0x00005000, ABSOLUTE, COMPRESSED[0x00000058])

    Exec Addr    Load Addr    Size         Type   Attr      Idx    E Section Name        Object

    0x20000000   COMPRESSED   0x00000066   Data   RW           59    .data               main.o
    0x20000066   COMPRESSED   0x00000002   PAD
    0x20000068   COMPRESSED   0x00000014   Data   RW          783    .data               motor.o
    0x2000007c   COMPRESSED   0x0000000c   Data   RW          935    .data               gray_track.o
    0x20000088   COMPRESSED   0x00000090   Data   RW          977    .data               filter.o
    0x20000118   COMPRESSED   0x00000012   Data   RW         1006    .data               ball_balance.o
    0x2000012a   COMPRESSED   0x00000004   Data   RW         1057    .data               camera.o
    0x2000012e   COMPRESSED   0x00000002   PAD
    0x20000130   COMPRESSED   0x0000000c   Data   RW         1138    .data               ml_gpio.o
    0x2000013c   COMPRESSED   0x0000000c   Data   RW         1304    .data               ml_tim.o
    0x20000148   COMPRESSED   0x00000010   Data   RW         1336    .data               ml_uart.o
    0x20000158   COMPRESSED   0x00000030   Data   RW         1446    .data               ml_mpu6050.o
    0x20000188   COMPRESSED   0x0000000e   Data   RW         1670    .data               ml_hmc5883l.o
    0x20000196   COMPRESSED   0x00000002   PAD
    0x20000198        -       0x000000f0   Zero   RW           57    .bss                main.o
    0x20000288        -       0x00000052   Zero   RW          782    .bss                motor.o
    0x200002da   COMPRESSED   0x00000002   PAD
    0x200002dc        -       0x0000009c   Zero   RW          883    .bss                pid.o
    0x20000378        -       0x00000014   Zero   RW         1005    .bss                ball_balance.o
    0x2000038c        -       0x00000020   Zero   RW         1056    .bss                camera.o
    0x200003ac        -       0x00000060   Zero   RW         2355    .bss                c_w.l(libspace.o)
    0x2000040c   COMPRESSED   0x00000004   PAD
    0x20000410        -       0x00000200   Zero   RW         1128    HEAP                startup_stm32f10x_md.o
    0x20000610        -       0x00000400   Zero   RW         1127    STACK               startup_stm32f10x_md.o


==============================================================================

Image component sizes


      Code (inc. data)   RO Data    RW Data    ZI Data      Debug   Object Name

       180          0          0          0          0       2187   app_key.o
       184          8          0          0          0       2715   app_servo.o
       326         78          0         18         20       3189   ball_balance.o
       408         62          0          4         32       2599   camera.o
       320          0          0        144          0       1658   filter.o
       900         26          0         12          0       3013   gray_track.o
      1098        162          0          0          0       4858   isr.o
      6286       1106         32        102        240     234067   main.o
        70          0          0          0          0        874   ml_delay.o
       596         38          0          0          0       1360   ml_exti.o
       520         22          0         12          0       4531   ml_gpio.o
       512         30          0         14          0       2599   ml_hmc5883l.o
       458          0          0          0          0       3250   ml_i2c.o
       346         24          0         48          0       2629   ml_mpu6050.o
       116         16          0          0          0       1020   ml_nvic.o
       754          6       1520          0          0       7089   ml_oled.o
       816         36          0          0          0       1851   ml_pwm.o
       112          8          0         12          0       1436   ml_tim.o
       408         30          0         16          0       4939   ml_uart.o
       622        174          0         20         82       6590   motor.o
       498         48          0          0        156       2940   pid.o
        64         26        236          0       1536        784   startup_stm32f10x_md.o
       328         28          0          0          0       1797   system_stm32f10x.o

    ----------------------------------------------------------------------
     15950       1928       1820        408       2068     297975   Object Totals
         0          0         32          0          0          0   (incl. Generated)
        28          0          0          6          2          0   (incl. Padding)

    ----------------------------------------------------------------------

      Code (inc. data)   RO Data    RW Data    ZI Data      Debug   Library Member Name

        44          6          0          0          0         84   __2sprintf.o
        90          0          0          0          0          0   __dczerorl2.o
         8          0          0          0          0         68   __main.o
       392          4         17          0          0         92   __printf_flags_ss_wp.o
        14          0          0          0          0         68   __printf_wp.o
         0          0          0          0          0          0   __rtentry.o
        12          0          0          0          0          0   __rtentry2.o
         6          0          0          0          0          0   __rtentry4.o
        52          8          0          0          0          0   __scatter.o
        28          0          0          0          0          0   __scatter_zi.o
        48          6          0          0          0         96   _printf_char_common.o
         6          0          0          0          0          0   _printf_d.o
       120         16          0          0          0         92   _printf_dec.o
         6          0          0          0          0          0   _printf_f.o
      1054          0          0          0          0        216   _printf_fp_dec.o
       128         16          0          0          0         84   _printf_fp_infnan.o
       178          0          0          0          0         88   _printf_intcommon.o
         0          0          0          0          0          0   _printf_percent.o
         4          0          0          0          0          0   _printf_percent_end.o
        10          0          0          0          0         68   _sputc.o
       228          4        148          0          0         96   bigflt0.o
      1936        128          0          0          0        672   btod.o
        18          0          0          0          0         80   exit.o
         6          0          0          0          0        152   heapauxi.o
        44         10         28          0          0         76   lc_numeric_c.o
         2          0          0          0          0          0   libinit.o
        18          0          0          0          0          0   libinit2.o
         2          0          0          0          0          0   libshutdown.o
         2          0          0          0          0          0   libshutdown2.o
         8          4          0          0         96         68   libspace.o
       138          0          0          0          0         80   lludiv10.o
         8          4          0          0          0         68   rt_locale_intlibspace.o
       100          0          0          0          0         80   rt_memcpy_w.o
         2          0          0          0          0          0   rtexit.o
        10          0          0          0          0          0   rtexit2.o
       128          0          0          0          0         68   strcmpv7m.o
        74          0          0          0          0         80   sys_stackheap_outer.o
         2          0          0          0          0         68   use_no_semi.o
         2          0          0          0          0         68   use_no_semi_2.o
        98          4          0          0          0         92   d2f.o
       826         16          0          0          0        348   daddsub_clz.o
        16          4          0          0          0         68   dcheck1.o
       688        140          0          0          0        208   ddiv.o
        84          0          0          0          0        136   dflt_clz.o
       340         12          0          0          0        104   dmul.o
       156          4          0          0          0         92   dnaninf.o
        12          0          0          0          0         68   dretinf.o
        86          4          0          0          0         84   f2d.o
       450          8          0          0          0        236   faddsub_clz.o
        24          0          0          0          0         68   fcmpi.o
       388         76          0          0          0         96   fdiv.o
        54          4          0          0          0         84   ffix.o
        62          4          0          0          0         84   ffixu.o
        86          0          0          0          0        136   fflt_clz.o
       104          4          0          0          0         84   fleqf.o
       258          4          0          0          0         84   fmul.o
       140          4          0          0          0         84   fnaninf.o
        10          0          0          0          0         68   fretinf.o
        98          0          0          0          0         68   frleqf.o
         4          0          0          0          0         68   printf1.o
       100          0          0          0          0         68   retnan.o
        92          0          0          0          0         68   scalbn.o
        48          0          0          0          0         68   trapv.o
         0          0          0          0          0          0   usenofp.o
       544         70        152          0          0        124   atan.o
       384         38          0          0          0        144   atan2.o
        26          6          0          0          0        204   dunder.o
        40          0          0          0          0         68   fpclassify.o
       170          0          0          0          0         96   poly.o
         0          0          8          0          0          0   qnan.o

    ----------------------------------------------------------------------
     10342        608        360          0        100       5812   Library Totals
        26          0          7          0          4          0   (incl. Padding)

    ----------------------------------------------------------------------

      Code (inc. data)   RO Data    RW Data    ZI Data      Debug   Library Name

      4928        206        193          0         96       2612   c_w.l
      4224        288          0          0          0       2564   fz_ws.l
      1164        114        160          0          0        636   m_ws.l

    ----------------------------------------------------------------------
     10342        608        360          0        100       5812   Library Totals

    ----------------------------------------------------------------------

==============================================================================


      Code (inc. data)   RO Data    RW Data    ZI Data      Debug   

     26292       2536       2180        408       2168     293175   Grand Totals
     26292       2536       2180         88       2168     293175   ELF Image Totals (compressed)
     26292       2536       2180         88          0          0   ROM Totals

==============================================================================

    Total RO  Size (Code + RO Data)                28472 (  27.80kB)
    Total RW  Size (RW Data + ZI Data)              2576 (   2.52kB)
    Total ROM Size (Code + RO Data + RW Data)      28560 (  27.89kB)

==============================================================================

