<html>
<body>
<pre>
<h1>µVision Build Log</h1>
<h2>Tool Versions:</h2>
IDE-Version: ¶ÃVision V5.43.1.0
Copyright (C) 2025 ARM Ltd and ARM Germany GmbH. All rights reserved.
License Information: a Lenovo, a, LIC=ATTQ1-CUFYB-KPLZY-IFEM1-WEZBX-YQHUJ
 
Tool Versions:
Toolchain:       MDK-ARM Plus  Version: 5.43.0.0
Toolchain Path:  E:\Keil5MDK\ARM\ARMCC\Bin
C Compiler:      Armcc.exe V5.06 update 5 (build 528)
Assembler:       Armasm.exe V5.06 update 5 (build 528)
Linker/Locator:  ArmLink.exe V5.06 update 5 (build 528)
Library Manager: ArmAr.exe V5.06 update 5 (build 528)
Hex Converter:   FromElf.exe V5.06 update 5 (build 528)
CPU DLL:         SARMCM3.DLL V5.43.0.0
Dialog DLL:      DCM.DLL V1.17.5.0
Target DLL:      STLink\ST-LINKIII-KEIL_SWO.dll V3.3.1.0
Dialog DLL:      TCM.DLL V1.56.6.0
 
<h2>Project:</h2>
E:\µÁ»¸HÃ‚\user\Project.uvprojx
Project File Date:  07/31/2026

<h2>Output:</h2>
*** Using Compiler 'V5.06 update 5 (build 528)', folder: 'E:\Keil5MDK\ARM\ARMCC\Bin'
Rebuild target 'Target 1'
compiling motor_test.c...
..\code\motor.h(56): warning:  #1-D: last line of file ends without a newline
  #endif
..\code\gray_track.h(19): warning:  #1-D: last line of file ends without a newline
  #endif
motor_test.c: 2 warnings, 0 errors
compiling app_module_test.c...
..\code\motor.h(56): warning:  #1-D: last line of file ends without a newline
  #endif
..\code\gray_track.h(19): warning:  #1-D: last line of file ends without a newline
  #endif
app_module_test.c: 2 warnings, 0 errors
compiling isr.c...
..\code\motor.h(56): warning:  #1-D: last line of file ends without a newline
  #endif
..\code\gray_track.h(19): warning:  #1-D: last line of file ends without a newline
  #endif
isr.c: 2 warnings, 0 errors
compiling oled_test.c...
..\code\motor.h(56): warning:  #1-D: last line of file ends without a newline
  #endif
..\code\gray_track.h(19): warning:  #1-D: last line of file ends without a newline
  #endif
oled_test.c: 2 warnings, 0 errors
compiling pid.c...
..\code\motor.h(56): warning:  #1-D: last line of file ends without a newline
  #endif
..\code\gray_track.h(19): warning:  #1-D: last line of file ends without a newline
  #endif
..\code\pid.c(106): warning:  #1-D: last line of file ends without a newline
  }
..\code\pid.c: 3 warnings, 0 errors
compiling motor.c...
..\code\motor.h(56): warning:  #1-D: last line of file ends without a newline
  #endif
..\code\gray_track.h(19): warning:  #1-D: last line of file ends without a newline
  #endif
..\code\motor.h(56): warning:  #1-D: last line of file ends without a newline
  #endif
..\code\motor.c: 3 warnings, 0 errors
compiling servo_test.c...
..\code\motor.h(56): warning:  #1-D: last line of file ends without a newline
  #endif
..\code\gray_track.h(19): warning:  #1-D: last line of file ends without a newline
  #endif
servo_test.c: 2 warnings, 0 errors
compiling app_motor.c...
..\code\motor.h(56): warning:  #1-D: last line of file ends without a newline
  #endif
..\code\gray_track.h(19): warning:  #1-D: last line of file ends without a newline
  #endif
app_motor.c: 2 warnings, 0 errors
compiling main.c...
..\code\motor.h(56): warning:  #1-D: last line of file ends without a newline
  #endif
..\code\gray_track.h(19): warning:  #1-D: last line of file ends without a newline
  #endif
main.c: 2 warnings, 0 errors
compiling filter.c...
compiling spi_soft_test.c...
..\code\motor.h(56): warning:  #1-D: last line of file ends without a newline
  #endif
..\code\gray_track.h(19): warning:  #1-D: last line of file ends without a newline
  #endif
spi_soft_test.c: 2 warnings, 0 errors
compiling key_test.c...
..\code\motor.h(56): warning:  #1-D: last line of file ends without a newline
  #endif
..\code\gray_track.h(19): warning:  #1-D: last line of file ends without a newline
  #endif
key_test.c: 2 warnings, 0 errors
compiling encoder_test.c...
..\code\motor.h(56): warning:  #1-D: last line of file ends without a newline
  #endif
..\code\gray_track.h(19): warning:  #1-D: last line of file ends without a newline
  #endif
encoder_test.c: 2 warnings, 0 errors
compiling uart_test.c...
..\code\motor.h(56): warning:  #1-D: last line of file ends without a newline
  #endif
..\code\gray_track.h(19): warning:  #1-D: last line of file ends without a newline
  #endif
uart_test.c: 2 warnings, 0 errors
compiling adc_filter_test.c...
..\code\motor.h(56): warning:  #1-D: last line of file ends without a newline
  #endif
..\code\gray_track.h(19): warning:  #1-D: last line of file ends without a newline
  #endif
adc_filter_test.c: 2 warnings, 0 errors
compiling hcsr04_test.c...
..\code\motor.h(56): warning:  #1-D: last line of file ends without a newline
  #endif
..\code\gray_track.h(19): warning:  #1-D: last line of file ends without a newline
  #endif
hcsr04_test.c: 2 warnings, 0 errors
compiling track_control.c...
..\code\motor.h(56): warning:  #1-D: last line of file ends without a newline
  #endif
..\code\gray_track.h(19): warning:  #1-D: last line of file ends without a newline
  #endif
track_control.c: 2 warnings, 0 errors
compiling ball_balance.c...
..\code\motor.h(56): warning:  #1-D: last line of file ends without a newline
  #endif
..\code\gray_track.h(19): warning:  #1-D: last line of file ends without a newline
  #endif
..\code\ball_balance.c: 2 warnings, 0 errors
compiling gray_track.c...
..\code\motor.h(56): warning:  #1-D: last line of file ends without a newline
  #endif
..\code\gray_track.h(19): warning:  #1-D: last line of file ends without a newline
  #endif
..\code\gray_track.c(161): warning:  #1-D: last line of file ends without a newline
  }
..\code\gray_track.c: 3 warnings, 0 errors
compiling camera.c...
..\code\motor.h(56): warning:  #1-D: last line of file ends without a newline
  #endif
..\code\gray_track.h(19): warning:  #1-D: last line of file ends without a newline
  #endif
..\code\camera.c: 2 warnings, 0 errors
assembling startup_stm32f10x_md.s...
compiling scs_servo.c...
..\code\motor.h(56): warning:  #1-D: last line of file ends without a newline
  #endif
..\code\gray_track.h(19): warning:  #1-D: last line of file ends without a newline
  #endif
..\code\scs_servo.c(7): warning:  #550-D: variable "g_id"  was set but never used
  static uint8_t g_id = 1;
..\code\scs_servo.c: 3 warnings, 0 errors
compiling system_stm32f10x.c...
compiling ml_gpio.c...
..\code\motor.h(56): warning:  #1-D: last line of file ends without a newline
  #endif
..\code\gray_track.h(19): warning:  #1-D: last line of file ends without a newline
  #endif
..\ML_LIBS\ml_gpio.c: 2 warnings, 0 errors
compiling ml_delay.c...
compiling ml_nvic.c...
..\code\motor.h(56): warning:  #1-D: last line of file ends without a newline
  #endif
..\code\gray_track.h(19): warning:  #1-D: last line of file ends without a newline
  #endif
..\ML_LIBS\ml_nvic.c: 2 warnings, 0 errors
compiling ml_pwm.c...
..\code\motor.h(56): warning:  #1-D: last line of file ends without a newline
  #endif
..\code\gray_track.h(19): warning:  #1-D: last line of file ends without a newline
  #endif
..\ML_LIBS\ml_pwm.c: 2 warnings, 0 errors
compiling ml_tim.c...
..\code\motor.h(56): warning:  #1-D: last line of file ends without a newline
  #endif
..\code\gray_track.h(19): warning:  #1-D: last line of file ends without a newline
  #endif
..\ML_LIBS\ml_tim.c: 2 warnings, 0 errors
compiling ml_uart.c...
..\code\motor.h(56): warning:  #1-D: last line of file ends without a newline
  #endif
..\code\gray_track.h(19): warning:  #1-D: last line of file ends without a newline
  #endif
..\ML_LIBS\ml_uart.c: 2 warnings, 0 errors
compiling ml_adc.c...
..\code\motor.h(56): warning:  #1-D: last line of file ends without a newline
  #endif
..\code\gray_track.h(19): warning:  #1-D: last line of file ends without a newline
  #endif
..\ML_LIBS\ml_adc.c: 2 warnings, 0 errors
compiling ml_exti.c...
..\code\motor.h(56): warning:  #1-D: last line of file ends without a newline
  #endif
..\code\gray_track.h(19): warning:  #1-D: last line of file ends without a newline
  #endif
..\ML_LIBS\ml_exti.c: 2 warnings, 0 errors
compiling ml_mpu6050.c...
..\code\motor.h(56): warning:  #1-D: last line of file ends without a newline
  #endif
..\code\gray_track.h(19): warning:  #1-D: last line of file ends without a newline
  #endif
..\ml_libs\ml_mpu6050.c: 2 warnings, 0 errors
compiling ml_i2c.c...
..\code\motor.h(56): warning:  #1-D: last line of file ends without a newline
  #endif
..\code\gray_track.h(19): warning:  #1-D: last line of file ends without a newline
  #endif
..\ml_libs\ml_i2c.c(118): warning:  #1-D: last line of file ends without a newline
  }
..\ml_libs\ml_i2c.c: 3 warnings, 0 errors
compiling ml_oled.c...
..\code\motor.h(56): warning:  #1-D: last line of file ends without a newline
  #endif
..\code\gray_track.h(19): warning:  #1-D: last line of file ends without a newline
  #endif
..\ml_libs\ml_oled.c: 2 warnings, 0 errors
compiling ml_hmc5883l.c...
..\code\motor.h(56): warning:  #1-D: last line of file ends without a newline
  #endif
..\code\gray_track.h(19): warning:  #1-D: last line of file ends without a newline
  #endif
..\ml_libs\ml_hmc5883l.c: 2 warnings, 0 errors
compiling app_adc_filter.c...
..\code\motor.h(56): warning:  #1-D: last line of file ends without a newline
  #endif
..\code\gray_track.h(19): warning:  #1-D: last line of file ends without a newline
  #endif
..\ml_libs\app_adc_filter.c: 2 warnings, 0 errors
compiling app_encoder.c...
..\code\motor.h(56): warning:  #1-D: last line of file ends without a newline
  #endif
..\code\gray_track.h(19): warning:  #1-D: last line of file ends without a newline
  #endif
..\ml_libs\app_encoder.c: 2 warnings, 0 errors
compiling app_hcsr04.c...
..\code\motor.h(56): warning:  #1-D: last line of file ends without a newline
  #endif
..\code\gray_track.h(19): warning:  #1-D: last line of file ends without a newline
  #endif
..\ml_libs\app_hcsr04.c: 2 warnings, 0 errors
compiling app_key.c...
..\code\motor.h(56): warning:  #1-D: last line of file ends without a newline
  #endif
..\code\gray_track.h(19): warning:  #1-D: last line of file ends without a newline
  #endif
..\ml_libs\app_key.c: 2 warnings, 0 errors
compiling app_servo.c...
..\code\motor.h(56): warning:  #1-D: last line of file ends without a newline
  #endif
..\code\gray_track.h(19): warning:  #1-D: last line of file ends without a newline
  #endif
..\ml_libs\app_servo.c: 2 warnings, 0 errors
compiling app_spi_soft.c...
..\code\motor.h(56): warning:  #1-D: last line of file ends without a newline
  #endif
..\code\gray_track.h(19): warning:  #1-D: last line of file ends without a newline
  #endif
..\ml_libs\app_spi_soft.c: 2 warnings, 0 errors
compiling app_uart_frame.c...
..\code\motor.h(56): warning:  #1-D: last line of file ends without a newline
  #endif
..\code\gray_track.h(19): warning:  #1-D: last line of file ends without a newline
  #endif
..\ml_libs\app_uart_frame.c: 2 warnings, 0 errors
linking...
Program Size: Code=18274 RO-data=2142 RW-data=336 ZI-data=2088  
FromELF: creating hex file...
".\Objects\Project.axf" - 0 Error(s), 81 Warning(s).

<h2>Software Packages used:</h2>

Package Vendor: Keil
                http://www.keil.com/pack/Keil.STM32F1xx_DFP.2.2.0.pack
                Keil::STM32F1xx_DFP@2.2.0
                STMicroelectronics STM32F1 Series Device Support, Drivers and Examples

<h2>Collection of Component include folders:</h2>
  E:/Keil5MDK/ARM/PACK/Keil/STM32F1xx_DFP/2.2.0/Device/Include

<h2>Collection of Component Files used:</h2>
Build Time Elapsed:  00:00:05
</pre>
</body>
</html>
